04-27 16:36:33.637 I/flutter (22562): _AlbumPreviewImageState imageDispose groupIndex=0,imageIndex=80
04-27 16:36:33.638 I/flutter (22562): CPV@IW@204285235 dispose remove _PhotoViewImageWrapperState#d2533
04-27 16:36:33.639 E/AlbumDataProvider(22562): loadAsset@ end assetIndex=82,ou path=/storage/emulated/0/DCIM/1688SaveImage/1586316956245.jpg,jStr={"height":600,"isVideo":false,"path":"/storage/emulated/0/DCIM/1688SaveImage/1586316956245.jpg","textureID":300,"videoDuration":0,"width":800}
04-27 16:36:33.646 I/flutter (22562): CPV@CVPController545183718 onScaleUpdate
04-27 16:36:33.646 I/flutter (22562): CPV@CVPController 1movePageViewSelf detail=ScaleUpdateDetails(focalPoint: Offset(122.3, 387.0), localFocalPoint: Offset(122.3, 387.0), scale: 1.0, horizontalScale: 1.0, verticalScale: 1.0, rotation: 0.0)
04-27 16:36:33.649 I/flutter (22562): CPV@CVPController545183718 onScaleUpdate
04-27 16:36:33.649 I/flutter (22562): CPV@CVPController 1movePageViewSelf detail=ScaleUpdateDetails(focalPoint: Offset(99.7, 383.0), localFocalPoint: Offset(99.7, 383.0), scale: 1.0, horizontalScale: 1.0, verticalScale: 1.0, rotation: 0.0)
04-27 16:36:33.651 I/flutter (22562): _AlbumPreviewImageState516126282 initState groupIndex=0,imageIndex=82, textureID =300
04-27 16:36:33.653 I/flutter (22562): CPV@CVPController545183718 onScaleUpdate
04-27 16:36:33.654 I/flutter (22562): CPV@CVPController 1movePageViewSelf detail=ScaleUpdateDetails(focalPoint: Offset(74.7, 380.0), localFocalPoint: Offset(74.7, 380.0), scale: 1.0, horizontalScale: 1.0, verticalScale: 1.0, rotation: 0.0)
04-27 16:36:33.656 I/flutter (22562): CPV@CVPController545183718 onScaleUpdate
04-27 16:36:33.656 I/flutter (22562): CPV@CVPController 1movePageViewSelf detail=ScaleUpdateDetails(focalPoint: Offset(49.7, 378.0), localFocalPoint: Offset(49.7, 378.0), scale: 1.0, horizontalScale: 1.0, verticalScale: 1.0, rotation: 0.0)
04-27 16:36:33.658 I/flutter (22562): _AlbumPreviewImageState516126282 _getImageWidget
04-27 16:36:33.674 I/ThermalEngine(  885): handle_thresh_sig: SS Id SS-CLUSTER1-SP1, Read xo_therm 43000mC
04-27 16:36:33.674 I/flutter (22562): CPV@CVPController545183718 onScaleUpdate
04-27 16:36:33.674 I/flutter (22562): CPV@CVPController 1movePageViewSelf detail=ScaleUpdateDetails(focalPoint: Offset(29.0, 376.7), localFocalPoint: Offset(29.0, 376.7), scale: 1.0, horizontalScale: 1.0, verticalScale: 1.0, rotation: 0.0)
04-27 16:36:33.677 I/flutter (22562): CPV@CVPController545183718 onScaleUpdate
04-27 16:36:33.677 I/flutter (22562): CPV@CVPController 1movePageViewSelf detail=ScaleUpdateDetails(focalPoint: Offset(26.0, 376.3), localFocalPoint: Offset(26.0, 376.3), scale: 1.0, horizontalScale: 1.0, verticalScale: 1.0, rotation: 0.0)
04-27 16:36:33.679 E/AlbumDataProvider(22562): loadBitmap decode use time=48
04-27 16:36:33.679 E/AlbumDataProvider(22562): loadBitmap rotate use time=0
04-27 16:36:33.679 E/AlbumGLManager(22562): loadAsset@ begin bitmap==>texture assetIndex=83,path/storage/emulated/0/DCIM/1688SaveImage/1586316960171.jpg,w=745
04-27 16:36:33.682 E/AlbumDataProviderCache@(22562): already cached key=0_81
04-27 16:36:33.682 I/flutter (22562): CPV@CVPController545183718 onScaleUpdate
04-27 16:36:33.683 I/flutter (22562): CPV@CVPController 1movePageViewSelf detail=ScaleUpdateDetails(focalPoint: Offset(12.7, 376.7), localFocalPoint: Offset(12.7, 376.7), scale: 1.0, horizontalScale: 1.0, verticalScale: 1.0, rotation: 0.0)
04-27 16:36:33.685 E/IFAlbumPlugin(22562): 2 setTextureId texId=356,FlutterTexIndex=301,name=flutterIndex
04-27 16:36:33.685 E/IFAlbumPlugin(22562): setTextureId use time=1
04-27 16:36:33.686 E/AlbumDataProviderCache@(22562): pre cache success key=0_83,cacheBean=w=745,h=857,flutterIndex=301,texId=-1
04-27 16:36:33.687 E/AlbumGLManager(22562): loadAsset@ end bitmap==>texture assetIndex=83
04-27 16:36:33.687 I/flutter (22562): CPV@CVPController545183718 onScaleEnd details=ScaleEndDetails(velocity: Velocity(-2314.7, -25.8)),direction=-3.13044656025319,distance=2314.844432102503
04-27 16:36:33.727 I/flutter (22562): MyAlbumWidget getPreviewWidget
04-27 16:36:33.728 I/flutter (22562): IFAlbumGridCellState807943437 didUpdateWidget old 0, 56, start grp_index: 0 img_index: 56 texIndex:270
04-27 16:36:33.728 I/flutter (22562): IFAlbumGridCellState258813894 didUpdateWidget old 0, 57, start grp_index: 0 img_index: 57 texIndex:265
04-27 16:36:33.728 I/flutter (22562): IFAlbumGridCellState706956416 didUpdateWidget old 0, 58, start grp_index: 0 img_index: 58 texIndex:264
04-27 16:36:33.729 I/flutter (22562): IFAlbumGridCellState129044203 didUpdateWidget old 0, 59, start grp_index: 0 img_index: 59 texIndex:263
04-27 16:36:33.729 I/flutter (22562): IFAlbumGridCellState66141685 didUpdateWidget old 0, 60, start grp_index: 0 img_index: 60 texIndex:266
04-27 16:36:33.729 I/flutter (22562): IFAlbumGridCellState500555244 didUpdateWidget old 0, 61, start grp_index: 0 img_index: 61 texIndex:269
04-27 16:36:33.729 I/flutter (22562): IFAlbumGridCellState576735829 didUpdateWidget old 0, 62, start grp_index: 0 img_index: 62 texIndex:268
04-27 16:36:33.730 I/flutter (22562): IFAlbumGridCellState129844810 didUpdateWidget old 0, 63, start grp_index: 0 img_index: 63 texIndex:267
04-27 16:36:33.730 I/flutter (22562): IFAlbumGridCellState381474680 didUpdateWidget old 0, 64, start grp_index: 0 img_index: 64 texIndex:278
04-27 16:36:33.730 I/flutter (22562): IFAlbumGridCellState836106059 didUpdateWidget old 0, 65, start grp_index: 0 img_index: 65 texIndex:277
04-27 16:36:33.732 I/flutter (22562): IFAlbumGridCellState249741105 didUpdateWidget old 0, 66, start grp_index: 0 img_index: 66 texIndex:276
04-27 16:36:33.732 I/flutter (22562): IFAlbumGridCellState573856811 didUpdateWidget old 0, 67, start grp_index: 0 img_index: 67 texIndex:271
04-27 16:36:33.732 I/flutter (22562): IFAlbumGridCellState895958522 didUpdateWidget old 0, 68, start grp_index: 0 img_index: 68 texIndex:275
04-27 16:36:33.733 I/flutter (22562): IFAlbumGridCellState484859221 didUpdateWidget old 0, 69, start grp_index: 0 img_index: 69 texIndex:274
04-27 16:36:33.734 I/flutter (22562): IFAlbumGridCellState520707574 didUpdateWidget old 0, 70, start grp_index: 0 img_index: 70 texIndex:273
04-27 16:36:33.734 I/flutter (22562): IFAlbumGridCellState465294095 didUpdateWidget old 0, 71, start grp_index: 0 img_index: 71 texIndex:272
04-27 16:36:33.735 I/flutter (22562): IFAlbumGridCellState731958414 didUpdateWidget old 0, 72, start grp_index: 0 img_index: 72 texIndex:279
04-27 16:36:33.735 I/flutter (22562): IFAlbumGridCellState254570349 didUpdateWidget old 0, 73, start grp_index: 0 img_index: 73 texIndex:282
04-27 16:36:33.736 I/flutter (22562): IFAlbumGridCellState304085220 didUpdateWidget old 0, 74, start grp_index: 0 img_index: 74 texIndex:281
04-27 16:36:33.736 I/flutter (22562): IFAlbumGridCellState898588582 didUpdateWidget old 0, 75, start grp_index: 0 img_index: 75 texIndex:280
04-27 16:36:33.736 I/flutter (22562): IFAlbumGridCellState849255616 didUpdateWidget old 0, 76, start grp_index: 0 img_index: 76 texIndex:283
04-27 16:36:33.737 I/flutter (22562): IFAlbumGridCellState183816476 didUpdateWidget old 0, 77, start grp_index: 0 img_index: 77 texIndex:286
04-27 16:36:33.737 I/flutter (22562): IFAlbumGridCellState537918499 didUpdateWidget old 0, 78, start grp_index: 0 img_index: 78 texIndex:285
04-27 16:36:33.738 I/flutter (22562): IFAlbumGridCellState174286345 didUpdateWidget old 0, 79, start grp_index: 0 img_index: 79 texIndex:284
04-27 16:36:33.742 I/flutter (22562): IFAlbumGridCellState876987995 didUpdateWidget old 0, 80, start grp_index: 0 img_index: 80 texIndex:287
04-27 16:36:33.744 I/flutter (22562): IFAlbumGridCellState637102981 didUpdateWidget old 0, 81, start grp_index: 0 img_index: 81 texIndex:290
04-27 16:36:33.745 I/flutter (22562): IFAlbumGridCellState36736187 didUpdateWidget old 0, 82, start grp_index: 0 img_index: 82 texIndex:289
04-27 16:36:33.745 I/flutter (22562): IFAlbumGridCellState382126870 didUpdateWidget old 0, 83, start grp_index: 0 img_index: 83 texIndex:288
04-27 16:36:33.745 I/flutter (22562): IFAlbumGridCellState918145670 didUpdateWidget old 0, 84, start grp_index: 0 img_index: 84 texIndex:291
04-27 16:36:33.745 I/flutter (22562): IFAlbumGridCellState570642937 didUpdateWidget old 0, 85, start grp_index: 0 img_index: 85 texIndex:296
04-27 16:36:33.746 I/flutter (22562): IFAlbumGridCellState814210475 didUpdateWidget old 0, 86, start grp_index: 0 img_index: 86 texIndex:295
04-27 16:36:33.746 I/flutter (22562): IFAlbumGridCellState189191182 didUpdateWidget old 0, 87, start grp_index: 0 img_index: 87 texIndex:294
04-27 16:36:33.746 I/flutter (22562): IFAlbumGridCellState479468567 didUpdateWidget old 0, 88, start grp_index: 0 img_index: 88 texIndex:293
04-27 16:36:33.746 I/flutter (22562): IFAlbumGridCellState708978898 didUpdateWidget old 0, 89, start grp_index: 0 img_index: 89 texIndex:292
04-27 16:36:33.747 I/flutter (22562): IFAlbumGridCellState getDurationString duration=5.309 intDur=5,doubleRound1=5 durationStr=0:5
04-27 16:36:33.747 I/flutter (22562): _AlbumPreviewWidgetState385926556 didUpdateWidget
04-27 16:36:33.747 I/flutter (22562): _AlbumPreviewWidgetState385926556 AlbumPreviewWidget build true
04-27 16:36:33.747 I/flutter (22562): CPV@CVPState384657107 didUpdateWidget
04-27 16:36:33.747 I/flutter (22562): CPV@CVPState384657107 _CustomViewPagerState build
04-27 16:36:33.747 I/flutter (22562): CPV@_PhotoViewState photo_view build
04-27 16:36:33.747 I/flutter (22562): CPV@IW@847178638 didUpdateWidget,old=581086511
04-27 16:36:33.748 I/flutter (22562): CPV@IW@847178638 IW build value=position=Offset(0.0, 0.0),scale=null,rotation=0.0,rotationFocusPoint=null,scaleState=PhotoViewScaleState.initial
04-27 16:36:33.748 I/flutter (22562): _AlbumPreviewImageState91634853 _getImageWidget
04-27 16:36:33.748 I/flutter (22562): CPV@_PhotoViewState photo_view build
04-27 16:36:33.748 I/flutter (22562): CPV@IW@720734762 didUpdateWidget,old=540736266
04-27 16:36:33.748 I/flutter (22562): CPV@IW@720734762 IW build value=position=Offset(0.0, 0.0),scale=null,rotation=0.0,rotationFocusPoint=null,scaleState=PhotoViewScaleState.initial
04-27 16:36:33.748 I/flutter (22562): _AlbumPreviewImageState516126282 _getImageWidget
04-27 16:36:33.889 E/IFAlbumPlugin(22562): onMethodCall dispose
04-27 16:36:33.889 E/IFAlbumPlugin(22562): onMethodCall     dispose args={asset_index=80, texture_id=297, group_index=0, image_type=1}
04-27 16:36:34.052 I/flutter (22562): CPV@CVPController905461267 onScaleStart childCallbacks.length=2,_startPosition=Offset(186.3, 398.3) lastPixels=17992.204621475023
04-27 16:36:34.053 I/flutter (22562): CPV@CVPController905461267 onScaleUpdate
04-27 16:36:34.053 I/flutter (22562): CPV@CVPController 1movePageViewSelf detail=ScaleUpdateDetails(focalPoint: Offset(171.7, 392.7), localFocalPoint: Offset(171.7, 392.7), scale: 1.0, horizontalScale: 1.0, verticalScale: 1.0, rotation: 0.0)
04-27 16:36:34.062 I/flutter (22562): PhotoViewController value=position=Offset(0.0, 0.0),scale=null,rotation=0.0,rotationFocusPoint=null,scaleState=PhotoViewScaleState.initial
04-27 16:36:34.062 I/flutter (22562): CPV@_PhotoViewState photo_view build
04-27 16:36:34.062 I/flutter (22562): CPV@IW@192701176 initState add _PhotoViewImageWrapperState#c62f8
04-27 16:36:34.062 I/flutter (22562): CPV@IW@192701176 IW build value=position=Offset(0.0, 0.0),scale=null,rotation=0.0,rotationFocusPoint=null,scaleState=PhotoViewScaleState.initial
04-27 16:36:34.063 I/flutter (22562): _AlbumPreviewImageState991937033 initState groupIndex=0,imageIndex=83
04-27 16:36:34.063 I/flutter (22562): IFAlbumModel loadImage groupIndex=0,imageIndex=83
04-27 16:36:34.063 E/IFAlbumPlugin(22562): onMethodCall load_asset
04-27 16:36:34.064 E/IFAlbumPlugin(22562): request assetIndex=83,groupIndex=0
04-27 16:36:34.064 E/AlbumDataProvider(22562): loadAsset@ start assetIndex=83
04-27 16:36:34.064 E/AlbumDataProvider(22562): in path=/storage/emulated/0/DCIM/1688SaveImage/1586316960171.jpg
04-27 16:36:34.064 E/AlbumDataProviderCache@(22562): hit cache 0_83
04-27 16:36:34.064 E/AlbumDataProvider(22562): loadAsset@ onLoadAssetSuccess start 
04-27 16:36:34.065 E/AlbumDataProvider(22562): loadAsset@ end assetIndex=83,ou path=/storage/emulated/0/DCIM/1688SaveImage/1586316960171.jpg,jStr={"height":857,"isVideo":false,"path":"/storage/emulated/0/DCIM/1688SaveImage/1586316960171.jpg","textureID":301,"videoDuration":0,"width":745}
04-27 16:36:34.066 I/flutter (22562): _AlbumPreviewImageState991937033 build
04-27 16:36:34.078 I/flutter (22562): _AlbumPreviewImageState imageDispose groupIndex=0,imageIndex=81
04-27 16:36:34.078 I/flutter (22562): CPV@IW@847178638 dispose remove _PhotoViewImageWrapperState#eeb8e
04-27 16:36:34.081 I/flutter (22562): CPV@CVPController905461267 onScaleUpdate
04-27 16:36:34.081 I/flutter (22562): CPV@CVPController 1movePageViewSelf detail=ScaleUpdateDetails(focalPoint: Offset(155.3, 388.0), localFocalPoint: Offset(155.3, 388.0), scale: 1.0, horizontalScale: 1.0, verticalScale: 1.0, rotation: 0.0)
04-27 16:36:34.082 I/flutter (22562): _AlbumPreviewImageState991937033 initState groupIndex=0,imageIndex=83, textureID =301
04-27 16:36:34.082 I/flutter (22562): CPV@CVPController905461267 onScaleUpdate
04-27 16:36:34.082 I/flutter (22562): CPV@CVPController 1movePageViewSelf detail=ScaleUpdateDetails(focalPoint: Offset(137.0, 384.0), localFocalPoint: Offset(137.0, 384.0), scale: 1.0, horizontalScale: 1.0, verticalScale: 1.0, rotation: 0.0)
04-27 16:36:34.083 I/flutter (22562): CPV@CVPController905461267 onScaleUpdate
04-27 16:36:34.083 I/flutter (22562): CPV@CVPController 1movePageViewSelf detail=ScaleUpdateDetails(focalPoint: Offset(118.0, 381.7), localFocalPoint: Offset(118.0, 381.7), scale: 1.0, horizontalScale: 1.0, verticalScale: 1.0, rotation: 0.0)
04-27 16:36:34.102 I/flutter (22562): CPV@CVPController905461267 onScaleUpdate
04-27 16:36:34.102 I/flutter (22562): CPV@CVPController 1movePageViewSelf detail=ScaleUpdateDetails(focalPoint: Offset(99.7, 380.0), localFocalPoint: Offset(99.7, 380.0), scale: 1.0, horizontalScale: 1.0, verticalScale: 1.0, rotation: 0.0)
04-27 16:36:34.103 I/flutter (22562): _AlbumPreviewImageState991937033 _getImageWidget
04-27 16:36:34.105 I/flutter (22562): CPV@CVPController905461267 onScaleUpdate
04-27 16:36:34.105 I/flutter (22562): CPV@CVPController 1movePageViewSelf detail=ScaleUpdateDetails(focalPoint: Offset(80.7, 379.3), localFocalPoint: Offset(80.7, 379.3), scale: 1.0, horizontalScale: 1.0, verticalScale: 1.0, rotation: 0.0)
04-27 16:36:34.113 E/AlbumDataProvider(22562): loadBitmap decode use time=48
04-27 16:36:34.113 E/AlbumDataProvider(22562): loadBitmap rotate use time=0
04-27 16:36:34.113 E/AlbumGLManager(22562): loadAsset@ begin bitmap==>texture assetIndex=84,path/storage/emulated/0/DCIM/1688SaveImage/1586317021998.jpg,w=800
04-27 16:36:34.115 I/flutter (22562): CPV@CVPController905461267 onScaleUpdate
04-27 16:36:34.115 I/flutter (22562): CPV@CVPController 1movePageViewSelf detail=ScaleUpdateDetails(focalPoint: Offset(60.0, 379.0), localFocalPoint: Offset(60.0, 379.0), scale: 1.0, horizontalScale: 1.0, verticalScale: 1.0, rotation: 0.0)
04-27 16:36:34.115 E/IFAlbumPlugin(22562): 2 setTextureId texId=357,FlutterTexIndex=302,name=flutterIndex
04-27 16:36:34.115 I/flutter (22562): CPV@CVPController905461267 onScaleUpdate
04-27 16:36:34.116 I/flutter (22562): CPV@CVPController 1movePageViewSelf detail=ScaleUpdateDetails(focalPoint: Offset(41.3, 379.3), localFocalPoint: Offset(41.3, 379.3), scale: 1.0, horizontalScale: 1.0, verticalScale: 1.0, rotation: 0.0)
04-27 16:36:34.116 E/IFAlbumPlugin(22562): setTextureId use time=0
04-27 16:36:34.116 E/AlbumDataProviderCache@(22562): pre cache success key=0_84,cacheBean=w=800,h=413,flutterIndex=302,texId=-1
04-27 16:36:34.117 E/AlbumGLManager(22562): loadAsset@ end bitmap==>texture assetIndex=84
04-27 16:36:34.117 E/AlbumGLManager(22562): deleteFlutterTextureIndex run index=299,textureId=354
04-27 16:36:34.117 E/AlbumGLManager(22562): glDeleteTextures textures=354
04-27 16:36:34.117 E/AlbumDataProviderCache@(22562): already cached key=0_82
04-27 16:36:34.119 I/flutter (22562): CPV@CVPController905461267 onScaleUpdate
04-27 16:36:34.119 I/flutter (22562): CPV@CVPController 1movePageViewSelf detail=ScaleUpdateDetails(focalPoint: Offset(25.3, 380.0), localFocalPoint: Offset(25.3, 380.0), scale: 1.0, horizontalScale: 1.0, verticalScale: 1.0, rotation: 0.0)
04-27 16:36:34.133 I/flutter (22562): CPV@CVPController905461267 onScaleUpdate
04-27 16:36:34.134 I/flutter (22562): CPV@CVPController 1movePageViewSelf detail=ScaleUpdateDetails(focalPoint: Offset(15.7, 381.0), localFocalPoint: Offset(15.7, 381.0), scale: 1.0, horizontalScale: 1.0, verticalScale: 1.0, rotation: 0.0)
04-27 16:36:34.140 I/flutter (22562): CPV@CVPController905461267 onScaleEnd details=ScaleEndDetails(velocity: Velocity(-2212.7, 271.3)),direction=3.0195914857949835,distance=2229.2609896130266
04-27 16:36:34.146 I/taobao.idlefis(22562): Explicit concurrent copying GC freed 9802(692KB) AllocSpace objects, 5(100KB) LOS objects, 50% free, 13MB/27MB, paused 420us total 367.745ms
04-27 16:36:34.180 I/ThermalEngine(  885): handle_thresh_sig: SS Id SS-CLUSTER1-SP1, Read xo_therm 43000mC
04-27 16:36:34.252 D/FTLogger(22562): FULLTRACE:->send nobody type: 0x16
04-27 16:36:34.252 V/Fulltrace-native(22562): appendNoBody appendNoBody
04-27 16:36:34.259 I/flutter (22562): MyAlbumWidget getPreviewWidget
04-27 16:36:34.260 I/flutter (22562): IFAlbumGridCellState807943437 didUpdateWidget old 0, 56, start grp_index: 0 img_index: 56 texIndex:270
04-27 16:36:34.260 I/flutter (22562): IFAlbumGridCellState258813894 didUpdateWidget old 0, 57, start grp_index: 0 img_index: 57 texIndex:265
04-27 16:36:34.261 I/flutter (22562): IFAlbumGridCellState706956416 didUpdateWidget old 0, 58, start grp_index: 0 img_index: 58 texIndex:264
04-27 16:36:34.261 I/flutter (22562): IFAlbumGridCellState129044203 didUpdateWidget old 0, 59, start grp_index: 0 img_index: 59 texIndex:263
04-27 16:36:34.261 I/flutter (22562): IFAlbumGridCellState66141685 didUpdateWidget old 0, 60, start grp_index: 0 img_index: 60 texIndex:266
04-27 16:36:34.261 I/flutter (22562): IFAlbumGridCellState500555244 didUpdateWidget old 0, 61, start grp_index: 0 img_index: 61 texIndex:269
04-27 16:36:34.261 I/flutter (22562): IFAlbumGridCellState576735829 didUpdateWidget old 0, 62, start grp_index: 0 img_index: 62 texIndex:268
04-27 16:36:34.261 I/flutter (22562): IFAlbumGridCellState129844810 didUpdateWidget old 0, 63, start grp_index: 0 img_index: 63 texIndex:267
04-27 16:36:34.262 I/flutter (22562): IFAlbumGridCellState381474680 didUpdateWidget old 0, 64, start grp_index: 0 img_index: 64 texIndex:278
04-27 16:36:34.262 I/flutter (22562): IFAlbumGridCellState836106059 didUpdateWidget old 0, 65, start grp_index: 0 img_index: 65 texIndex:277
04-27 16:36:34.262 I/flutter (22562): IFAlbumGridCellState249741105 didUpdateWidget old 0, 66, start grp_index: 0 img_index: 66 texIndex:276
04-27 16:36:34.262 I/flutter (22562): IFAlbumGridCellState573856811 didUpdateWidget old 0, 67, start grp_index: 0 img_index: 67 texIndex:271
04-27 16:36:34.262 I/flutter (22562): IFAlbumGridCellState895958522 didUpdateWidget old 0, 68, start grp_index: 0 img_index: 68 texIndex:275
04-27 16:36:34.262 I/flutter (22562): IFAlbumGridCellState484859221 didUpdateWidget old 0, 69, start grp_index: 0 img_index: 69 texIndex:274
04-27 16:36:34.262 I/flutter (22562): IFAlbumGridCellState520707574 didUpdateWidget old 0, 70, start grp_index: 0 img_index: 70 texIndex:273
04-27 16:36:34.263 I/flutter (22562): IFAlbumGridCellState465294095 didUpdateWidget old 0, 71, start grp_index: 0 img_index: 71 texIndex:272
04-27 16:36:34.263 I/flutter (22562): IFAlbumGridCellState731958414 didUpdateWidget old 0, 72, start grp_index: 0 img_index: 72 texIndex:279
04-27 16:36:34.263 I/flutter (22562): IFAlbumGridCellState254570349 didUpdateWidget old 0, 73, start grp_index: 0 img_index: 73 texIndex:282
04-27 16:36:34.263 I/flutter (22562): IFAlbumGridCellState304085220 didUpdateWidget old 0, 74, start grp_index: 0 img_index: 74 texIndex:281
04-27 16:36:34.263 I/flutter (22562): IFAlbumGridCellState898588582 didUpdateWidget old 0, 75, start grp_index: 0 img_index: 75 texIndex:280
04-27 16:36:34.263 I/flutter (22562): IFAlbumGridCellState849255616 didUpdateWidget old 0, 76, start grp_index: 0 img_index: 76 texIndex:283
04-27 16:36:34.263 I/flutter (22562): IFAlbumGridCellState183816476 didUpdateWidget old 0, 77, start grp_index: 0 img_index: 77 texIndex:286
04-27 16:36:34.263 I/flutter (22562): IFAlbumGridCellState537918499 didUpdateWidget old 0, 78, start grp_index: 0 img_index: 78 texIndex:285
04-27 16:36:34.264 I/flutter (22562): IFAlbumGridCellState174286345 didUpdateWidget old 0, 79, start grp_index: 0 img_index: 79 texIndex:284
04-27 16:36:34.264 I/flutter (22562): IFAlbumGridCellState876987995 didUpdateWidget old 0, 80, start grp_index: 0 img_index: 80 texIndex:287
04-27 16:36:34.264 I/flutter (22562): IFAlbumGridCellState637102981 didUpdateWidget old 0, 81, start grp_index: 0 img_index: 81 texIndex:290
04-27 16:36:34.264 I/flutter (22562): IFAlbumGridCellState36736187 didUpdateWidget old 0, 82, start grp_index: 0 img_index: 82 texIndex:289
04-27 16:36:34.264 I/flutter (22562): IFAlbumGridCellState382126870 didUpdateWidget old 0, 83, start grp_index: 0 img_index: 83 texIndex:288
04-27 16:36:34.264 I/flutter (22562): IFAlbumGridCellState918145670 didUpdateWidget old 0, 84, start grp_index: 0 img_index: 84 texIndex:291
04-27 16:36:34.264 I/flutter (22562): IFAlbumGridCellState570642937 didUpdateWidget old 0, 85, start grp_index: 0 img_index: 85 texIndex:296
04-27 16:36:34.265 I/flutter (22562): IFAlbumGridCellState814210475 didUpdateWidget old 0, 86, start grp_index: 0 img_index: 86 texIndex:295
04-27 16:36:34.265 I/flutter (22562): IFAlbumGridCellState189191182 didUpdateWidget old 0, 87, start grp_index: 0 img_index: 87 texIndex:294
04-27 16:36:34.265 I/flutter (22562): IFAlbumGridCellState479468567 didUpdateWidget old 0, 88, start grp_index: 0 img_index: 88 texIndex:293
04-27 16:36:34.265 I/flutter (22562): IFAlbumGridCellState708978898 didUpdateWidget old 0, 89, start grp_index: 0 img_index: 89 texIndex:292
04-27 16:36:34.265 I/flutter (22562): IFAlbumGridCellState getDurationString duration=5.309 intDur=5,doubleRound1=5 durationStr=0:5
04-27 16:36:34.265 I/flutter (22562): _AlbumPreviewWidgetState385926556 didUpdateWidget
04-27 16:36:34.266 I/flutter (22562): _AlbumPreviewWidgetState385926556 AlbumPreviewWidget build true
04-27 16:36:34.266 I/flutter (22562): CPV@CVPState384657107 didUpdateWidget
04-27 16:36:34.266 I/flutter (22562): CPV@CVPState384657107 _CustomViewPagerState build
04-27 16:36:34.266 I/flutter (22562): CPV@_PhotoViewState photo_view build
04-27 16:36:34.266 I/flutter (22562): CPV@IW@720734762 didUpdateWidget,old=583358955
04-27 16:36:34.266 I/flutter (22562): CPV@IW@720734762 IW build value=position=Offset(0.0, 0.0),scale=null,rotation=0.0,rotationFocusPoint=null,scaleState=PhotoViewScaleState.initial
04-27 16:36:34.266 I/flutter (22562): _AlbumPreviewImageState516126282 _getImageWidget
04-27 16:36:34.266 I/flutter (22562): CPV@_PhotoViewState photo_view build
04-27 16:36:34.266 I/flutter (22562): CPV@IW@192701176 didUpdateWidget,old=294459843
04-27 16:36:34.266 I/flutter (22562): CPV@IW@192701176 IW build value=position=Offset(0.0, 0.0),scale=null,rotation=0.0,rotationFocusPoint=null,scaleState=PhotoViewScaleState.initial
04-27 16:36:34.266 I/flutter (22562): _AlbumPreviewImageState991937033 _getImageWidget
04-27 16:36:34.330 E/IFAlbumPlugin(22562): onMethodCall dispose
04-27 16:36:34.330 E/IFAlbumPlugin(22562): onMethodCall     dispose args={asset_index=81, texture_id=298, group_index=0, image_type=1}
04-27 16:36:34.686 I/ThermalEngine(  885): handle_thresh_sig: SS Id SS-CLUSTER1-SP1, Read xo_therm 43000mC
04-27 16:36:34.718 I/flutter (22562): CPV@CVPController484863913 onScaleStart childCallbacks.length=2,_startPosition=Offset(194.3, 411.7) lastPixels=18359.064527806513
04-27 16:36:34.722 I/flutter (22562): CPV@CVPController484863913 onScaleUpdate
04-27 16:36:34.722 I/flutter (22562): CPV@CVPController 1movePageViewSelf detail=ScaleUpdateDetails(focalPoint: Offset(177.3, 405.7), localFocalPoint: Offset(177.3, 405.7), scale: 1.0, horizontalScale: 1.0, verticalScale: 1.0, rotation: 0.0)
04-27 16:36:34.729 I/flutter (22562): PhotoViewController value=position=Offset(0.0, 0.0),scale=null,rotation=0.0,rotationFocusPoint=null,scaleState=PhotoViewScaleState.initial
04-27 16:36:34.729 I/flutter (22562): CPV@_PhotoViewState photo_view build
04-27 16:36:34.729 I/flutter (22562): CPV@IW@90758492 initState add _PhotoViewImageWrapperState#8dd5c
04-27 16:36:34.729 I/flutter (22562): CPV@IW@90758492 IW build value=position=Offset(0.0, 0.0),scale=null,rotation=0.0,rotationFocusPoint=null,scaleState=PhotoViewScaleState.initial
04-27 16:36:34.729 I/flutter (22562): _AlbumPreviewImageState729521919 initState groupIndex=0,imageIndex=84
04-27 16:36:34.730 I/flutter (22562): IFAlbumModel loadImage groupIndex=0,imageIndex=84
04-27 16:36:34.731 I/flutter (22562): _AlbumPreviewImageState729521919 build
04-27 16:36:34.731 E/IFAlbumPlugin(22562): onMethodCall load_asset
04-27 16:36:34.731 E/IFAlbumPlugin(22562): request assetIndex=84,groupIndex=0
04-27 16:36:34.731 E/AlbumDataProvider(22562): loadAsset@ start assetIndex=84
04-27 16:36:34.731 E/AlbumDataProvider(22562): in path=/storage/emulated/0/DCIM/1688SaveImage/1586317021998.jpg
04-27 16:36:34.732 E/AlbumDataProviderCache@(22562): hit cache 0_84
04-27 16:36:34.732 E/AlbumDataProvider(22562): loadAsset@ onLoadAssetSuccess start 
04-27 16:36:34.733 E/AlbumDataProvider(22562): loadAsset@ end assetIndex=84,ou path=/storage/emulated/0/DCIM/1688SaveImage/1586317021998.jpg,jStr={"height":413,"isVideo":false,"path":"/storage/emulated/0/DCIM/1688SaveImage/1586317021998.jpg","textureID":302,"videoDuration":0,"width":800}
04-27 16:36:34.734 I/flutter (22562): _AlbumPreviewImageState imageDispose groupIndex=0,imageIndex=82
04-27 16:36:34.734 I/flutter (22562): CPV@IW@720734762 dispose remove _PhotoViewImageWrapperState#58a2a
04-27 16:36:34.739 I/flutter (22562): CPV@CVPController484863913 onScaleUpdate
04-27 16:36:34.739 I/flutter (22562): CPV@CVPController 1movePageViewSelf detail=ScaleUpdateDetails(focalPoint: Offset(156.3, 399.7), localFocalPoint: Offset(156.3, 399.7), scale: 1.0, horizontalScale: 1.0, verticalScale: 1.0, rotation: 0.0)
04-27 16:36:34.745 I/flutter (22562): _AlbumPreviewImageState729521919 initState groupIndex=0,imageIndex=84, textureID =302
04-27 16:36:34.747 I/flutter (22562): CPV@CVPController484863913 onScaleUpdate
04-27 16:36:34.747 I/flutter (22562): CPV@CVPController 1movePageViewSelf detail=ScaleUpdateDetails(focalPoint: Offset(133.3, 394.3), localFocalPoint: Offset(133.3, 394.3), scale: 1.0, horizontalScale: 1.0, verticalScale: 1.0, rotation: 0.0)
04-27 16:36:34.748 I/flutter (22562): _AlbumPreviewImageState729521919 _getImageWidget
04-27 16:36:34.762 I/flutter (22562): CPV@CVPController484863913 onScaleUpdate
04-27 16:36:34.762 I/flutter (22562): CPV@CVPController 1movePageViewSelf detail=ScaleUpdateDetails(focalPoint: Offset(109.3, 390.0), localFocalPoint: Offset(109.3, 390.0), scale: 1.0, horizontalScale: 1.0, verticalScale: 1.0, rotation: 0.0)
04-27 16:36:34.765 I/flutter (22562): CPV@CVPController484863913 onScaleUpdate
04-27 16:36:34.765 I/flutter (22562): CPV@CVPController 1movePageViewSelf detail=ScaleUpdateDetails(focalPoint: Offset(83.0, 387.0), localFocalPoint: Offset(83.0, 387.0), scale: 1.0, horizontalScale: 1.0, verticalScale: 1.0, rotation: 0.0)
04-27 16:36:34.766 I/flutter (22562): CPV@CVPController484863913 onScaleUpdate
04-27 16:36:34.766 I/flutter (22562): CPV@CVPController 1movePageViewSelf detail=ScaleUpdateDetails(focalPoint: Offset(57.7, 385.7), localFocalPoint: Offset(57.7, 385.7), scale: 1.0, horizontalScale: 1.0, verticalScale: 1.0, rotation: 0.0)
04-27 16:36:34.773 I/flutter (22562): CPV@CVPController484863913 onScaleUpdate
04-27 16:36:34.774 I/flutter (22562): CPV@CVPController 1movePageViewSelf detail=ScaleUpdateDetails(focalPoint: Offset(35.0, 386.3), localFocalPoint: Offset(35.0, 386.3), scale: 1.0, horizontalScale: 1.0, verticalScale: 1.0, rotation: 0.0)
04-27 16:36:34.781 I/flutter (22562): CPV@CVPController484863913 onScaleUpdate
04-27 16:36:34.781 I/flutter (22562): CPV@CVPController 1movePageViewSelf detail=ScaleUpdateDetails(focalPoint: Offset(32.0, 386.3), localFocalPoint: Offset(32.0, 386.3), scale: 1.0, horizontalScale: 1.0, verticalScale: 1.0, rotation: 0.0)
04-27 16:36:34.789 I/flutter (22562): CPV@CVPController484863913 onScaleEnd details=ScaleEndDetails(velocity: Velocity(-2741.2, 77.7)),direction=3.113245788924058,distance=2742.346389589228
04-27 16:36:34.812 I/flutter (22562): MyAlbumWidget getPreviewWidget
04-27 16:36:34.813 I/flutter (22562): IFAlbumGridCellState807943437 didUpdateWidget old 0, 56, start grp_index: 0 img_index: 56 texIndex:270
04-27 16:36:34.814 I/flutter (22562): IFAlbumGridCellState258813894 didUpdateWidget old 0, 57, start grp_index: 0 img_index: 57 texIndex:265
04-27 16:36:34.814 I/flutter (22562): IFAlbumGridCellState706956416 didUpdateWidget old 0, 58, start grp_index: 0 img_index: 58 texIndex:264
04-27 16:36:34.814 E/AlbumDataProvider(22562): loadBitmap decode use time=82
04-27 16:36:34.814 E/AlbumDataProvider(22562): loadBitmap rotate use time=0
04-27 16:36:34.814 I/flutter (22562): IFAlbumGridCellState129044203 didUpdateWidget old 0, 59, start grp_index: 0 img_index: 59 texIndex:263
04-27 16:36:34.815 E/AlbumGLManager(22562): loadAsset@ begin bitmap==>texture assetIndex=85,path/storage/emulated/0/DCIM/1688SaveImage/1586317024992.jpg,w=790
04-27 16:36:34.815 E/AlbumDataProviderCache@(22562): already cached key=0_83
04-27 16:36:34.817 I/flutter (22562): IFAlbumGridCellState66141685 didUpdateWidget old 0, 60, start grp_index: 0 img_index: 60 texIndex:266
04-27 16:36:34.818 I/flutter (22562): IFAlbumGridCellState500555244 didUpdateWidget old 0, 61, start grp_index: 0 img_index: 61 texIndex:269
04-27 16:36:34.818 I/flutter (22562): IFAlbumGridCellState576735829 didUpdateWidget old 0, 62, start grp_index: 0 img_index: 62 texIndex:268
04-27 16:36:34.818 I/flutter (22562): IFAlbumGridCellState129844810 didUpdateWidget old 0, 63, start grp_index: 0 img_index: 63 texIndex:267
04-27 16:36:34.818 I/flutter (22562): IFAlbumGridCellState381474680 didUpdateWidget old 0, 64, start grp_index: 0 img_index: 64 texIndex:278
04-27 16:36:34.818 I/flutter (22562): IFAlbumGridCellState836106059 didUpdateWidget old 0, 65, start grp_index: 0 img_index: 65 texIndex:277
04-27 16:36:34.818 I/flutter (22562): IFAlbumGridCellState249741105 didUpdateWidget old 0, 66, start grp_index: 0 img_index: 66 texIndex:276
04-27 16:36:34.819 I/flutter (22562): IFAlbumGridCellState573856811 didUpdateWidget old 0, 67, start grp_index: 0 img_index: 67 texIndex:271
04-27 16:36:34.819 I/flutter (22562): IFAlbumGridCellState895958522 didUpdateWidget old 0, 68, start grp_index: 0 img_index: 68 texIndex:275
04-27 16:36:34.819 I/flutter (22562): IFAlbumGridCellState484859221 didUpdateWidget old 0, 69, start grp_index: 0 img_index: 69 texIndex:274
04-27 16:36:34.819 I/flutter (22562): IFAlbumGridCellState520707574 didUpdateWidget old 0, 70, start grp_index: 0 img_index: 70 texIndex:273
04-27 16:36:34.819 I/flutter (22562): IFAlbumGridCellState465294095 didUpdateWidget old 0, 71, start grp_index: 0 img_index: 71 texIndex:272
04-27 16:36:34.819 I/flutter (22562): IFAlbumGridCellState731958414 didUpdateWidget old 0, 72, start grp_index: 0 img_index: 72 texIndex:279
04-27 16:36:34.819 I/flutter (22562): IFAlbumGridCellState254570349 didUpdateWidget old 0, 73, start grp_index: 0 img_index: 73 texIndex:282
04-27 16:36:34.820 I/flutter (22562): IFAlbumGridCellState304085220 didUpdateWidget old 0, 74, start grp_index: 0 img_index: 74 texIndex:281
04-27 16:36:34.820 I/flutter (22562): IFAlbumGridCellState898588582 didUpdateWidget old 0, 75, start grp_index: 0 img_index: 75 texIndex:280
04-27 16:36:34.820 I/flutter (22562): IFAlbumGridCellState849255616 didUpdateWidget old 0, 76, start grp_index: 0 img_index: 76 texIndex:283
04-27 16:36:34.820 I/flutter (22562): IFAlbumGridCellState183816476 didUpdateWidget old 0, 77, start grp_index: 0 img_index: 77 texIndex:286
04-27 16:36:34.820 I/flutter (22562): IFAlbumGridCellState537918499 didUpdateWidget old 0, 78, start grp_index: 0 img_index: 78 texIndex:285
04-27 16:36:34.820 I/flutter (22562): IFAlbumGridCellState174286345 didUpdateWidget old 0, 79, start grp_index: 0 img_index: 79 texIndex:284
04-27 16:36:34.820 I/flutter (22562): IFAlbumGridCellState876987995 didUpdateWidget old 0, 80, start grp_index: 0 img_index: 80 texIndex:287
04-27 16:36:34.820 I/flutter (22562): IFAlbumGridCellState637102981 didUpdateWidget old 0, 81, start grp_index: 0 img_index: 81 texIndex:290
04-27 16:36:34.821 I/flutter (22562): IFAlbumGridCellState36736187 didUpdateWidget old 0, 82, start grp_index: 0 img_index: 82 texIndex:289
04-27 16:36:34.821 E/IFAlbumPlugin(22562): 2 setTextureId texId=358,FlutterTexIndex=303,name=flutterIndex
04-27 16:36:34.821 I/flutter (22562): IFAlbumGridCellState382126870 didUpdateWidget old 0, 83, start grp_index: 0 img_index: 83 texIndex:288
04-27 16:36:34.821 E/IFAlbumPlugin(22562): setTextureId use time=0
04-27 16:36:34.821 I/flutter (22562): IFAlbumGridCellState918145670 didUpdateWidget old 0, 84, start grp_index: 0 img_index: 84 texIndex:291
04-27 16:36:34.821 E/AlbumDataProviderCache@(22562): pre cache success key=0_85,cacheBean=w=790,h=1416,flutterIndex=303,texId=-1
04-27 16:36:34.821 I/flutter (22562): IFAlbumGridCellState570642937 didUpdateWidget old 0, 85, start grp_index: 0 img_index: 85 texIndex:296
04-27 16:36:34.821 I/flutter (22562): IFAlbumGridCellState814210475 didUpdateWidget old 0, 86, start grp_index: 0 img_index: 86 texIndex:295
04-27 16:36:34.821 I/flutter (22562): IFAlbumGridCellState189191182 didUpdateWidget old 0, 87, start grp_index: 0 img_index: 87 texIndex:294
04-27 16:36:34.821 I/flutter (22562): IFAlbumGridCellState479468567 didUpdateWidget old 0, 88, start grp_index: 0 img_index: 88 texIndex:293
04-27 16:36:34.822 I/flutter (22562): IFAlbumGridCellState708978898 didUpdateWidget old 0, 89, start grp_index: 0 img_index: 89 texIndex:292
04-27 16:36:34.822 I/flutter (22562): IFAlbumGridCellState getDurationString duration=5.309 intDur=5,doubleRound1=5 durationStr=0:5
04-27 16:36:34.822 E/AlbumGLManager(22562): loadAsset@ end bitmap==>texture assetIndex=85
04-27 16:36:34.822 I/flutter (22562): _AlbumPreviewWidgetState385926556 didUpdateWidget
04-27 16:36:34.822 E/AlbumGLManager(22562): deleteFlutterTextureIndex run index=297,textureId=352
04-27 16:36:34.822 I/flutter (22562): _AlbumPreviewWidgetState385926556 AlbumPreviewWidget build true
04-27 16:36:34.822 E/AlbumGLManager(22562): glDeleteTextures textures=352
04-27 16:36:34.822 I/flutter (22562): CPV@CVPState384657107 didUpdateWidget
04-27 16:36:34.822 I/flutter (22562): CPV@CVPState384657107 _CustomViewPagerState build
04-27 16:36:34.822 I/flutter (22562): CPV@_PhotoViewState photo_view build
04-27 16:36:34.822 I/flutter (22562): CPV@IW@192701176 didUpdateWidget,old=553211506
04-27 16:36:34.822 I/flutter (22562): CPV@IW@192701176 IW build value=position=Offset(0.0, 0.0),scale=null,rotation=0.0,rotationFocusPoint=null,scaleState=PhotoViewScaleState.initial
04-27 16:36:34.822 I/flutter (22562): _AlbumPreviewImageState991937033 _getImageWidget
04-27 16:36:34.822 I/flutter (22562): CPV@_PhotoViewState photo_view build
04-27 16:36:34.822 I/flutter (22562): CPV@IW@90758492 didUpdateWidget,old=412022458
04-27 16:36:34.822 I/flutter (22562): CPV@IW@90758492 IW build value=position=Offset(0.0, 0.0),scale=null,rotation=0.0,rotationFocusPoint=null,scaleState=PhotoViewScaleState.initial
04-27 16:36:34.822 I/flutter (22562): _AlbumPreviewImageState729521919 _getImageWidget
04-27 16:36:34.874 I/taobao.idlefis(22562): Explicit concurrent copying GC freed 9664(743KB) AllocSpace objects, 3(60KB) LOS objects, 49% free, 13MB/27MB, paused 290us total 227.875ms
04-27 16:36:34.954 D/FTLogger(22562): FULLTRACE:->send nobody type: 0x16
04-27 16:36:34.954 V/Fulltrace-native(22562): appendNoBody appendNoBody
04-27 16:36:34.986 E/IFAlbumPlugin(22562): onMethodCall dispose
04-27 16:36:34.987 E/IFAlbumPlugin(22562): onMethodCall     dispose args={asset_index=82, texture_id=300, group_index=0, image_type=1}
04-27 16:36:35.192 I/ThermalEngine(  885): handle_thresh_sig: SS Id SS-CLUSTER1-SP1, Read xo_therm 43000mC
04-27 16:36:35.476 I/flutter (22562): _AlbumPreviewImageState imageDispose groupIndex=0,imageIndex=83
04-27 16:36:35.477 I/flutter (22562): CPV@IW@192701176 dispose remove _PhotoViewImageWrapperState#c62f8
04-27 16:36:35.479 I/flutter (22562): CPV@CVPController683158328 onScaleStart childCallbacks.length=1,_startPosition=Offset(179.0, 407.3) lastPixels=18720.0
04-27 16:36:35.479 I/flutter (22562): CPV@CVPController683158328 onScaleUpdate
04-27 16:36:35.479 I/flutter (22562): CPV@CVPController 1movePageViewSelf detail=ScaleUpdateDetails(focalPoint: Offset(157.7, 400.3), localFocalPoint: Offset(157.7, 400.3), scale: 1.0, horizontalScale: 1.0, verticalScale: 1.0, rotation: 0.0)
04-27 16:36:35.483 I/flutter (22562): CPV@CVPController683158328 onScaleUpdate
04-27 16:36:35.483 I/flutter (22562): CPV@CVPController 1movePageViewSelf detail=ScaleUpdateDetails(focalPoint: Offset(133.3, 394.7), localFocalPoint: Offset(133.3, 394.7), scale: 1.0, horizontalScale: 1.0, verticalScale: 1.0, rotation: 0.0)
04-27 16:36:35.492 I/flutter (22562): CPV@CVPController683158328 onScaleUpdate
04-27 16:36:35.492 I/flutter (22562): CPV@CVPController 1movePageViewSelf detail=ScaleUpdateDetails(focalPoint: Offset(108.3, 391.3), localFocalPoint: Offset(108.3, 391.3), scale: 1.0, horizontalScale: 1.0, verticalScale: 1.0, rotation: 0.0)
04-27 16:36:35.501 I/flutter (22562): PhotoViewController value=position=Offset(0.0, 0.0),scale=null,rotation=0.0,rotationFocusPoint=null,scaleState=PhotoViewScaleState.initial
04-27 16:36:35.501 I/flutter (22562): CPV@_PhotoViewState photo_view build
04-27 16:36:35.501 I/flutter (22562): CPV@IW@1046478471 initState add _PhotoViewImageWrapperState#ffe87
04-27 16:36:35.501 I/flutter (22562): CPV@IW@1046478471 IW build value=position=Offset(0.0, 0.0),scale=null,rotation=0.0,rotationFocusPoint=null,scaleState=PhotoViewScaleState.initial
04-27 16:36:35.501 I/flutter (22562): _AlbumPreviewImageState549356311 initState groupIndex=0,imageIndex=85
04-27 16:36:35.502 I/flutter (22562): IFAlbumModel loadImage groupIndex=0,imageIndex=85
04-27 16:36:35.502 I/flutter (22562): _AlbumPreviewImageState549356311 build
04-27 16:36:35.504 E/IFAlbumPlugin(22562): onMethodCall load_asset
04-27 16:36:35.504 E/IFAlbumPlugin(22562): request assetIndex=85,groupIndex=0
04-27 16:36:35.504 E/AlbumDataProvider(22562): loadAsset@ start assetIndex=85
04-27 16:36:35.504 E/AlbumDataProvider(22562): in path=/storage/emulated/0/DCIM/1688SaveImage/1586317024992.jpg
04-27 16:36:35.505 E/AlbumDataProviderCache@(22562): hit cache 0_85
04-27 16:36:35.505 E/AlbumDataProvider(22562): loadAsset@ onLoadAssetSuccess start 
04-27 16:36:35.505 E/AlbumDataProvider(22562): loadAsset@ end assetIndex=85,ou path=/storage/emulated/0/DCIM/1688SaveImage/1586317024992.jpg,jStr={"height":1416,"isVideo":false,"path":"/storage/emulated/0/DCIM/1688SaveImage/1586317024992.jpg","textureID":303,"videoDuration":0,"width":790}
04-27 16:36:35.508 I/flutter (22562): CPV@CVPController683158328 onScaleUpdate
04-27 16:36:35.508 I/flutter (22562): CPV@CVPController 1movePageViewSelf detail=ScaleUpdateDetails(focalPoint: Offset(82.3, 390.0), localFocalPoint: Offset(82.3, 390.0), scale: 1.0, horizontalScale: 1.0, verticalScale: 1.0, rotation: 0.0)
04-27 16:36:35.509 I/flutter (22562): _AlbumPreviewImageState549356311 initState groupIndex=0,imageIndex=85, textureID =303
04-27 16:36:35.509 I/flutter (22562): CPV@CVPController683158328 onScaleUpdate
04-27 16:36:35.509 I/flutter (22562): CPV@CVPController 1movePageViewSelf detail=ScaleUpdateDetails(focalPoint: Offset(55.7, 390.7), localFocalPoint: Offset(55.7, 390.7), scale: 1.0, horizontalScale: 1.0, verticalScale: 1.0, rotation: 0.0)
04-27 16:36:35.520 I/flutter (22562): _AlbumPreviewImageState549356311 _getImageWidget
04-27 16:36:35.525 I/flutter (22562): CPV@CVPController683158328 onScaleUpdate
04-27 16:36:35.525 I/flutter (22562): CPV@CVPController 1movePageViewSelf detail=ScaleUpdateDetails(focalPoint: Offset(30.3, 392.7), localFocalPoint: Offset(30.3, 392.7), scale: 1.0, horizontalScale: 1.0, verticalScale: 1.0, rotation: 0.0)
04-27 16:36:35.527 I/flutter (22562): CPV@CVPController683158328 onScaleEnd details=ScaleEndDetails(velocity: Velocity(-3687.0, 217.9)),direction=3.0825656263863275,distance=3693.386947062356
04-27 16:36:35.550 I/flutter (22562): MyAlbumWidget getPreviewWidget
04-27 16:36:35.551 I/flutter (22562): IFAlbumGridCellState807943437 didUpdateWidget old 0, 56, start grp_index: 0 img_index: 56 texIndex:270
04-27 16:36:35.552 I/flutter (22562): IFAlbumGridCellState258813894 didUpdateWidget old 0, 57, start grp_index: 0 img_index: 57 texIndex:265
04-27 16:36:35.552 I/flutter (22562): IFAlbumGridCellState706956416 didUpdateWidget old 0, 58, start grp_index: 0 img_index: 58 texIndex:264
04-27 16:36:35.552 I/flutter (22562): IFAlbumGridCellState129044203 didUpdateWidget old 0, 59, start grp_index: 0 img_index: 59 texIndex:263
04-27 16:36:35.553 I/flutter (22562): IFAlbumGridCellState66141685 didUpdateWidget old 0, 60, start grp_index: 0 img_index: 60 texIndex:266
04-27 16:36:35.553 I/flutter (22562): IFAlbumGridCellState500555244 didUpdateWidget old 0, 61, start grp_index: 0 img_index: 61 texIndex:269
04-27 16:36:35.553 I/flutter (22562): IFAlbumGridCellState576735829 didUpdateWidget old 0, 62, start grp_index: 0 img_index: 62 texIndex:268
04-27 16:36:35.553 I/flutter (22562): IFAlbumGridCellState129844810 didUpdateWidget old 0, 63, start grp_index: 0 img_index: 63 texIndex:267
04-27 16:36:35.554 I/flutter (22562): IFAlbumGridCellState381474680 didUpdateWidget old 0, 64, start grp_index: 0 img_index: 64 texIndex:278
04-27 16:36:35.554 I/flutter (22562): IFAlbumGridCellState836106059 didUpdateWidget old 0, 65, start grp_index: 0 img_index: 65 texIndex:277
04-27 16:36:35.554 I/flutter (22562): IFAlbumGridCellState249741105 didUpdateWidget old 0, 66, start grp_index: 0 img_index: 66 texIndex:276
04-27 16:36:35.555 I/flutter (22562): IFAlbumGridCellState573856811 didUpdateWidget old 0, 67, start grp_index: 0 img_index: 67 texIndex:271
04-27 16:36:35.555 I/flutter (22562): IFAlbumGridCellState895958522 didUpdateWidget old 0, 68, start grp_index: 0 img_index: 68 texIndex:275
04-27 16:36:35.555 I/flutter (22562): IFAlbumGridCellState484859221 didUpdateWidget old 0, 69, start grp_index: 0 img_index: 69 texIndex:274
04-27 16:36:35.555 I/flutter (22562): IFAlbumGridCellState520707574 didUpdateWidget old 0, 70, start grp_index: 0 img_index: 70 texIndex:273
04-27 16:36:35.556 I/flutter (22562): IFAlbumGridCellState465294095 didUpdateWidget old 0, 71, start grp_index: 0 img_index: 71 texIndex:272
04-27 16:36:35.556 I/flutter (22562): IFAlbumGridCellState731958414 didUpdateWidget old 0, 72, start grp_index: 0 img_index: 72 texIndex:279
04-27 16:36:35.556 I/flutter (22562): IFAlbumGridCellState254570349 didUpdateWidget old 0, 73, start grp_index: 0 img_index: 73 texIndex:282
04-27 16:36:35.557 I/flutter (22562): IFAlbumGridCellState304085220 didUpdateWidget old 0, 74, start grp_index: 0 img_index: 74 texIndex:281
04-27 16:36:35.557 I/flutter (22562): IFAlbumGridCellState898588582 didUpdateWidget old 0, 75, start grp_index: 0 img_index: 75 texIndex:280
04-27 16:36:35.557 I/flutter (22562): IFAlbumGridCellState849255616 didUpdateWidget old 0, 76, start grp_index: 0 img_index: 76 texIndex:283
04-27 16:36:35.557 I/flutter (22562): IFAlbumGridCellState183816476 didUpdateWidget old 0, 77, start grp_index: 0 img_index: 77 texIndex:286
04-27 16:36:35.558 I/flutter (22562): IFAlbumGridCellState537918499 didUpdateWidget old 0, 78, start grp_index: 0 img_index: 78 texIndex:285
04-27 16:36:35.558 I/flutter (22562): IFAlbumGridCellState174286345 didUpdateWidget old 0, 79, start grp_index: 0 img_index: 79 texIndex:284
04-27 16:36:35.558 I/flutter (22562): IFAlbumGridCellState876987995 didUpdateWidget old 0, 80, start grp_index: 0 img_index: 80 texIndex:287
04-27 16:36:35.558 I/flutter (22562): IFAlbumGridCellState637102981 didUpdateWidget old 0, 81, start grp_index: 0 img_index: 81 texIndex:290
04-27 16:36:35.559 I/flutter (22562): IFAlbumGridCellState36736187 didUpdateWidget old 0, 82, start grp_index: 0 img_index: 82 texIndex:289
04-27 16:36:35.559 I/flutter (22562): IFAlbumGridCellState382126870 didUpdateWidget old 0, 83, start grp_index: 0 img_index: 83 texIndex:288
04-27 16:36:35.559 I/flutter (22562): IFAlbumGridCellState918145670 didUpdateWidget old 0, 84, start grp_index: 0 img_index: 84 texIndex:291
04-27 16:36:35.560 I/flutter (22562): IFAlbumGridCellState570642937 didUpdateWidget old 0, 85, start grp_index: 0 img_index: 85 texIndex:296
04-27 16:36:35.560 I/flutter (22562): IFAlbumGridCellState814210475 didUpdateWidget old 0, 86, start grp_index: 0 img_index: 86 texIndex:295
04-27 16:36:35.560 I/flutter (22562): IFAlbumGridCellState189191182 didUpdateWidget old 0, 87, start grp_index: 0 img_index: 87 texIndex:294
04-27 16:36:35.561 I/flutter (22562): IFAlbumGridCellState479468567 didUpdateWidget old 0, 88, start grp_index: 0 img_index: 88 texIndex:293
04-27 16:36:35.561 I/flutter (22562): IFAlbumGridCellState708978898 didUpdateWidget old 0, 89, start grp_index: 0 img_index: 89 texIndex:292
04-27 16:36:35.561 I/flutter (22562): IFAlbumGridCellState getDurationString duration=5.309 intDur=5,doubleRound1=5 durationStr=0:5
04-27 16:36:35.561 I/flutter (22562): _AlbumPreviewWidgetState385926556 didUpdateWidget
04-27 16:36:35.561 I/flutter (22562): _AlbumPreviewWidgetState385926556 AlbumPreviewWidget build true
04-27 16:36:35.562 I/flutter (22562): CPV@CVPState384657107 didUpdateWidget
04-27 16:36:35.562 I/flutter (22562): CPV@CVPState384657107 _CustomViewPagerState build
04-27 16:36:35.562 I/flutter (22562): CPV@_PhotoViewState photo_view build
04-27 16:36:35.562 I/flutter (22562): CPV@IW@90758492 didUpdateWidget,old=650260643
04-27 16:36:35.562 I/flutter (22562): CPV@IW@90758492 IW build value=position=Offset(0.0, 0.0),scale=null,rotation=0.0,rotationFocusPoint=null,scaleState=PhotoViewScaleState.initial
04-27 16:36:35.562 I/flutter (22562): _AlbumPreviewImageState729521919 _getImageWidget
04-27 16:36:35.562 I/flutter (22562): CPV@_PhotoViewState photo_view build
04-27 16:36:35.562 I/flutter (22562): CPV@IW@1046478471 didUpdateWidget,old=663769609
04-27 16:36:35.562 I/flutter (22562): CPV@IW@1046478471 IW build value=position=Offset(0.0, 0.0),scale=null,rotation=0.0,rotationFocusPoint=null,scaleState=PhotoViewScaleState.initial
04-27 16:36:35.563 I/flutter (22562): _AlbumPreviewImageState549356311 _getImageWidget
04-27 16:36:35.598 E/AlbumDataProvider(22562): loadBitmap decode use time=92
04-27 16:36:35.598 E/AlbumDataProvider(22562): loadBitmap rotate use time=0
04-27 16:36:35.598 E/AlbumGLManager(22562): loadAsset@ begin bitmap==>texture assetIndex=86,path/storage/emulated/0/DCIM/1688SaveImage/1586317027952.jpg,w=790
04-27 16:36:35.599 E/AlbumDataProviderCache@(22562): already cached key=0_84
04-27 16:36:35.608 E/IFAlbumPlugin(22562): 2 setTextureId texId=359,FlutterTexIndex=304,name=flutterIndex
04-27 16:36:35.609 E/IFAlbumPlugin(22562): setTextureId use time=0
04-27 16:36:35.609 E/AlbumDataProviderCache@(22562): pre cache success key=0_86,cacheBean=w=790,h=1416,flutterIndex=304,texId=-1
04-27 16:36:35.612 E/AlbumGLManager(22562): loadAsset@ end bitmap==>texture assetIndex=86
04-27 16:36:35.612 E/AlbumGLManager(22562): deleteFlutterTextureIndex run index=298,textureId=353
04-27 16:36:35.613 E/AlbumGLManager(22562): glDeleteTextures textures=353
04-27 16:36:35.623 I/taobao.idlefis(22562): Explicit concurrent copying GC freed 8482(580KB) AllocSpace objects, 3(60KB) LOS objects, 49% free, 13MB/27MB, paused 275us total 298.185ms
04-27 16:36:35.697 I/ThermalEngine(  885): handle_thresh_sig: SS Id SS-CLUSTER1-SP1, Read xo_therm 43000mC
04-27 16:36:35.796 E/IFAlbumPlugin(22562): onMethodCall dispose
04-27 16:36:35.797 E/IFAlbumPlugin(22562): onMethodCall     dispose args={asset_index=83, texture_id=301, group_index=0, image_type=1}
04-27 16:36:35.798 D/FTLogger(22562): FULLTRACE:->send nobody type: 0x16
04-27 16:36:35.798 V/Fulltrace-native(22562): appendNoBody appendNoBody
04-27 16:36:36.138 I/flutter (22562): _AlbumPreviewImageState imageDispose groupIndex=0,imageIndex=84
04-27 16:36:36.139 I/flutter (22562): CPV@IW@90758492 dispose remove _PhotoViewImageWrapperState#8dd5c
04-27 16:36:36.201 W/BaseMiuiPhoneWindowManager( 1693): keyCode:4 down:true eventTime:563816204 downTime:563816204 policyFlags:22000002 flags:48 deviceId:7 isScreenOn:true keyguardActive:false repeatCount:0
04-27 16:36:36.204 I/ThermalEngine(  885): handle_thresh_sig: SS Id SS-CLUSTER1-SP1, Read xo_therm 43000mC
04-27 16:36:36.326 W/BaseMiuiPhoneWindowManager( 1693): keyCode:4 down:false eventTime:563816330 downTime:563816204 policyFlags:22000002 flags:48 deviceId:7 isScreenOn:true keyguardActive:false repeatCount:0
04-27 16:36:36.327 D/AutofillManagerService( 1693): onBackKeyPressed()
04-27 16:36:36.335 I/flutter (22562): editor will pop 222
04-27 16:36:36.352 I/flutter (22562): _StackMainPageWidget ScopedModelDescendant build false mainPageStackModel=Instance of 'MainPageStackModel'
04-27 16:36:36.352 I/flutter (22562): _StackMainPageWidget ScopedModelDescendant build
04-27 16:36:36.353 I/flutter (22562): _MainPageAnimationWidgetState build 2 ---> 1
04-27 16:36:36.353 I/flutter (22562): _StackMainPageWidget MainPageAnimationWidget itemBuilder
