04-27 16:36:42.077 W/ActivityManager( 1693): Unable to start service Intent { act=action_save_camera_info cmp=com.miui.klo.bugreport/.service.ReceiveCameraInfoService (has extras) } U=0: not found
04-27 16:36:42.077 D/<aus>LongLivedConnection(22562): 257747040 connectAsync
04-27 16:36:42.078 D/UploaderImageManager(22562): env=0
04-27 16:36:42.079 E/AVOutputImage:188782319(22562): wait timeout
04-27 16:36:42.079 D/UploaderImageManager(22562): env=0
04-27 16:36:42.079 D/UploaderImageManager(22562): env=0
04-27 16:36:42.079 I/<aus>CustomizedSession(22562): 60580121 initSpdyAgent
04-27 16:36:42.079 I/System.out(22562): add is 203.119.214.2,port is 443
04-27 16:36:42.080 I/<aus>CustomizedSession(22562): 60580121 CustomizedSession createSession,mSession:95986754 getRefCount:1
04-27 16:36:42.084 E/AVOutputImage:188782319(22562): wait timeout
04-27 16:36:42.089 E/AVOutputImage:188782319(22562): wait timeout
04-27 16:36:42.091 I/flutter (22562): getStickConfig 22222
04-27 16:36:42.091 I/flutter (22562): getStickConfig asdfasdf [{cover_url_list: [http://idleimage.alicdn.com/material%2Fonline%2Fsticker%2Fstatic%2F%E5%AE%9D%E8%B4%9D%E8%B4%B4%E7%BA%B8%2Fsticker_preset_01_01.png, http://idleimage.alicdn.com/material%2Fonline%2Fsticker%2Fstatic%2F%E5%AE%9D%E8%B4%9D%E8%B4%B4%E7%BA%B8%2Fsticker_preset_01_02.png, http://idleimage.alicdn.com/material%2Fonline%2Fsticker%2Fstatic%2F%E5%AE%9D%E8%B4%9D%E8%B4%B4%E7%BA%B8%2Fsticker_preset_01_03.png, http://idleimage.alicdn.com/material%2Fonline%2Fsticker%2Fstatic%2F%E5%AE%9D%E8%B4%9D%E8%B4%B4%E7%BA%B8%2Fsticker_preset_01_04.png, http://idleimage.alicdn.com/material%2Fonline%2Fsticker%2Fstatic%2F%E5%AE%9D%E8%B4%9D%E8%B4%B4%E7%BA%B8%2Fsticker_preset_01_05.png, http://idleimage.alicdn.com/material%2Fonline%2Fsticker%2Fstatic%2F%E5%AE%9D%E8%B4%9D%E8%B4%B4%E7%BA%B8%2Fsticker_preset_01_06.png], content_name_list: [sticker_preset_01_01, sticker_preset_01_02, sticker_preset_01_03, sticker_preset_01_04, sticker_preset_01_05, sticker_preset_01_06]}, {cover_url_list: [http://idleimag
04-27 16:36:42.094 E/AVOutputImage:188782319(22562): wait timeout
04-27 16:36:42.115 I/chatty  (22562): uid=10723(com.taobao.idlefish) Thread-104 identical 4 lines
04-27 16:36:42.120 E/AVOutputImage:188782319(22562): wait timeout
04-27 16:36:42.122 I/<aus>CustomizedSession(22562): 60580121 CustomizedSession spdySessionConnectCB,session:95986754
04-27 16:36:42.122 D/<aus>UploaderSession(22562): 179965809 doConnect, connection:257747040
04-27 16:36:42.122 D/<aus>UploaderAction(22562): 179665176 onConnect, session:179965809 request:259274959
04-27 16:36:42.122 D/<aus>UploaderAction(22562): 179665176 onSendBegin, session:179965809 request and set current:259274959 statistics:108010065 costTimeMillisStart:1587976602122
04-27 16:36:42.123 I/<aus>UploaderSession(22562): 179965809 readFromEntity, from copy:40324
04-27 16:36:42.123 I/<aus>UploaderSession(22562): 179965809 sendRequest, request:259274959 connection:257747040 requestData:ProtocolData[167959324] header==null:true offset:0 length:40862 currentSendSequence:4 tailFinish:true headerFinish:true entitySizeSent:40324 bytesSizeSent:534 offset:0 length:40324 requestData length:40862
04-27 16:36:42.125 I/<aus>CustomizedSession(22562): 60580121 send sendCustomControlFrame. sequence=4, length=40862, mSession:95986754
04-27 16:36:42.125 D/<aus>UploaderSession(22562): 179965809 doSend, begin:true connection:257747040 sendSequence:4 isFinished:true
04-27 16:36:42.125 D/<aus>UploaderAction(22562): 179665176 onUploading, session:179965809 request:259274959 fileSizeSent:40324, sendOffset=0
04-27 16:36:42.125 D/<aus>UploaderSession(22562): 179965809 doSend, begin:false connection:257747040 sendSequence:4 isFinished:true
04-27 16:36:42.125 D/<aus>AbstractUploaderAction(22562): 179665176 onSend, session:179965809 request:259274959
04-27 16:36:42.125 E/AVOutputImage:188782319(22562): wait timeout
04-27 16:36:42.126 I/<aus>UploaderAction(22562): 179665176 onActionDeliver, session:179965809 request:259274959 currentRequest:259274959
04-27 16:36:42.130 E/AVOutputImage:188782319(22562): wait timeout
04-27 16:36:42.166 I/chatty  (22562): uid=10723(com.taobao.idlefish) Thread-104 identical 6 lines
04-27 16:36:42.171 E/AVOutputImage:188782319(22562): wait timeout
04-27 16:36:42.171 E/mm-camera(  709): <MCT   ><ERROR> 179: stop_sof_check_thread: Returning as SOF timer thread not yet initialized
04-27 16:36:42.172 I/CameraProviderManager(  898): Camera device device@1.0/legacy/0 torch status is now AVAILABLE_OFF
04-27 16:36:42.172 I/CameraService(  898): onTorchStatusChangedLocked: Torch status changed for cameraId=0, newStatus=1
04-27 16:36:42.172 I/QCamera (  709): <HAL><INFO> closeCamera: 2431: [KPI Perf]: X PROFILE_CLOSE_CAMERA camera id 0, rc: 0
04-27 16:36:42.172 D/MIPreview(  709): stopAnalyzeThread: stopAnalyzeThread BEGIN
04-27 16:36:42.172 D/MIPreview(  709): stopAnalyzeThread: stopAnalyzeThread END
04-27 16:36:42.174 I/QCamera (  709): <HAL><INFO> close_camera_device: 1573: [KPI Perf]: X
04-27 16:36:42.177 E/AVOutputImage:188782319(22562): wait timeout
04-27 16:36:42.178 I/CameraService(  898): disconnect: Disconnected client for camera 0 for PID 22562
04-27 16:36:42.180 E/state@  (22562): Output|201338540,[STATE_STATED]->[STATE_PAUSED]
04-27 16:36:42.180 D/NuPlayerDriver(  906): reset(0xec437c00) at state 4
04-27 16:36:42.180 D/NuPlayerDriver(  906): notifyListener_l(0xec437c00), (8, 0, 0, -1), loop setting(0, 0)
04-27 16:36:42.180 E/state@  (22562): screen_pipe215659274[STATE_PAUSED]所属模块状态变化了Capture|258439035,[STATE_PAUSED]
04-27 16:36:42.180 E/FMRecorder|54396022(22562): onPipeStateCallBack module=Capture|258439035,[STATE_PAUSED],currentPipeState=STATE_PAUSED
04-27 16:36:42.180 W/AMessage(  906): failed to post message as target looper for handler 0 is gone.
04-27 16:36:42.180 E/state@  (22562): Image94503717[STATE_NONE] startRunning
04-27 16:36:42.180 E/AVCaptureImageFile(22562): start
04-27 16:36:42.180 E/state@  (22562): Processor|110021882,[STATE_NONE]->[STATE_STATED]
04-27 16:36:42.181 E/AVOutputImage:188782319(22562): start
04-27 16:36:42.181 E/state@  (22562): Capture|10330795,[STATE_NONE]->[STATE_STATED]
04-27 16:36:42.181 D/NuPlayerDriver(  906): notifyResetComplete(0xec437c00)
04-27 16:36:42.182 E/AVOutputImage:188782319(22562): wait timeout
04-27 16:36:42.183 D/NuPlayerDriver(  906): reset(0xec437200) at state 4
04-27 16:36:42.183 D/Grafika (22562): EGLContext created, client version 3,instanceCount=6
04-27 16:36:42.183 D/NuPlayerDriver(  906): notifyListener_l(0xec437200), (8, 0, 0, -1), loop setting(0, 0)
04-27 16:36:42.183 E/AVOutputImage:188782319(22562): WindowSurface 
04-27 16:36:42.183 W/AMessage(  906): failed to post message as target looper for handler 0 is gone.
04-27 16:36:42.184 D/NuPlayerDriver(  906): notifyResetComplete(0xec437200)
04-27 16:36:42.185 D/NuPlayerDriver(  906): reset(0xebfee380) at state 4
04-27 16:36:42.186 D/NuPlayerDriver(  906): notifyListener_l(0xebfee380), (8, 0, 0, -1), loop setting(0, 0)
04-27 16:36:42.186 E/AVOutputImage:188782319(22562): wait timeout
04-27 16:36:42.186 W/AMessage(  906): failed to post message as target looper for handler 0 is gone.
04-27 16:36:42.186 D/NuPlayerDriver(  906): notifyResetComplete(0xebfee380)
04-27 16:36:42.187 E/AVOutputImage:188782319(22562): wait timeout
04-27 16:36:42.187 E/AVOutputImage:188782319(22562): makeCurrent 
04-27 16:36:42.191 E/AVOutputImage:188782319(22562): wait timeout
04-27 16:36:42.192 E/AVOutputImage:188782319(22562): wait timeout
04-27 16:36:42.193 E/AVOutputImage:188782319(22562): eglGetCurrentContext 
04-27 16:36:42.193 E/AVOutputImage:188782319(22562): initEGL make current finish 
04-27 16:36:42.193 D/PhotoGLProcessor(22562): construct
04-27 16:36:42.194 E/AVOutputImage:188782319(22562): initEGL finish 
04-27 16:36:42.194 E/AVOutputImage:188782319(22562): run ready=true
04-27 16:36:42.194 E/AVOutputImage:188782319(22562): wait timeout
04-27 16:36:42.194 E/state@  (22562): Output|188782319,[STATE_NONE]->[STATE_STATED]
04-27 16:36:42.194 E/state@  (22562): screen_pipe215659274[STATE_PAUSED]所属模块状态变化了Output|201338540,[STATE_PAUSED]
04-27 16:36:42.195 E/FMRecorder|54396022(22562): onPipeStateCallBack module=Output|201338540,[STATE_PAUSED],currentPipeState=STATE_PAUSED
04-27 16:36:42.195 E/state@  (22562): Image94503717[STATE_STATED]所属模块状态变化了Processor|110021882,[STATE_STATED]
04-27 16:36:42.195 E/state@  (22562): Image94503717[STATE_STATED]所属模块状态变化了Capture|10330795,[STATE_STATED]
04-27 16:36:42.195 E/state@  (22562): Image94503717[STATE_STATED]所属模块状态变化了Output|188782319,[STATE_STATED]
04-27 16:36:42.197 E/AVOutputImage:188782319(22562): wait timeout
04-27 16:36:42.208 E/IFEditorPlugin(22562): onMethodCall load_image
04-27 16:36:42.208 E/IFImageEditor(22562): load_image index=0,filter_index=0
04-27 16:36:42.208 I/flutter (22562): filter setstate
04-27 16:36:42.209 E/IFEditorPlugin(22562): onMethodCall get_filter
04-27 16:36:42.209 E/IFEditorPlugin(22562): null
04-27 16:36:42.211 I/flutter (22562): filter setstate
04-27 16:36:42.221 I/flutter (22562): filter setstate
04-27 16:36:42.222 I/flutter (22562): IFEditorDisplayViewState rebuild page list
04-27 16:36:42.223 I/flutter (22562): IFEditorDisplayViewState rebuild page
04-27 16:36:42.223 I/flutter (22562): image display test tid:305, width:602
04-27 16:36:42.224 I/flutter (22562): IFEditorDisplayViewState rebuild page
04-27 16:36:42.224 I/flutter (22562): image display test tid:306, width:800
04-27 16:36:42.248 E/AVCaptureImageFile(22562): feedData w=790,h=1416,ow=790,oh=1416
04-27 16:36:42.252 D/glFilter==>Filter@bitmap(22562): loadTexture=3
04-27 16:36:42.253 E/AVOutputImage:188782319(22562): feedData 
04-27 16:36:42.253 E/AVOutputImage:188782319(22562): run 
04-27 16:36:42.256 D/Texture2dProgram(22562): Created program 9 (TEXTURE_2D)
04-27 16:36:42.257 E/AVOutputImage:188782319(22562): feedData bufferId=0,textureBean.texId=1
04-27 16:36:42.257 E/Grafika (22562): bind framebuffer to texture: glError 0x502
04-27 16:36:42.259 I/flutter (22562): when use timer scroll Bad state: No element
04-27 16:36:42.282 I/taobao.idlefis(22562): Explicit concurrent copying GC freed 21556(2MB) AllocSpace objects, 61(4MB) LOS objects, 49% free, 12MB/24MB, paused 161us total 125.148ms
04-27 16:36:42.293 I/ThermalEngine(  885): handle_thresh_sig: SS Id SS-CLUSTER1-SP1, Read xo_therm 43000mC
04-27 16:36:42.363 D/<aus>UploaderSession(22562): 179965809 doReceive, sendingList.size:1 index:0 connection:257747040 data:ProtocolData[151082871] header==null:true offset:0 length:321
04-27 16:36:42.363 I/<aus>FileUploadActionRequest(22562): 259274959 decode actionResponse header:{response_code=200, x-arup-biz-ret={"md5":"87baedd0493c46c6a7d6f6e642cda1db","mediaCloudFileId":"1062406832085541339"}, x-arup-file-id=d8fb3b0254df42fcb7553617be873ce2, x-arup-file-url=https://img.alicdn.com/imgextra/i2/O1CN01vcGeip1GTpk3YZYi3_!!0-fleamarket.jpg, divided_length=321, x-arup-file-status=done, response_msg=ok}
04-27 16:36:42.363 D/<aus>AbstractUploaderAction(22562): 179665176 onReceive, session:179965809 request:259274959 response:188919780 state:2 type:4 content:{response_code=200, x-arup-biz-ret={"md5":"87baedd0493c46c6a7d6f6e642cda1db","mediaCloudFileId":"1062406832085541339"}, x-arup-file-id=d8fb3b0254df42fcb7553617be873ce2, x-arup-file-url=https://img.alicdn.com/imgextra/i2/O1CN01vcGeip1GTpk3YZYi3_!!0-fleamarket.jpg, divided_length=321, x-arup-file-status=done, response_msg=ok}
04-27 16:36:42.363 D/<aus>UploaderAction(22562): 179665176 onReceiveResult ,response={response_code=200, x-arup-biz-ret={"md5":"87baedd0493c46c6a7d6f6e642cda1db","mediaCloudFileId":"1062406832085541339"}, x-arup-file-id=d8fb3b0254df42fcb7553617be873ce2, x-arup-file-url=https://img.alicdn.com/imgextra/i2/O1CN01vcGeip1GTpk3YZYi3_!!0-fleamarket.jpg, divided_length=321, x-arup-file-status=done, response_msg=ok}
04-27 16:36:42.363 I/<aus>ActionStatistics(22562): 108010065 result:1 connectCountPrevious:0 connectTimePrevious:0 connectedTimeCurrent:45 costTimePrevious:0 costTimeCurrent:241 upstreamPrevious:0 downstreamPrevious:0
04-27 16:36:42.364 D/<aus>ActionStatistics(22562): commit statistic,isDeclarationStatistics=false, dimensions:{ret=1, biz=fleamarket, encrypted=1, port=443, ip=203.119.214.2, fileid=d8fb3b0254df42fcb7553617be873ce2, token=714c197c86314ced8554fad11e8fbcff, retrytimes=0}, measures:{upstream=40862.0, costtime=241.0, size=40324.0, totaltime=286.0, connecttime=45.0, downstream=321.0, speed=137.0} upStreamTotal:40862 downstream:321
04-27 16:36:42.366 W/<aus>UploaderAction(22562): 179665176 retrieveResult, statistics:108010065 costTimeMillisEnd:1587976602363
04-27 16:36:42.366 D/<aus>AbstractUploaderAction(22562): 179665176 setState, oldState:2 state:3
04-27 16:36:42.366 D/<aus>ConnectionRecycler(22562): 82401635 unregister start, session:179965809 request:259274959
04-27 16:36:42.367 D/<aus>ConnectionRecycler(22562): 82401635 retrieve, connection:257747040 keepAlive:true
04-27 16:36:42.367 D/<aus>ConnectionRecycler(22562): 82401635 rebind, start timeout connection:257747040
04-27 16:36:42.367 D/<aus>ConnectionRecycler(22562): 82401635 unregister, session:179965809 request:259274959 connection:257747040
04-27 16:36:42.367 D/<aus>UploaderSession(22562): 179965809 cancel, sendingList request259274959 remove timeout:true unregister:true
04-27 16:36:42.367 W/<aus>UploaderAction(22562): 179665176 onActionNotify, notifyType:0 statistics:108010065 costTimeMillisEnd:1587976602367
04-27 16:36:42.367 I/<aus>UploaderManager(22562): 85420657 onFinish remove concurrent task:251160023
04-27 16:36:42.368 D/FTLogger(22562): FULLTRACE:->send nobody type: 0x16
04-27 16:36:42.368 V/Fulltrace-native(22562): appendNoBody appendNoBody
04-27 16:36:42.368 D/<aus>UploaderManager(22562): 85420657 suppliedCount:0
04-27 16:36:42.368 W/<aus>UploaderManager(22562): 85420657 start count down:90000
04-27 16:36:42.376 I/flutter (22562): _StackMainPageWidget build
04-27 16:36:42.376 I/flutter (22562): _StackMainPageWidget ScopedModelDescendant build false mainPageStackModel=Instance of 'MainPageStackModel'
04-27 16:36:42.376 I/flutter (22562): _StackMainPageWidget ScopedModelDescendant build
04-27 16:36:42.376 I/flutter (22562): _MainPageAnimationWidgetState build 2 ---> 1
04-27 16:36:42.376 I/flutter (22562): _StackMainPageWidget MainPageAnimationWidget itemBuilder
04-27 16:36:42.376 I/flutter (22562): _StackMainPageWidget MainPageAnimationWidget itemBuilder
04-27 16:36:42.376 I/flutter (22562): capture build
04-27 16:36:42.379 I/flutter (22562): animation.value Size(28.0, 28.0)
04-27 16:36:42.379 I/flutter (22562): MyAlbumWidget getPreviewWidget
04-27 16:36:42.384 I/flutter (22562): IFAlbumGridCellState getDurationString duration=5.309 intDur=5,doubleRound1=5 durationStr=0:5
04-27 16:36:42.384 I/flutter (22562): image cover test width null, height:null, curWidth:96, curHeight:96
04-27 16:36:42.384 I/flutter (22562): image cover test width null, height:null, curWidth:96, curHeight:96
04-27 16:36:42.500 E/ANDR-PERF-MPCTL(  735): poll() has timed out for /sys/module/msm_performance/events/cpu_hotplug
04-27 16:36:42.500 E/ANDR-PERF-MPCTL(  735): Block on poll()
04-27 16:36:42.801 I/ThermalEngine(  885): handle_thresh_sig: SS Id SS-CLUSTER1-SP1, Read xo_therm 43000mC
04-27 16:36:42.818 E/IFEditorPlugin(22562): onMethodCall export_image
04-27 16:36:42.818 E/IFImageEditor(22562): export_image 
04-27 16:36:42.820 E/FlutterEditOutputImage(22562): deleteTexturesExcept delete texture 2
04-27 16:36:42.827 E/GLThread(22562): initEGL
04-27 16:36:42.831 D/Grafika (22562): EGLContext created, client version 3,instanceCount=7
04-27 16:36:42.847 E/IFImageEditor(22562): doExportImage width=790,height=1416,ori=0
04-27 16:36:42.912 D/glFilter==>Filter@bitmap(22562): loadTexture=1
04-27 16:36:42.913 D/PhotoGLProcessor(22562): construct
04-27 16:36:42.934 E/GLThreadPool(22562): deleteTexturesUseHandler==>317,318,319,320,321,322,323,324,325,326,327,328,329,330,331,332,333,205,334,206,335,336,337,338,339,340,341,342,343,344,345,346,347,348,349,350,241,242
04-27 16:36:42.934 E/GLThreadPool(22562): glDeleteTexturesTime=0
04-27 16:36:42.956 I/taobao.idlefis(22562): Explicit concurrent copying GC freed 12062(1281KB) AllocSpace objects, 25(964KB) LOS objects, 50% free, 15MB/30MB, paused 318us total 271.531ms
04-27 16:36:43.037 D/FTLogger(22562): FULLTRACE:->send nobody type: 0x16
04-27 16:36:43.037 V/Fulltrace-native(22562): appendNoBody appendNoBody
04-27 16:36:43.056 D/PhotoGLProcessor(22562): release
04-27 16:36:43.057 E/IFImageEditor(22562): doExportImage width=800,height=600,ori=0
04-27 16:36:43.067 D/glFilter==>Filter@bitmap(22562): loadTexture=1
04-27 16:36:43.068 D/PhotoGLProcessor(22562): construct
04-27 16:36:43.095 D/PhotoGLProcessor(22562): release
04-27 16:36:43.103 I/flutter (22562): cancel EDIT!!!
04-27 16:36:43.104 E/Grafika (22562): release 
04-27 16:36:43.104 E/IFImageEditor(22562): export_image finish
04-27 16:36:43.104 E/IFEditorPlugin(22562): onMethodCall cancel_edit
04-27 16:36:43.104 E/IFEditorPlugin(22562): cancel_edit 
04-27 16:36:43.104 E/IFImageEditor(22562): destroy 
04-27 16:36:43.104 E/state@  (22562): Image94503717[STATE_STATED] endRunning
04-27 16:36:43.105 E/AVCaptureImageFile(22562): release run 
04-27 16:36:43.109 E/Grafika (22562): release 
04-27 16:36:43.109 E/AVCaptureImageFile(22562): end
04-27 16:36:43.109 E/AVCaptureImageFile(22562): joinTime=4
04-27 16:36:43.110 E/state@  (22562): Capture|10330795,[STATE_STATED]->[STATE_ENDED]
04-27 16:36:43.110 E/AVGLBaseProcessor(22562): end 
04-27 16:36:43.110 E/AVProcessorFilter(22562): destroy 
04-27 16:36:43.110 E/Filter@FilterAdapter(22562): 滤镜处理适配器release,threadName=filter_processor
04-27 16:36:43.110 E/Filter@GLProcessor(22562): release textures:null,buffers=null
04-27 16:36:43.112 E/Grafika (22562): release 
04-27 16:36:43.112 E/AVGLBaseProcessor(22562): joinTime=2
04-27 16:36:43.113 E/state@  (22562): Processor|110021882,[STATE_STATED]->[STATE_ENDED]
04-27 16:36:43.113 E/AVOutputImage:188782319(22562): 188782319 end run
04-27 16:36:43.113 E/AVOutputImage:188782319(22562): end delete textureBean bufferId=1
04-27 16:36:43.114 E/Grafika (22562): release 
04-27 16:36:43.114 D/AVOutputImage:188782319(22562): looper quit
04-27 16:36:43.114 E/AVOutputImage:188782319(22562): joinTime=1
04-27 16:36:43.115 E/state@  (22562): Output|188782319,[STATE_STATED]->[STATE_ENDED]
04-27 16:36:43.115 E/state@  (22562): Image94503717[STATE_ENDED]所属模块状态变化了Capture|10330795,[STATE_ENDED]
04-27 16:36:43.115 E/state@  (22562): Image94503717[STATE_ENDED]所属模块状态变化了Processor|110021882,[STATE_ENDED]
04-27 16:36:43.115 E/state@  (22562): Image94503717[STATE_ENDED]所属模块状态变化了Output|188782319,[STATE_ENDED]
04-27 16:36:43.117 I/flutter (22562): cancel edit begin
04-27 16:36:43.117 E/IFCapturePlugin(22562): onMethodCall cancel_record
04-27 16:36:43.117 E/FlutterRecorder(22562): cancelRecord 
04-27 16:36:43.117 I/flutter (22562): cancel edit finish
04-27 16:36:43.118 E/IFAlbumPlugin(22562): onMethodCall cancel_select
04-27 16:36:43.119 E/AlbumDataProvider(22562): destroy 
04-27 16:36:43.119 E/AlbumDataProvider(22562): destroy end
04-27 16:36:43.119 E/state@  (22562): screen_pipe215659274[STATE_PAUSED] endRunning
04-27 16:36:43.119 E/state@CapCame(22562): end
04-27 16:36:43.120 D/ActivityTrigger( 1693): ActivityTrigger activityPauseTrigger 
04-27 16:36:43.122 E/release@(22562): CameraTextureRender release
04-27 16:36:43.123 E/CapCame (22562): exit run
04-27 16:36:43.131 I/Timeline(22562): Timeline: Activity_launch_request time:563823135
04-27 16:36:43.133 I/SplashScreenServiceDelegate( 1693): None for com.taobao.idlefish
04-27 16:36:43.133 I/ActivityManager( 1693): START u0 {cmp=com.taobao.idlefish/com.idlefish.flutterbridge.flutterboost.IdleFishFlutterActivity (has extras)} from uid 10723
04-27 16:36:43.133 W/ActivityManager( 1693): startActivity called from finishing ActivityRecord{1a1ea1b u0 com.taobao.idlefish/com.idlefish.flutterbridge.flutterboost.IdleFishAVFlutterActivity t5345 f}; forcing Intent.FLAG_ACTIVITY_NEW_TASK for: Intent { cmp=com.taobao.idlefish/com.idlefish.flutterbridge.flutterboost.IdleFishFlutterActivity (has extras) }
04-27 16:36:43.135 E/Grafika (22562): release 
04-27 16:36:43.135 D/CapCame (22562): looper quit
04-27 16:36:43.136 E/CapCame (22562): releaseOpenGLRes
04-27 16:36:43.137 E/CapCame (22562): joinTime=17
04-27 16:36:43.137 E/state@  (22562): Capture|258439035,[STATE_PAUSED]->[STATE_ENDED]
04-27 16:36:43.137 E/AVGLBaseProcessor(22562): end 
04-27 16:36:43.137 E/AVProcessorFilter(22562): destroy 
04-27 16:36:43.138 E/Filter@FilterAdapter(22562): 滤镜处理适配器release,threadName=filter_processor
04-27 16:36:43.138 E/Filter@GLProcessor(22562): release textures:null,buffers=null
04-27 16:36:43.139 D/CompatibilityInfo( 1693): mCompatibilityFlags - 0
04-27 16:36:43.139 D/CompatibilityInfo( 1693): applicationDensity - 480
04-27 16:36:43.139 D/CompatibilityInfo( 1693): applicationScale - 1.0
04-27 16:36:43.142 E/Grafika (22562): release 
04-27 16:36:43.142 E/AVGLBaseProcessor(22562): joinTime=5
04-27 16:36:43.143 E/state@  (22562): Processor|59544105,[STATE_STATED]->[STATE_ENDED]
04-27 16:36:43.143 E/AVOutputFlutter201338540(22562): releaseOpenGLRes
04-27 16:36:43.143 D/PhotoGLProcessor(22562): release
04-27 16:36:43.147 D/MainProcessLifeManager(22562): onActivityPaused:22562, 160381689
04-27 16:36:43.148 V/SuperLog-native(22562): appendBytesBody byte array
04-27 16:36:43.144 W/Telescope_Main_(22562): type=1400 audit(0.0:1819108): avc: denied { read } for name="devfreq" dev="sysfs" ino=30092 scontext=u:r:untrusted_app:s0:c211,c258,c512,c768 tcontext=u:object_r:sysfs:s0 tclass=dir permissive=0
04-27 16:36:43.171 I/flutter (22562): isAndroid=true,didChangeAppLifecycleState AppLifecycleState.inactive
04-27 16:36:43.171 I/flutter (22562): IFEditorDisplayViewState didChangeAppLifecycleState AppLifecycleState.inactive
04-27 16:36:43.178 D/CompatibilityInfo( 1693): mCompatibilityFlags - 0
04-27 16:36:43.178 D/CompatibilityInfo( 1693): applicationDensity - 480
04-27 16:36:43.178 D/CompatibilityInfo( 1693): applicationScale - 1.0
04-27 16:36:43.179 D/PowerKeeper.Event( 3075): notifyForegroundCompomentChanged ComponentInfo{com.taobao.idlefish/com.idlefish.flutterbridge.flutterboost.IdleFishFlutterActivity}
04-27 16:36:43.181 E/Grafika (22562): release 
04-27 16:36:43.181 I/Timeline( 1693): Timeline: App_transition_ready time:563823185
04-27 16:36:43.181 D/AVOutputFlutter201338540(22562): looper quit
04-27 16:36:43.181 E/AVOutputFlutter201338540(22562): joinTime=38
04-27 16:36:43.182 E/state@  (22562): Output|201338540,[STATE_PAUSED]->[STATE_ENDED]
04-27 16:36:43.183 W/ActivityThread(22562): handleWindowVisibility: no activity for token android.os.BinderProxy@bc80803
04-27 16:36:43.184 E/state@  (22562): screen_pipe215659274[STATE_ENDED]所属模块状态变化了Processor|59544105,[STATE_ENDED]
04-27 16:36:43.185 E/FMRecorder|54396022(22562): onPipeStateCallBack module=Processor|59544105,[STATE_ENDED],currentPipeState=STATE_ENDED
04-27 16:36:43.186 E/state@  (22562): screen_pipe215659274[STATE_ENDED]所属模块状态变化了Output|201338540,[STATE_ENDED]
04-27 16:36:43.186 E/FMRecorder|54396022(22562): onPipeStateCallBack module=Output|201338540,[STATE_ENDED],currentPipeState=STATE_ENDED
04-27 16:36:43.201 E/MainProcessLifeManager(22562): onActivityCreated:22562, 94318009
04-27 16:36:43.202 V/SuperLog-native(22562): appendBytesBody byte array
04-27 16:36:43.204 D/ViewContentFactory(22562): initViewContentFetcherClass
04-27 16:36:43.204 I/ContentCatcher(22562): ViewContentFetcher : ViewContentFetcher
04-27 16:36:43.204 D/ViewContentFactory(22562): createInterceptor took 0ms
04-27 16:36:43.194 W/Telescope_Main_(22562): type=1400 audit(0.0:1819109): avc: denied { read } for name="devfreq" dev="sysfs" ino=30092 scontext=u:r:untrusted_app:s0:c211,c258,c512,c768 tcontext=u:object_r:sysfs:s0 tclass=dir permissive=0
04-27 16:36:43.219 D/MainProcessLifeManager(22562): onActivityStarted:22562, 94318009
04-27 16:36:43.220 V/SuperLog-native(22562): appendBytesBody byte array
04-27 16:36:43.214 W/Telescope_Main_(22562): type=1400 audit(0.0:1819110): avc: denied { read } for name="devfreq" dev="sysfs" ino=30092 scontext=u:r:untrusted_app:s0:c211,c258,c512,c768 tcontext=u:object_r:sysfs:s0 tclass=dir permissive=0
04-27 16:36:43.221 D/MainProcessLifeManager(22562): onActivityResumed:22562, 94318009
04-27 16:36:43.214 W/Telescope_Main_(22562): type=1400 audit(0.0:1819111): avc: denied { read } for name="devfreq" dev="sysfs" ino=30092 scontext=u:r:untrusted_app:s0:c211,c258,c512,c768 tcontext=u:object_r:sysfs:s0 tclass=dir permissive=0
04-27 16:36:43.222 V/SuperLog-native(22562): appendBytesBody byte array
04-27 16:36:43.226 E/FlutterEnginePluginRegistry(22562): Attempted to detach plugins from an Activity when no Activity was attached.
04-27 16:36:43.227 I/flutter (22562): update semantics Exception:NoSuchMethodError: The getter 'rootSemanticsNode' was called on null.
04-27 16:36:43.227 I/flutter (22562): Receiver: null
04-27 16:36:43.227 I/flutter (22562): Tried calling: rootSemanticsNode
04-27 16:36:43.228 I/flutter (22562): isAndroid=true,didChangeAppLifecycleState AppLifecycleState.resumed
04-27 16:36:43.228 I/flutter (22562): IFEditorDisplayViewState didChangeAppLifecycleState AppLifecycleState.resumed
04-27 16:36:43.231 V/UiModeManager( 1693): switch night mode to 1
04-27 16:36:43.232 E/IFEditorPlugin(22562): onMethodCall resume_edit
04-27 16:36:43.232 E/IFEditorPlugin(22562): resume_edit 
04-27 16:36:43.233 E/ImmerseTheme(22562): current MANUFACTURER=xiaomi
04-27 16:36:43.224 W/Binder:3850_4( 3850): type=1400 audit(0.0:1819112): avc: denied { getattr } for path="/proc/22562/task/22562/comm" dev="proc" ino=24941526 scontext=u:r:system_app:s0 tcontext=u:r:untrusted_app:s0:c211,c258,c512,c768 tclass=file permissive=0
04-27 16:36:43.251 E/ImmerseTheme(22562): setMIUISetStatusBarLightMode MIUI > 9
04-27 16:36:43.257 I/Timeline( 1693): Timeline: App_transition_ready time:563823261
04-27 16:36:43.259 I/Timeline( 1693): Timeline: App_transition_ready time:563823263
04-27 16:36:43.273 I/Timeline( 1693): Timeline: App_transition_ready time:563823277
04-27 16:36:43.278 I/flutter (22562): _doInputTagRequest fail, the params is same, not need request
04-27 16:36:43.279 I/flutter (22562): _doInputTagRequest fail, the params is same, not need request
04-27 16:36:43.303 I/WifiService( 1693): startScan uid=10723
04-27 16:36:43.306 D/WifiGbk ( 1693): getRandUtfOrGbkBytes - ssid="小米手机" rand=132
04-27 16:36:43.307 I/ThermalEngine(  885): handle_thresh_sig: SS Id SS-CLUSTER1-SP1, Read xo_therm 43000mC
04-27 16:36:43.307 E/WifiHAL (  729): Received UMAC message with insufficent length: 128
04-27 16:36:43.307 E/WifiHAL (  729): Received UMAC message with insufficent length: 914
04-27 16:36:43.308 E/WifiHAL (  729): Received UMAC message with insufficent length: 48
04-27 16:36:43.320 I/flutter (22562): IFEditorDisplayViewState dispose
04-27 16:36:43.323 I/flutter (22562): IFAlbumGridCellStatedispose grp_index:0 img_index:56texIndex:270 
04-27 16:36:43.323 I/flutter (22562): IFAlbumGridCellStatedispose grp_index:0 img_index:57texIndex:265 
04-27 16:36:43.323 I/flutter (22562): IFAlbumGridCellStatedispose grp_index:0 img_index:58texIndex:264 
04-27 16:36:43.323 I/flutter (22562): IFAlbumGridCellStatedispose grp_index:0 img_index:59texIndex:263 
04-27 16:36:43.323 I/flutter (22562): IFAlbumGridCellStatedispose grp_index:0 img_index:60texIndex:266 
04-27 16:36:43.324 I/flutter (22562): IFAlbumGridCellStatedispose grp_index:0 img_index:61texIndex:269 
04-27 16:36:43.324 I/flutter (22562): IFAlbumGridCellStatedispose grp_index:0 img_index:62texIndex:268 
04-27 16:36:43.324 I/flutter (22562): IFAlbumGridCellStatedispose grp_index:0 img_index:63texIndex:267 
04-27 16:36:43.324 I/flutter (22562): IFAlbumGridCellStatedispose grp_index:0 img_index:64texIndex:278 
04-27 16:36:43.324 I/flutter (22562): IFAlbumGridCellStatedispose grp_index:0 img_index:65texIndex:277 
04-27 16:36:43.324 I/flutter (22562): IFAlbumGridCellStatedispose grp_index:0 img_index:66texIndex:276 
04-27 16:36:43.324 I/flutter (22562): IFAlbumGridCellStatedispose grp_index:0 img_index:67texIndex:271 
04-27 16:36:43.325 I/flutter (22562): IFAlbumGridCellStatedispose grp_index:0 img_index:68texIndex:275 
04-27 16:36:43.325 I/flutter (22562): IFAlbumGridCellStatedispose grp_index:0 img_index:69texIndex:274 
04-27 16:36:43.325 I/flutter (22562): IFAlbumGridCellStatedispose grp_index:0 img_index:70texIndex:273 
04-27 16:36:43.325 I/flutter (22562): IFAlbumGridCellStatedispose grp_index:0 img_index:71texIndex:272 
04-27 16:36:43.325 I/flutter (22562): IFAlbumGridCellStatedispose grp_index:0 img_index:72texIndex:279 
04-27 16:36:43.325 I/flutter (22562): IFAlbumGridCellStatedispose grp_index:0 img_index:73texIndex:282 
04-27 16:36:43.325 I/flutter (22562): IFAlbumGridCellStatedispose grp_index:0 img_index:74texIndex:281 
04-27 16:36:43.326 I/flutter (22562): IFAlbumGridCellStatedispose grp_index:0 img_index:75texIndex:280 
04-27 16:36:43.326 I/flutter (22562): IFAlbumGridCellStatedispose grp_index:0 img_index:76texIndex:283 
04-27 16:36:43.326 I/flutter (22562): IFAlbumGridCellStatedispose grp_index:0 img_index:77texIndex:286 
04-27 16:36:43.326 I/flutter (22562): IFAlbumGridCellStatedispose grp_index:0 img_index:78texIndex:285 
04-27 16:36:43.326 I/flutter (22562): IFAlbumGridCellStatedispose grp_index:0 img_index:79texIndex:284 
04-27 16:36:43.326 I/flutter (22562): IFAlbumGridCellStatedispose grp_index:0 img_index:80texIndex:287 
04-27 16:36:43.326 I/flutter (22562): IFAlbumGridCellStatedispose grp_index:0 img_index:81texIndex:290 
04-27 16:36:43.327 I/flutter (22562): IFAlbumGridCellStatedispose grp_index:0 img_index:82texIndex:289 
04-27 16:36:43.327 I/flutter (22562): IFAlbumGridCellStatedispose grp_index:0 img_index:83texIndex:288 
04-27 16:36:43.327 I/flutter (22562): IFAlbumGridCellStatedispose grp_index:0 img_index:84texIndex:291 
04-27 16:36:43.327 I/flutter (22562): IFAlbumGridCellStatedispose grp_index:0 img_index:85texIndex:296 
04-27 16:36:43.327 I/flutter (22562): IFAlbumGridCellStatedispose grp_index:0 img_index:86texIndex:295 
04-27 16:36:43.327 I/flutter (22562): IFAlbumGridCellStatedispose grp_index:0 img_index:87texIndex:294 
04-27 16:36:43.327 I/flutter (22562): IFAlbumGridCellStatedispose grp_index:0 img_index:88texIndex:293 
04-27 16:36:43.327 I/flutter (22562): IFAlbumGridCellStatedispose grp_index:0 img_index:89texIndex:292 
04-27 16:36:43.328 I/flutter (22562): _MainPageAnimationWidgetState dispose
04-27 16:36:43.347 I/Timeline( 1693): Timeline: App_transition_ready time:563823351
04-27 16:36:43.353 D/StatusBar(25857): disable<e i a s b h r c s > disable2<q i n g r >
04-27 16:36:43.354 D/StatusBarClock(25857):  isNormalMode= true clock visible=true
04-27 16:36:43.354 D/PowerKeeper.Event( 3075): notifyExitFullScreen
04-27 16:36:43.358 I/ActivityManager( 1693): Displayed com.taobao.idlefish/com.idlefish.flutterbridge.flutterboost.IdleFishFlutterActivity: +170ms
04-27 16:36:43.425 I/RestApi (22562): RestAPI start send log by url!
04-27 16:36:43.445 I/RestApi (22562): RestAPI build data succ by url!
04-27 16:36:43.445 I/MotuCrashAdapter(22562): send business err success
04-27 16:36:43.451 I/RestApi (22562): send url :ak=21407387&av=6.6.85.3&avsys=6.6.85.3&c=700765&d=XCCoK7YvgfUDAOjHYF7AzxJW&sv=6.5.1.3
04-27 16:36:43.478 D/RestApi (22562): sendRequest use adashx, bytes length : 21531
04-27 16:36:43.480 D/RestApi (22562): signValue:840dfd29f9ba554d6ab7a8c227b3222c22a72b11
04-27 16:36:43.494 I/taobao.idlefis(22562): Explicit concurrent copying GC freed 43661(2MB) AllocSpace objects, 9(6MB) LOS objects, 50% free, 19MB/38MB, paused 173us total 151.012ms
04-27 16:36:43.593 D/RestApi (22562): hosth-adashx.ut.taobao.comport443autoClosetrue
04-27 16:36:43.596 D/StrictMode(22562): StrictMode policy violation: android.os.strictmode.LeakedClosableViolation: A resource was acquired at attached stack trace but never released. See java.io.Closeable for information on avoiding resource leaks.
04-27 16:36:43.596 D/StrictMode(22562): 	at android.os.StrictMode$AndroidCloseGuardReporter.report(StrictMode.java:1786)
04-27 16:36:43.596 D/StrictMode(22562): 	at dalvik.system.CloseGuard.warnIfOpen(CloseGuard.java:264)
04-27 16:36:43.596 D/StrictMode(22562): 	at android.view.Surface.finalize(Surface.java:216)
04-27 16:36:43.596 D/StrictMode(22562): 	at java.lang.reflect.Method.invoke(Native Method)
04-27 16:36:43.596 D/StrictMode(22562): 	at com.alibaba.motu.crashreporter.lab.FinalizeFake$FakeFinalizerDaemon.doFinalize(Taobao:247)
04-27 16:36:43.596 D/StrictMode(22562): 	at com.alibaba.motu.crashreporter.lab.FinalizeFake$FakeFinalizerDaemon.run(Taobao:229)
04-27 16:36:43.596 D/StrictMode(22562): 	at java.lang.Thread.run(Thread.java:764)
04-27 16:36:43.596 D/StrictMode(22562): Caused by: java.lang.Throwable: Explicit termination method 'release' not called
04-27 16:36:43.596 D/StrictMode(22562): 	at dalvik.system.CloseGuard.open(CloseGuard.java:221)
04-27 16:36:43.596 D/StrictMode(22562): 	at android.view.Surface.setNativeObjectLocked(Surface.java:618)
04-27 16:36:43.596 D/StrictMode(22562): 	at android.view.Surface.<init>(Surface.java:201)
04-27 16:36:43.596 D/StrictMode(22562): 	at io.flutter.embedding.android.FlutterTextureView.connectSurfaceToRenderer(Taobao:175)
04-27 16:36:43.596 D/StrictMode(22562): 	at io.flutter.embedding.android.FlutterTextureView.access$200(Taobao:34)
04-27 16:36:43.596 D/StrictMode(22562): 	at io.flutter.embedding.android.FlutterTextureView$1.onSurfaceTextureAvailable(Taobao:54)
04-27 16:36:43.596 D/StrictMode(22562): 	at android.view.TextureView.getTextureLayer(TextureView.java:390)
04-27 16:36:43.596 D/StrictMode(22562): 	at android.view.TextureView.draw(TextureView.java:339)
04-27 16:36:43.596 D/StrictMode(22562): 	at android.view.View.updateDisplayListIfDirty(View.java:19109)
04-27 16:36:43.596 D/StrictMode(22562): 	at android.view.View.draw(View.java:19962)
04-27 16:36:43.596 D/StrictMode(22562): 	at android.view.ViewGroup.drawChild(ViewGroup.java:4337)
04-27 16:36:43.596 D/StrictMode(22562): 	at android.view.ViewGroup.dispatchDraw(ViewGroup.java:4114)
04-27 16:36:43.596 D/StrictMode(22562): 	at android.view.View.updateDisplayListIfDirty(View.java:19100)
04-27 16:36:43.596 D/StrictMode(22562): 	at android.view.View.draw(View.java:19962)
04-27 16:36:43.596 D/StrictMode(22562): 	at android.view.ViewGroup.drawChild(ViewGroup.java:4337)
04-27 16:36:43.596 D/StrictMode(22562): 	at android.view.ViewGroup.dispatchDraw(ViewGroup.java:4114)
04-27 16:36:43.596 D/StrictMode(22562): 	at android.view.View.updateDisplayListIfDirty(View.java:19100)
04-27 16:36:43.596 D/StrictMode(22562): 	at android.view.View.draw(View.java:19962)
04-27 16:36:43.596 D/StrictMode(22562): 	at android.view.ViewGroup.drawChild(ViewGroup.java:4337)
04-27 16:36:43.596 D/StrictMode(22562): 	at android.view.ViewGroup.dispatchDraw(ViewGroup.java:4114)
04-27 16:36:43.596 D/StrictMode(22562): 	at android.view.View.updateDisplayListIfDirty(View.java:19100)
04-27 16:36:43.596 D/StrictMode(22562): 	at android.view.View.draw(View.java:19962)
04-27 16:36:43.596 D/StrictMode(22562): 	at android.view.ViewGroup.drawChild(ViewGroup.java:4337)
04-27 16:36:43.596 D/StrictMode(22562): 	at android.view.ViewGroup.dispatchDraw(ViewGroup.java:4114)
04-27 16:36:43.596 D/StrictMode(22562): 	at android.view.View.updateDisplayListIfDirty(View.java:19100)
04-27 16:36:43.596 D/StrictMode(22562): 	at android.view.View.draw(View.java:19962)
04-27 16:36:43.596 D/StrictMode(22562): 	at android.view.ViewGroup.drawChild(ViewGroup.java:4337)
04-27 16:36:43.596 D/StrictMode(22562): 	at android.view.ViewGroup.dispatchDraw(ViewGroup.java:4114)
04-27 16:36:43.596 D/StrictMode(22562): 	at android.view.View.draw(View.java:20237)
04-27 16:36:43.596 D/StrictMode(22562): 	at com.android.internal.policy.DecorView.draw(DecorView.java:784)
04-27 16:36:43.596 D/StrictMode(22562): 	at android.view.View.updateDisplayListIfDirty(View.java:19109)
04-27 16:36:43.596 D/StrictMode(22562): 	at android.view.ThreadedRenderer.updateViewTreeDisplayList(ThreadedRenderer.java:695)
04-27 16:36:43.596 D/StrictMode(22562): 	at android.view.ThreadedRenderer.updateRootDisplayList(ThreadedRenderer.java:701)
04-27 16:36:43.596 D/StrictMode(22562): 	at android.view.ThreadedRenderer.draw(ThreadedRenderer.java:810)
04-27 16:36:43.596 D/StrictMode(22562): 	at android.view.ViewRootImpl.draw(ViewRootImpl.java:3390)
04-27 16:36:43.596 D/StrictMode(22562): 	at android.view.ViewRootImpl.performDraw(ViewRootImpl.java:3187)
04-27 16:36:43.596 D/StrictMode(22562): 	at android.view.ViewRootImpl.performTraversals(ViewRootImpl.java:2556)
04-27 16:36:43.596 D/StrictMode(22562): 	at android.view.ViewRootImpl.doTraversal(ViewRootImpl.java:1527)
04-27 16:36:43.596 D/StrictMode(22562): 	at android.view.ViewRootImpl$TraversalRunnable.run(ViewRootImpl.java:7397)
04-27 16:36:43.596 D/StrictMode(22562): 	at android.view.Choreographer$CallbackRecord.run(Choreographer.java:1041)
04-27 16:36:43.596 D/StrictMode(22562): 	at android.view.Choreographer.doCallbacks(Choreographer.java:836)
04-27 16:36:43.596 D/StrictMode(22562): 	at android.view.Choreographer.doFrame(Choreographer.java:771)
04-27 16:36:43.596 D/StrictMode(22562): 	at android.view.Choreographer$FrameDisplayEventReceiver.run(Choreographer.java:1027)
04-27 16:36:43.596 D/StrictMode(22562): 	at android.os.Handler.handleCallback(Handler.java:873)
04-27 16:36:43.596 D/StrictMode(22562): 	at android.os.Handler.dispatchMessage(Handler.java:99)
04-27 16:36:43.596 D/StrictMode(22562): 	at android.os.Looper.loop(Looper.java:207)
04-27 16:36:43.596 D/StrictMode(22562): 	at android.app.ActivityThread.main(ActivityThread.java:6878)
04-27 16:36:43.596 D/StrictMode(22562): 	at java.lang.reflect.Method.invoke(Native Method)
04-27 16:36:43.596 D/StrictMode(22562): 	at com.android.internal.os.RuntimeInit$MethodAndArgsCaller.run(RuntimeInit.java:547)
04-27 16:36:43.596 D/StrictMode(22562): 	at com.android.internal.os.ZygoteInit.main(ZygoteInit.java:876)
04-27 16:36:43.612 D/FTLogger(22562): FULLTRACE:->send rawBody type: 0x4, time:1587976603612, Body:[B@af022b
04-27 16:36:43.612 V/Fulltrace-native(22562): appendBytesBody byte array
04-27 16:36:43.624 D/FTLogger(22562): FULLTRACE:->send nobody type: 0x17
04-27 16:36:43.624 I/RestApi (22562): RestAPI start send log by url!
04-27 16:36:43.625 V/Fulltrace-native(22562): appendNoBody appendNoBody
04-27 16:36:43.625 D/FTLogger(22562): FULLTRACE:->send nobody type: 0x16
04-27 16:36:43.625 V/Fulltrace-native(22562): appendNoBody appendNoBody
04-27 16:36:43.626 I/RestApi (22562): RestAPI build data succ by url!
04-27 16:36:43.633 I/<aus>UploaderManager(22562): 85420657 initialize, is initialized !
04-27 16:36:43.634 E/IFAlbumPlugin(22562): onMethodCall dispose
04-27 16:36:43.634 E/IFAlbumPlugin(22562): onMethodCall     dispose args={asset_index=56, texture_id=270, group_index=0, image_type=0}
04-27 16:36:43.634 E/AlbumDataProvider(22562): deleteTexture missed!!!
04-27 16:36:43.634 W/<aus>AbstractUploaderAction(22562): 186226183 onStart, state:0 notifyType:5 session:101004084
04-27 16:36:43.634 E/IFAlbumPlugin(22562): onMethodCall dispose
04-27 16:36:43.634 D/<aus>AbstractUploaderAction(22562): 186226183 setState, oldState:0 state:1
04-27 16:36:43.634 E/IFAlbumPlugin(22562): onMethodCall     dispose args={asset_index=57, texture_id=265, group_index=0, image_type=0}
04-27 16:36:43.634 E/AlbumDataProvider(22562): deleteTexture missed!!!
04-27 16:36:43.634 E/IFAlbumPlugin(22562): onMethodCall dispose
04-27 16:36:43.634 E/IFAlbumPlugin(22562): onMethodCall     dispose args={asset_index=58, texture_id=264, group_index=0, image_type=0}
04-27 16:36:43.634 E/AlbumDataProvider(22562): deleteTexture missed!!!
04-27 16:36:43.634 E/IFAlbumPlugin(22562): onMethodCall dispose
04-27 16:36:43.634 E/IFAlbumPlugin(22562): onMethodCall     dispose args={asset_index=59, texture_id=263, group_index=0, image_type=0}
04-27 16:36:43.634 E/AlbumDataProvider(22562): deleteTexture missed!!!
04-27 16:36:43.634 D/<aus>AbstractUploaderAction(22562): 186226183 submit timeConsuming, session:101004084 state:1
04-27 16:36:43.634 E/IFAlbumPlugin(22562): onMethodCall dispose
04-27 16:36:43.634 E/IFAlbumPlugin(22562): onMethodCall     dispose args={asset_index=60, texture_id=266, group_index=0, image_type=0}
04-27 16:36:43.634 I/<aus>UploaderManager(22562): 85420657 startAction task:196304594
04-27 16:36:43.634 E/AlbumDataProvider(22562): deleteTexture missed!!!
04-27 16:36:43.634 E/IFAlbumPlugin(22562): onMethodCall dispose
04-27 16:36:43.634 E/IFAlbumPlugin(22562): onMethodCall     dispose args={asset_index=61, texture_id=269, group_index=0, image_type=0}
04-27 16:36:43.634 E/AlbumDataProvider(22562): deleteTexture missed!!!
04-27 16:36:43.634 I/<aus>UploaderManager(22562): 85420657 doUpload, remove count down, start, task:196304594
04-27 16:36:43.634 E/IFAlbumPlugin(22562): onMethodCall dispose
04-27 16:36:43.634 E/IFAlbumPlugin(22562): onMethodCall     dispose args={asset_index=62, texture_id=268, group_index=0, image_type=0}
04-27 16:36:43.634 E/AlbumDataProvider(22562): deleteTexture missed!!!
04-27 16:36:43.634 E/IFAlbumPlugin(22562): onMethodCall dispose
04-27 16:36:43.634 E/IFAlbumPlugin(22562): onMethodCall     dispose args={asset_index=63, texture_id=267, group_index=0, image_type=0}
04-27 16:36:43.634 E/AlbumDataProvider(22562): deleteTexture missed!!!
04-27 16:36:43.634 E/IFAlbumPlugin(22562): onMethodCall dispose
04-27 16:36:43.634 E/IFAlbumPlugin(22562): onMethodCall     dispose args={asset_index=64, texture_id=278, group_index=0, image_type=0}
04-27 16:36:43.634 E/AlbumDataProvider(22562): deleteTexture missed!!!
04-27 16:36:43.634 E/IFAlbumPlugin(22562): onMethodCall dispose
04-27 16:36:43.634 E/IFAlbumPlugin(22562): onMethodCall     dispose args={asset_index=65, texture_id=277, group_index=0, image_type=0}
04-27 16:36:43.634 E/AlbumDataProvider(22562): deleteTexture missed!!!
04-27 16:36:43.634 E/IFAlbumPlugin(22562): onMethodCall dispose
04-27 16:36:43.634 W/<aus>AbstractUploaderAction(22562): 179276707 onStart, state:0 notifyType:5 session:207376032
04-27 16:36:43.634 E/IFAlbumPlugin(22562): onMethodCall     dispose args={asset_index=66, texture_id=276, group_index=0, image_type=0}
04-27 16:36:43.634 E/AlbumDataProvider(22562): deleteTexture missed!!!
04-27 16:36:43.634 D/<aus>AbstractUploaderAction(22562): 179276707 setState, oldState:0 state:1
04-27 16:36:43.634 E/IFAlbumPlugin(22562): onMethodCall dispose
04-27 16:36:43.634 E/IFAlbumPlugin(22562): onMethodCall     dispose args={asset_index=67, texture_id=271, group_index=0, image_type=0}
04-27 16:36:43.635 E/AlbumDataProvider(22562): deleteTexture missed!!!
04-27 16:36:43.635 D/<aus>AbstractUploaderAction(22562): 179276707 submit timeConsuming, session:207376032 state:1
04-27 16:36:43.635 E/IFAlbumPlugin(22562): onMethodCall dispose
04-27 16:36:43.635 E/IFAlbumPlugin(22562): onMethodCall     dispose args={asset_index=68, texture_id=275, group_index=0, image_type=0}
04-27 16:36:43.635 I/<aus>UploaderManager(22562): 85420657 startAction task:50489945
04-27 16:36:43.635 E/AlbumDataProvider(22562): deleteTexture missed!!!
04-27 16:36:43.635 I/<aus>UploaderManager(22562): 85420657 doUpload, remove count down, start, task:50489945
04-27 16:36:43.635 E/IFAlbumPlugin(22562): onMethodCall dispose
04-27 16:36:43.635 E/IFAlbumPlugin(22562): onMethodCall     dispose args={asset_index=69, texture_id=274, group_index=0, image_type=0}
04-27 16:36:43.635 E/AlbumDataProvider(22562): deleteTexture missed!!!
04-27 16:36:43.635 E/IFAlbumPlugin(22562): onMethodCall dispose
04-27 16:36:43.635 E/IFAlbumPlugin(22562): onMethodCall     dispose args={asset_index=70, texture_id=273, group_index=0, image_type=0}
04-27 16:36:43.635 E/AlbumDataProvider(22562): deleteTexture missed!!!
04-27 16:36:43.635 E/IFAlbumPlugin(22562): onMethodCall dispose
04-27 16:36:43.635 E/IFAlbumPlugin(22562): onMethodCall     dispose args={asset_index=71, texture_id=272, group_index=0, image_type=0}
04-27 16:36:43.635 E/AlbumDataProvider(22562): deleteTexture missed!!!
04-27 16:36:43.635 E/IFAlbumPlugin(22562): onMethodCall dispose
04-27 16:36:43.635 E/IFAlbumPlugin(22562): onMethodCall     dispose args={asset_index=72, texture_id=279, group_index=0, image_type=0}
04-27 16:36:43.635 E/AlbumDataProvider(22562): deleteTexture missed!!!
04-27 16:36:43.635 E/IFAlbumPlugin(22562): onMethodCall dispose
04-27 16:36:43.635 E/IFAlbumPlugin(22562): onMethodCall     dispose args={asset_index=73, texture_id=282, group_index=0, image_type=0}
04-27 16:36:43.635 E/AlbumDataProvider(22562): deleteTexture missed!!!
04-27 16:36:43.635 E/IFAlbumPlugin(22562): onMethodCall dispose
04-27 16:36:43.635 E/IFAlbumPlugin(22562): onMethodCall     dispose args={asset_index=74, texture_id=281, group_index=0, image_type=0}
04-27 16:36:43.635 E/AlbumDataProvider(22562): deleteTexture missed!!!
04-27 16:36:43.635 E/IFAlbumPlugin(22562): onMethodCall dispose
04-27 16:36:43.635 E/IFAlbumPlugin(22562): onMethodCall     dispose args={asset_index=75, texture_id=280, group_index=0, image_type=0}
04-27 16:36:43.635 E/AlbumDataProvider(22562): deleteTexture missed!!!
04-27 16:36:43.635 E/IFAlbumPlugin(22562): onMethodCall dispose
04-27 16:36:43.635 E/IFAlbumPlugin(22562): onMethodCall     dispose args={asset_index=76, texture_id=283, group_index=0, image_type=0}
04-27 16:36:43.635 E/AlbumDataProvider(22562): deleteTexture missed!!!
04-27 16:36:43.635 E/IFAlbumPlugin(22562): onMethodCall dispose
04-27 16:36:43.635 E/IFAlbumPlugin(22562): onMethodCall     dispose args={asset_index=77, texture_id=286, group_index=0, image_type=0}
04-27 16:36:43.635 E/AlbumDataProvider(22562): deleteTexture missed!!!
04-27 16:36:43.635 E/IFAlbumPlugin(22562): onMethodCall dispose
04-27 16:36:43.635 E/IFAlbumPlugin(22562): onMethodCall     dispose args={asset_index=78, texture_id=285, group_index=0, image_type=0}
04-27 16:36:43.635 E/AlbumDataProvider(22562): deleteTexture missed!!!
04-27 16:36:43.635 E/IFAlbumPlugin(22562): onMethodCall dispose
04-27 16:36:43.635 E/IFAlbumPlugin(22562): onMethodCall     dispose args={asset_index=79, texture_id=284, group_index=0, image_type=0}
04-27 16:36:43.635 E/AlbumDataProvider(22562): deleteTexture missed!!!
04-27 16:36:43.635 E/IFAlbumPlugin(22562): onMethodCall dispose
04-27 16:36:43.635 E/IFAlbumPlugin(22562): onMethodCall     dispose args={asset_index=80, texture_id=287, group_index=0, image_type=0}
04-27 16:36:43.635 E/AlbumDataProvider(22562): deleteTexture missed!!!
04-27 16:36:43.635 E/IFAlbumPlugin(22562): onMethodCall dispose
04-27 16:36:43.636 E/IFAlbumPlugin(22562): onMethodCall     dispose args={asset_index=81, texture_id=290, group_index=0, image_type=0}
04-27 16:36:43.636 E/AlbumDataProvider(22562): deleteTexture missed!!!
04-27 16:36:43.636 E/IFAlbumPlugin(22562): onMethodCall dispose
04-27 16:36:43.636 E/IFAlbumPlugin(22562): onMethodCall     dispose args={asset_index=82, texture_id=289, group_index=0, image_type=0}
04-27 16:36:43.636 E/AlbumDataProvider(22562): deleteTexture missed!!!
04-27 16:36:43.636 E/IFAlbumPlugin(22562): onMethodCall dispose
04-27 16:36:43.636 E/IFAlbumPlugin(22562): onMethodCall     dispose args={asset_index=83, texture_id=288, group_index=0, image_type=0}
04-27 16:36:43.636 E/AlbumDataProvider(22562): deleteTexture missed!!!
04-27 16:36:43.636 E/IFAlbumPlugin(22562): onMethodCall dispose
04-27 16:36:43.636 E/IFAlbumPlugin(22562): onMethodCall     dispose args={asset_index=84, texture_id=291, group_index=0, image_type=0}
04-27 16:36:43.636 E/AlbumDataProvider(22562): deleteTexture missed!!!
04-27 16:36:43.636 E/IFAlbumPlugin(22562): onMethodCall dispose
04-27 16:36:43.636 E/IFAlbumPlugin(22562): onMethodCall     dispose args={asset_index=85, texture_id=296, group_index=0, image_type=0}
04-27 16:36:43.636 E/AlbumDataProvider(22562): deleteTexture missed!!!
04-27 16:36:43.636 E/IFAlbumPlugin(22562): onMethodCall dispose
04-27 16:36:43.636 E/IFAlbumPlugin(22562): onMethodCall     dispose args={asset_index=86, texture_id=295, group_index=0, image_type=0}
04-27 16:36:43.636 E/AlbumDataProvider(22562): deleteTexture missed!!!
04-27 16:36:43.636 E/IFAlbumPlugin(22562): onMethodCall dispose
04-27 16:36:43.636 E/IFAlbumPlugin(22562): onMethodCall     dispose args={asset_index=87, texture_id=294, group_index=0, image_type=0}
04-27 16:36:43.636 E/AlbumDataProvider(22562): deleteTexture missed!!!
04-27 16:36:43.636 E/IFAlbumPlugin(22562): onMethodCall dispose
04-27 16:36:43.636 E/IFAlbumPlugin(22562): onMethodCall     dispose args={asset_index=88, texture_id=293, group_index=0, image_type=0}
04-27 16:36:43.636 E/AlbumDataProvider(22562): deleteTexture missed!!!
04-27 16:36:43.636 E/IFAlbumPlugin(22562): onMethodCall dispose
04-27 16:36:43.636 E/IFAlbumPlugin(22562): onMethodCall     dispose args={asset_index=89, texture_id=292, group_index=0, image_type=0}
04-27 16:36:43.636 E/AlbumDataProvider(22562): deleteTexture missed!!!
04-27 16:36:43.636 E/IFAlbumPlugin(22562): onMethodCall dispose
04-27 16:36:43.636 E/IFAlbumPlugin(22562): onMethodCall     dispose args={asset_index=0, texture_id=152, group_index=0, image_type=0}
04-27 16:36:43.636 E/AlbumDataProvider(22562): deleteTexture missed!!!
04-27 16:36:43.636 E/IFAlbumPlugin(22562): onMethodCall dispose
04-27 16:36:43.636 E/IFAlbumPlugin(22562): onMethodCall     dispose args={asset_index=0, texture_id=189, group_index=1, image_type=0}
04-27 16:36:43.636 E/AlbumDataProvider(22562): deleteTexture missed!!!
04-27 16:36:43.636 E/IFAlbumPlugin(22562): onMethodCall dispose
04-27 16:36:43.636 E/IFAlbumPlugin(22562): onMethodCall     dispose args={asset_index=0, texture_id=188, group_index=2, image_type=0}
04-27 16:36:43.636 E/AlbumDataProvider(22562): deleteTexture missed!!!
04-27 16:36:43.636 E/IFAlbumPlugin(22562): onMethodCall dispose
04-27 16:36:43.636 E/IFAlbumPlugin(22562): onMethodCall     dispose args={asset_index=0, texture_id=153, group_index=3, image_type=0}
