--------- beginning of main
04-27 16:36:25.713 I/taobao.idlefis(22562): Explicit concurrent copying GC freed 7542(564KB) AllocSpace objects, 1(20KB) LOS objects, 50% free, 16MB/32MB, paused 487us total 352.973ms
04-27 16:36:25.815 D/FTLogger(22562): FULLTRACE:->send nobody type: 0x16
04-27 16:36:25.815 V/Fulltrace-native(22562): appendNoBody appendNoBody
--------- beginning of system
04-27 16:36:25.836 D/PerfShielderService( 1693): com.taobao.idlefish|com.taobao.idlefish/com.idlefish.flutterbridge.flutterboost.IdleFishAVFlutterActivity|176|563804919974667|176|0|1
04-27 16:36:25.837 W/CameraClient(  898): lockIfMessageWanted(16): dropped unwanted message
04-27 16:36:25.837 W/MiuiPerfServiceClient( 3850): interceptAndQueuing:22562|com.taobao.idlefish|176|176|unknown|null|com.taobao.idlefish/com.idlefish.flutterbridge.flutterboost.IdleFishAVFlutterActivity|563804919974667|Slow main thread|1
04-27 16:36:26.063 I/ThermalEngine(  885): handle_thresh_sig: SS Id SS-CLUSTER1-SP1, Read xo_therm 43000mC
04-27 16:36:26.425 I/taobao.idlefis(22562): Explicit concurrent copying GC freed 54137(4MB) AllocSpace objects, 30(624KB) LOS objects, 49% free, 14MB/28MB, paused 835us total 274.739ms
04-27 16:36:26.554 D/FTLogger(22562): FULLTRACE:->send nobody type: 0x16
04-27 16:36:26.554 V/Fulltrace-native(22562): appendNoBody appendNoBody
04-27 16:36:26.572 I/ThermalEngine(  885): handle_thresh_sig: SS Id SS-CLUSTER1-SP1, Read xo_therm 43000mC
04-27 16:36:27.059 V/PushStatsChannel(21506): Do not need pending, ignore upload data.
04-27 16:36:27.078 I/ThermalEngine(  885): handle_thresh_sig: SS Id SS-CLUSTER1-SP1, Read xo_therm 43000mC
04-27 16:36:27.137 I/taobao.idlefis(22562): Explicit concurrent copying GC freed 9980(906KB) AllocSpace objects, 5(100KB) LOS objects, 50% free, 13MB/27MB, paused 1.102ms total 233.435ms
04-27 16:36:27.264 D/FTLogger(22562): FULLTRACE:->send nobody type: 0x16
04-27 16:36:27.264 V/Fulltrace-native(22562): appendNoBody appendNoBody
04-27 16:36:27.486 E/ANDR-PERF-MPCTL(  735): poll() has timed out for /sys/module/msm_performance/events/cpu_hotplug
04-27 16:36:27.486 E/ANDR-PERF-MPCTL(  735): Block on poll()
04-27 16:36:27.594 I/ThermalEngine(  885): handle_thresh_sig: SS Id SS-CLUSTER1-SP1, Read xo_therm 43000mC
04-27 16:36:27.823 I/taobao.idlefis(22562): Explicit concurrent copying GC freed 6807(497KB) AllocSpace objects, 1(20KB) LOS objects, 50% free, 13MB/27MB, paused 306us total 254.438ms
04-27 16:36:27.823 I/taobao.idlefis(22562): WaitForGcToComplete blocked HeapTrim on HeapTrim for 208.621ms
04-27 16:36:27.983 D/FTLogger(22562): FULLTRACE:->send nobody type: 0x16
04-27 16:36:27.983 V/Fulltrace-native(22562): appendNoBody appendNoBody
04-27 16:36:27.986 D/<aus>LongLivedConnection(22562): 22787947 closeAsync
04-27 16:36:27.986 I/<aus>CustomizedSession(22562): 229761736 CustomizedSession closeSession,session:71320288
04-27 16:36:27.986 D/<aus>LongLivedConnection(22562): 23112660 closeAsync
04-27 16:36:27.986 I/<aus>CustomizedSession(22562): 75231613 CustomizedSession closeSession,session:73192245
04-27 16:36:27.986 W/InputEventReceiver(22562): App Input: Dispatching InputEvent took 164ms in main thread! (MotionEvent: event_seq=143, seq=879594, action=ACTION_MOVE)
04-27 16:36:27.987 D/<aus>CustomizedSession(22562): 229761736 CustomizedSession spdySessionCloseCallback,session:71320288, error:-2002
04-27 16:36:27.987 W/<aus>CustomizedSession(22562): 229761736 CustomizedSession onClose, error:-2002
04-27 16:36:27.988 D/<aus>CustomizedSession(22562): 75231613 CustomizedSession spdySessionCloseCallback,session:73192245, error:-2002
04-27 16:36:27.988 W/<aus>CustomizedSession(22562): 75231613 CustomizedSession onClose, error:-2002
04-27 16:36:27.989 I/flutter (22562): _MainPageModel on TAB clicked21 2 ---> 1
04-27 16:36:27.990 E/IFAlbumPlugin(22562): onMethodCall preload_album
04-27 16:36:27.993 E/IFAlbumPlugin(22562): onMethodCall load_album
04-27 16:36:27.998 E/AlbumGLManager(22562): run ready=true
04-27 16:36:27.998 E/AlbumGLManager(22562): wait timeout
04-27 16:36:28.000 D/Grafika (22562): EGLContext created, client version 3,instanceCount=4
04-27 16:36:28.020 W/CameraClient(  898): lockIfMessageWanted(16): dropped unwanted message
04-27 16:36:28.093 I/tnet-jni(23335): 9834 - [sendCustomControlFrame] - type: -1
04-27 16:36:28.100 I/ThermalEngine(  885): handle_thresh_sig: SS Id SS-CLUSTER1-SP1, Read xo_therm 43000mC
04-27 16:36:28.108 I/tnet-jni(23335): 9773 - [spdyCustomControlFrameRecvCallback] - 
04-27 16:36:28.108 I/tnet-jni(23335): 9773 - [SpdySessionCallBack.spdyCustomControlFrameRecvCallback] - org.android.spdy.SpdySession@91e910
04-27 16:36:28.164 E/AlbumDataProvider(22562): collectImgs cost:166
04-27 16:36:28.165 E/AlbumDataProvider(22562): collectImgs use time=166
04-27 16:36:28.176 E/AlbumDataProvider(22562): collectVideos cost:12
04-27 16:36:28.179 E/AlbumDataProvider(22562): mVideoMap size=2
04-27 16:36:28.188 I/flutter (22562): album test loadAlbum finish count:11
04-27 16:36:28.189 I/flutter (22562): _StackMainPageWidget ScopedModelDescendant build
04-27 16:36:28.189 I/flutter (22562): _MainPageAnimationWidgetState initState
04-27 16:36:28.189 I/flutter (22562): _MainPageAnimationWidgetState build 2 ---> 1
04-27 16:36:28.189 I/flutter (22562): _StackMainPageWidget MainPageAnimationWidget itemBuilder
04-27 16:36:28.189 E/IFAlbumPlugin(22562): onMethodCall load_group
04-27 16:36:28.190 E/IFAlbumPlugin(22562): groupIndex=0
04-27 16:36:28.189 I/flutter (22562): _StackMainPageWidget MainPageAnimationWidget itemBuilder
04-27 16:36:28.190 I/flutter (22562): capture build
04-27 16:36:28.196 I/dlefish:channe(23335): Background concurrent copying GC freed 17833(2MB) AllocSpace objects, 30(768KB) LOS objects, 49% free, 4MB/9MB, paused 1.204ms total 137.442ms
04-27 16:36:28.198 I/flutter (22562): animation.value Size(28.0, 28.0)
04-27 16:36:28.199 I/flutter (22562): MyAlbumWidget getPreviewWidget
04-27 16:36:28.200 I/flutter (22562): _TopLevelWidgetState build
04-27 16:36:28.201 I/flutter (22562): _BottomIndicatorPageViewState initState
04-27 16:36:28.201 I/flutter (22562): _BottomIndicatorPageViewState build true,leftX=0.0,lastStartLeftX=65.6,currentSelectTabIndex=1,lastSelectTabIndex=2
04-27 16:36:28.201 I/flutter (22562): getTabColorValue i:1 curIndex 1 dis 0
04-27 16:36:28.201 I/flutter (22562): getTabAlphaValue i:1 curIndex 1 dis 0
04-27 16:36:28.201 I/flutter (22562): getTabColorValue i:2 curIndex 1 dis 1
04-27 16:36:28.201 I/flutter (22562): getTabAlphaValue i:2 curIndex 1 dis 1
04-27 16:36:28.201 I/flutter (22562): getTabColorValue i:3 curIndex 1 dis 2
04-27 16:36:28.201 I/flutter (22562): getTabAlphaValue i:3 curIndex 1 dis 2
04-27 16:36:28.223 I/flutter (22562): _MainPageAnimationWidgetState dispose
04-27 16:36:28.238 I/flutter (22562): _MainPageAnimationWidgetState build 2 ---> 1
04-27 16:36:28.239 I/flutter (22562): _StackMainPageWidget MainPageAnimationWidget itemBuilder
04-27 16:36:28.239 I/flutter (22562): _StackMainPageWidget MainPageAnimationWidget itemBuilder
04-27 16:36:28.239 I/flutter (22562): capture build
04-27 16:36:28.244 I/flutter (22562): animation.value Size(28.0, 28.0)
04-27 16:36:28.244 I/flutter (22562): MyAlbumWidget getPreviewWidget
04-27 16:36:28.247 I/flutter (22562): _BottomIndicatorPageViewState build true,leftX=22.161647999999996,lastStartLeftX=65.6,currentSelectTabIndex=1,lastSelectTabIndex=2
04-27 16:36:28.247 I/flutter (22562): getTabColorValue i:1 curIndex 1 dis 0
04-27 16:36:28.247 I/flutter (22562): getTabAlphaValue i:1 curIndex 1 dis 0
04-27 16:36:28.247 I/flutter (22562): getTabColorValue i:2 curIndex 1 dis 1
04-27 16:36:28.247 I/flutter (22562): getTabAlphaValue i:2 curIndex 1 dis 1
04-27 16:36:28.247 I/flutter (22562): getTabColorValue i:3 curIndex 1 dis 2
04-27 16:36:28.247 I/flutter (22562): getTabAlphaValue i:3 curIndex 1 dis 2
04-27 16:36:28.250 I/flutter (22562): IFAlbumModel loadImage groupIndex=0,imageIndex=0
04-27 16:36:28.250 E/IFAlbumPlugin(22562): onMethodCall load_asset
04-27 16:36:28.250 E/IFAlbumPlugin(22562): request assetIndex=0,groupIndex=0
04-27 16:36:28.250 E/AlbumDataProvider(22562): loadAsset@ start assetIndex=0
04-27 16:36:28.250 E/AlbumDataProvider(22562): in path=/storage/emulated/0/idlefish_video/camera_test_clip.mp4
04-27 16:36:28.251 I/flutter (22562): IFAlbumModel loadImage groupIndex=1,imageIndex=0
04-27 16:36:28.252 E/IFAlbumPlugin(22562): onMethodCall load_asset
04-27 16:36:28.252 E/IFAlbumPlugin(22562): request assetIndex=0,groupIndex=1
04-27 16:36:28.253 I/flutter (22562): IFAlbumModel loadImage groupIndex=2,imageIndex=0
04-27 16:36:28.254 E/IFAlbumPlugin(22562): onMethodCall load_asset
04-27 16:36:28.254 E/IFAlbumPlugin(22562): request assetIndex=0,groupIndex=2
04-27 16:36:28.255 I/flutter (22562): IFAlbumModel loadImage groupIndex=3,imageIndex=0
04-27 16:36:28.255 E/IFAlbumPlugin(22562): onMethodCall load_asset
04-27 16:36:28.255 E/IFAlbumPlugin(22562): request assetIndex=0,groupIndex=3
04-27 16:36:28.257 E/AlbumDataProvider(22562): loadAsset@ finish bitmap assetIndex=0
04-27 16:36:28.257 E/AlbumDataProvider(22562): loadAsset@ start assetIndex=0
04-27 16:36:28.257 E/AlbumGLManager(22562): loadAsset@ begin bitmap==>texture assetIndex=0,path/storage/emulated/0/idlefish_video/camera_test_clip.mp4,w=96
04-27 16:36:28.257 E/AlbumDataProvider(22562): in path=/storage/emulated/0/idlefish_video/sticker/img-897190765.png
04-27 16:36:28.257 E/AlbumDataProvider(22562): getSnapBitmap try thumbnail path=/storage/emulated/0/idlefish_video/sticker/img-897190765.png
04-27 16:36:28.257 E/IFAlbumPlugin(22562): 2 setTextureId texId=205,FlutterTexIndex=152,name=flutterIndex
04-27 16:36:28.257 E/IFAlbumPlugin(22562): setTextureId use time=0
04-27 16:36:28.258 E/AlbumDataProvider(22562): loadAsset@ onLoadAssetSuccess start 
04-27 16:36:28.258 E/AlbumDataProvider(22562): loadAsset@ end assetIndex=0,ou path=/storage/emulated/0/idlefish_video/camera_test_clip.mp4,jStr={"height":96,"isVideo":true,"path":"/storage/emulated/0/idlefish_video/camera_test_clip.mp4","textureID":152,"videoDuration":6.143,"width":96}
04-27 16:36:28.258 E/AlbumGLManager(22562): loadAsset@ end bitmap==>texture assetIndex=0
04-27 16:36:28.266 I/flutter (22562): IFAlbumModel loadImage groupIndex=0,imageIndex=56
04-27 16:36:28.266 I/flutter (22562): IFAlbumModel loadImage groupIndex=0,imageIndex=57
04-27 16:36:28.266 I/flutter (22562): IFAlbumModel loadImage groupIndex=0,imageIndex=58
04-27 16:36:28.267 I/flutter (22562): IFAlbumModel loadImage groupIndex=0,imageIndex=59
04-27 16:36:28.267 I/flutter (22562): IFAlbumModel loadImage groupIndex=0,imageIndex=60
04-27 16:36:28.267 I/flutter (22562): IFAlbumModel loadImage groupIndex=0,imageIndex=61
04-27 16:36:28.267 E/IFAlbumPlugin(22562): onMethodCall load_asset
04-27 16:36:28.267 I/flutter (22562): IFAlbumModel loadImage groupIndex=0,imageIndex=62
04-27 16:36:28.267 E/IFAlbumPlugin(22562): request assetIndex=56,groupIndex=0
04-27 16:36:28.267 E/IFAlbumPlugin(22562): onMethodCall load_asset
04-27 16:36:28.267 E/IFAlbumPlugin(22562): request assetIndex=57,groupIndex=0
04-27 16:36:28.267 E/IFAlbumPlugin(22562): onMethodCall load_asset
04-27 16:36:28.267 I/flutter (22562): IFAlbumModel loadImage groupIndex=0,imageIndex=63
04-27 16:36:28.267 E/IFAlbumPlugin(22562): request assetIndex=58,groupIndex=0
04-27 16:36:28.267 E/AlbumDataProvider(22562): loadBitmap rotate use time=0
04-27 16:36:28.267 E/IFAlbumPlugin(22562): onMethodCall load_asset
04-27 16:36:28.267 E/IFAlbumPlugin(22562): request assetIndex=59,groupIndex=0
04-27 16:36:28.267 E/AlbumDataProvider(22562): loadAsset@ finish bitmap assetIndex=0
04-27 16:36:28.267 E/IFAlbumPlugin(22562): onMethodCall load_asset
04-27 16:36:28.267 I/flutter (22562): IFAlbumModel loadImage groupIndex=0,imageIndex=64
04-27 16:36:28.267 E/IFAlbumPlugin(22562): request assetIndex=60,groupIndex=0
04-27 16:36:28.267 E/AlbumDataProvider(22562): loadAsset@ start assetIndex=60
04-27 16:36:28.268 E/AlbumDataProvider(22562): in path=/storage/emulated/0/1688SaveImage/1586316708970.jpg
04-27 16:36:28.268 E/AlbumDataProvider(22562): getSnapBitmap try thumbnail path=/storage/emulated/0/1688SaveImage/1586316708970.jpg
04-27 16:36:28.268 E/IFAlbumPlugin(22562): onMethodCall load_asset
04-27 16:36:28.268 E/IFAlbumPlugin(22562): request assetIndex=61,groupIndex=0
04-27 16:36:28.268 E/IFAlbumPlugin(22562): onMethodCall load_asset
04-27 16:36:28.268 E/IFAlbumPlugin(22562): request assetIndex=62,groupIndex=0
04-27 16:36:28.268 E/IFAlbumPlugin(22562): onMethodCall load_asset
04-27 16:36:28.268 E/IFAlbumPlugin(22562): request assetIndex=63,groupIndex=0
04-27 16:36:28.268 E/AlbumGLManager(22562): loadAsset@ begin bitmap==>texture assetIndex=0,path/storage/emulated/0/idlefish_video/sticker/img-897190765.png,w=96
04-27 16:36:28.269 E/IFAlbumPlugin(22562): onMethodCall load_asset
04-27 16:36:28.269 E/IFAlbumPlugin(22562): request assetIndex=64,groupIndex=0
04-27 16:36:28.269 E/IFAlbumPlugin(22562): 2 setTextureId texId=206,FlutterTexIndex=153,name=flutterIndex
04-27 16:36:28.269 E/IFAlbumPlugin(22562): setTextureId use time=1
04-27 16:36:28.269 E/AlbumDataProvider(22562): loadAsset@ onLoadAssetSuccess start 
04-27 16:36:28.269 I/flutter (22562): IFAlbumModel loadImage groupIndex=0,imageIndex=65
04-27 16:36:28.269 E/IFAlbumPlugin(22562): onMethodCall load_asset
04-27 16:36:28.269 E/AlbumGLManager(22562): loadAsset@ end bitmap==>texture assetIndex=0
04-27 16:36:28.269 E/IFAlbumPlugin(22562): request assetIndex=65,groupIndex=0
04-27 16:36:28.269 I/flutter (22562): IFAlbumModel loadImage groupIndex=0,imageIndex=66
04-27 16:36:28.269 I/flutter (22562): IFAlbumModel loadImage groupIndex=0,imageIndex=67
04-27 16:36:28.269 E/IFAlbumPlugin(22562): onMethodCall load_asset
04-27 16:36:28.270 E/IFAlbumPlugin(22562): request assetIndex=66,groupIndex=0
04-27 16:36:28.270 E/IFAlbumPlugin(22562): onMethodCall load_asset
04-27 16:36:28.270 I/flutter (22562): IFAlbumModel loadImage groupIndex=0,imageIndex=68
04-27 16:36:28.270 E/IFAlbumPlugin(22562): request assetIndex=67,groupIndex=0
04-27 16:36:28.270 E/IFAlbumPlugin(22562): onMethodCall load_asset
04-27 16:36:28.270 E/IFAlbumPlugin(22562): request assetIndex=68,groupIndex=0
04-27 16:36:28.270 I/flutter (22562): IFAlbumModel loadImage groupIndex=0,imageIndex=69
04-27 16:36:28.270 E/IFAlbumPlugin(22562): onMethodCall load_asset
04-27 16:36:28.270 E/IFAlbumPlugin(22562): request assetIndex=69,groupIndex=0
04-27 16:36:28.270 I/flutter (22562): IFAlbumModel loadImage groupIndex=0,imageIndex=70
04-27 16:36:28.271 E/IFAlbumPlugin(22562): onMethodCall load_asset
04-27 16:36:28.271 E/IFAlbumPlugin(22562): request assetIndex=70,groupIndex=0
04-27 16:36:28.271 I/flutter (22562): IFAlbumModel loadImage groupIndex=0,imageIndex=71
04-27 16:36:28.271 E/IFAlbumPlugin(22562): onMethodCall load_asset
04-27 16:36:28.271 E/IFAlbumPlugin(22562): request assetIndex=71,groupIndex=0
04-27 16:36:28.271 I/flutter (22562): IFAlbumModel loadImage groupIndex=0,imageIndex=72
04-27 16:36:28.271 E/IFAlbumPlugin(22562): onMethodCall load_asset
04-27 16:36:28.271 E/IFAlbumPlugin(22562): request assetIndex=72,groupIndex=0
04-27 16:36:28.272 I/flutter (22562): IFAlbumModel loadImage groupIndex=0,imageIndex=73
04-27 16:36:28.272 E/IFAlbumPlugin(22562): onMethodCall load_asset
04-27 16:36:28.272 E/IFAlbumPlugin(22562): request assetIndex=73,groupIndex=0
04-27 16:36:28.272 I/flutter (22562): IFAlbumModel loadImage groupIndex=0,imageIndex=74
04-27 16:36:28.273 E/IFAlbumPlugin(22562): onMethodCall load_asset
04-27 16:36:28.273 E/IFAlbumPlugin(22562): request assetIndex=74,groupIndex=0
04-27 16:36:28.273 I/flutter (22562): IFAlbumModel loadImage groupIndex=0,imageIndex=75
04-27 16:36:28.273 E/IFAlbumPlugin(22562): onMethodCall load_asset
04-27 16:36:28.273 E/IFAlbumPlugin(22562): request assetIndex=75,groupIndex=0
04-27 16:36:28.273 I/flutter (22562): IFAlbumModel loadImage groupIndex=0,imageIndex=76
04-27 16:36:28.273 E/IFAlbumPlugin(22562): onMethodCall load_asset
04-27 16:36:28.273 E/IFAlbumPlugin(22562): request assetIndex=76,groupIndex=0
04-27 16:36:28.274 E/AlbumDataProvider(22562): loadBitmap rotate use time=0
04-27 16:36:28.274 E/AlbumDataProvider(22562): loadAsset@ finish bitmap assetIndex=60
04-27 16:36:28.275 E/AlbumDataProvider(22562): loadAsset@ start assetIndex=76
04-27 16:36:28.275 E/AlbumDataProvider(22562): in path=/storage/emulated/0/1688SaveImage/1586316918871.jpg
04-27 16:36:28.275 E/AlbumDataProvider(22562): getSnapBitmap try thumbnail path=/storage/emulated/0/1688SaveImage/1586316918871.jpg
04-27 16:36:28.275 I/flutter (22562): IFAlbumModel loadImage groupIndex=0,imageIndex=77
04-27 16:36:28.276 E/AlbumGLManager(22562): loadAsset@ begin bitmap==>texture assetIndex=60,path/storage/emulated/0/1688SaveImage/1586316708970.jpg,w=96
04-27 16:36:28.276 I/flutter (22562): IFAlbumModel loadImage groupIndex=0,imageIndex=78
04-27 16:36:28.276 E/IFAlbumPlugin(22562): onMethodCall load_asset
04-27 16:36:28.276 E/IFAlbumPlugin(22562): request assetIndex=77,groupIndex=0
04-27 16:36:28.276 I/flutter (22562): IFAlbumModel loadImage groupIndex=0,imageIndex=79
04-27 16:36:28.276 E/IFAlbumPlugin(22562): 2 setTextureId texId=207,FlutterTexIndex=154,name=flutterIndex
04-27 16:36:28.276 E/IFAlbumPlugin(22562): setTextureId use time=0
04-27 16:36:28.276 E/AlbumDataProvider(22562): loadAsset@ onLoadAssetSuccess start 
04-27 16:36:28.276 E/IFAlbumPlugin(22562): onMethodCall load_asset
04-27 16:36:28.276 E/IFAlbumPlugin(22562): request assetIndex=78,groupIndex=0
04-27 16:36:28.277 E/IFAlbumPlugin(22562): onMethodCall load_asset
04-27 16:36:28.277 E/IFAlbumPlugin(22562): request assetIndex=79,groupIndex=0
04-27 16:36:28.277 E/AlbumGLManager(22562): loadAsset@ end bitmap==>texture assetIndex=60
04-27 16:36:28.277 I/flutter (22562): IFAlbumModel loadImage groupIndex=0,imageIndex=80
04-27 16:36:28.277 E/IFAlbumPlugin(22562): onMethodCall load_asset
04-27 16:36:28.277 I/flutter (22562): IFAlbumModel loadImage groupIndex=0,imageIndex=81
04-27 16:36:28.277 E/IFAlbumPlugin(22562): request assetIndex=80,groupIndex=0
04-27 16:36:28.277 E/IFAlbumPlugin(22562): onMethodCall load_asset
04-27 16:36:28.277 I/flutter (22562): IFAlbumModel loadImage groupIndex=0,imageIndex=82
04-27 16:36:28.277 E/IFAlbumPlugin(22562): request assetIndex=81,groupIndex=0
04-27 16:36:28.277 E/IFAlbumPlugin(22562): onMethodCall load_asset
04-27 16:36:28.277 I/flutter (22562): IFAlbumModel loadImage groupIndex=0,imageIndex=83
04-27 16:36:28.277 E/IFAlbumPlugin(22562): request assetIndex=82,groupIndex=0
04-27 16:36:28.278 E/IFAlbumPlugin(22562): onMethodCall load_asset
04-27 16:36:28.278 E/IFAlbumPlugin(22562): request assetIndex=83,groupIndex=0
04-27 16:36:28.278 I/flutter (22562): IFAlbumModel loadImage groupIndex=0,imageIndex=84
04-27 16:36:28.278 E/IFAlbumPlugin(22562): onMethodCall load_asset
04-27 16:36:28.278 E/IFAlbumPlugin(22562): request assetIndex=84,groupIndex=0
04-27 16:36:28.278 I/flutter (22562): IFAlbumModel loadImage groupIndex=0,imageIndex=85
04-27 16:36:28.278 E/IFAlbumPlugin(22562): onMethodCall load_asset
04-27 16:36:28.278 I/flutter (22562): IFAlbumModel loadImage groupIndex=0,imageIndex=86
04-27 16:36:28.278 E/IFAlbumPlugin(22562): request assetIndex=85,groupIndex=0
04-27 16:36:28.278 E/IFAlbumPlugin(22562): onMethodCall load_asset
04-27 16:36:28.278 I/flutter (22562): IFAlbumModel loadImage groupIndex=0,imageIndex=87
04-27 16:36:28.278 E/IFAlbumPlugin(22562): request assetIndex=86,groupIndex=0
04-27 16:36:28.279 E/IFAlbumPlugin(22562): onMethodCall load_asset
04-27 16:36:28.279 I/flutter (22562): IFAlbumModel loadImage groupIndex=0,imageIndex=88
04-27 16:36:28.279 E/IFAlbumPlugin(22562): request assetIndex=87,groupIndex=0
04-27 16:36:28.279 E/IFAlbumPlugin(22562): onMethodCall load_asset
04-27 16:36:28.279 I/flutter (22562): IFAlbumModel loadImage groupIndex=0,imageIndex=89
04-27 16:36:28.279 E/IFAlbumPlugin(22562): request assetIndex=88,groupIndex=0
04-27 16:36:28.279 E/IFAlbumPlugin(22562): onMethodCall load_asset
04-27 16:36:28.279 E/IFAlbumPlugin(22562): request assetIndex=89,groupIndex=0
04-27 16:36:28.281 E/AlbumDataProvider(22562): loadBitmap rotate use time=0
04-27 16:36:28.281 E/AlbumDataProvider(22562): loadAsset@ finish bitmap assetIndex=76
04-27 16:36:28.281 E/AlbumDataProvider(22562): loadAsset@ start assetIndex=89
04-27 16:36:28.281 E/AlbumDataProvider(22562): in path=/storage/emulated/0/DCIM/Camera/VID_20200408_154403.mp4
04-27 16:36:28.281 E/AlbumGLManager(22562): loadAsset@ begin bitmap==>texture assetIndex=76,path/storage/emulated/0/1688SaveImage/1586316918871.jpg,w=96
04-27 16:36:28.281 E/IFAlbumPlugin(22562): 2 setTextureId texId=208,FlutterTexIndex=155,name=flutterIndex
04-27 16:36:28.282 E/IFAlbumPlugin(22562): setTextureId use time=1
04-27 16:36:28.282 E/AlbumDataProvider(22562): loadAsset@ onLoadAssetSuccess start 
04-27 16:36:28.282 E/AlbumGLManager(22562): loadAsset@ end bitmap==>texture assetIndex=76
04-27 16:36:28.284 E/AlbumDataProvider(22562): loadAsset@ finish bitmap assetIndex=89
04-27 16:36:28.284 E/AlbumGLManager(22562): loadAsset@ begin bitmap==>texture assetIndex=89,path/storage/emulated/0/DCIM/Camera/VID_20200408_154403.mp4,w=96
04-27 16:36:28.284 E/AlbumDataProvider(22562): loadAsset@ start assetIndex=88
04-27 16:36:28.284 E/AlbumDataProvider(22562): in path=/storage/emulated/0/DCIM/1688SaveImage/1586317034693.jpg
04-27 16:36:28.284 E/AlbumDataProvider(22562): getSnapBitmap try thumbnail path=/storage/emulated/0/DCIM/1688SaveImage/1586317034693.jpg
04-27 16:36:28.284 E/IFAlbumPlugin(22562): 2 setTextureId texId=209,FlutterTexIndex=156,name=flutterIndex
04-27 16:36:28.284 E/IFAlbumPlugin(22562): setTextureId use time=0
04-27 16:36:28.284 E/AlbumDataProvider(22562): loadAsset@ onLoadAssetSuccess start 
04-27 16:36:28.285 E/AlbumGLManager(22562): loadAsset@ end bitmap==>texture assetIndex=89
04-27 16:36:28.287 I/flutter (22562): _MainPageAnimationWidgetState build 2 ---> 1
04-27 16:36:28.287 I/flutter (22562): _StackMainPageWidget MainPageAnimationWidget itemBuilder
04-27 16:36:28.287 I/flutter (22562): _StackMainPageWidget MainPageAnimationWidget itemBuilder
04-27 16:36:28.287 I/flutter (22562): capture build
04-27 16:36:28.287 E/AlbumDataProvider(22562): loadAsset@ end assetIndex=0,ou path=/storage/emulated/0/idlefish_video/sticker/img-897190765.png,jStr={"height":96,"isVideo":false,"path":"/storage/emulated/0/idlefish_video/sticker/img-897190765.png","textureID":153,"videoDuration":0,"width":96}
04-27 16:36:28.287 E/AlbumDataProvider(22562): loadAsset@ end assetIndex=60,ou path=/storage/emulated/0/1688SaveImage/1586316708970.jpg,jStr={"height":96,"isVideo":false,"path":"/storage/emulated/0/1688SaveImage/1586316708970.jpg","textureID":154,"videoDuration":0,"width":96}
04-27 16:36:28.288 E/AlbumDataProvider(22562): loadAsset@ end assetIndex=76,ou path=/storage/emulated/0/1688SaveImage/1586316918871.jpg,jStr={"height":96,"isVideo":false,"path":"/storage/emulated/0/1688SaveImage/1586316918871.jpg","textureID":155,"videoDuration":0,"width":96}
04-27 16:36:28.288 E/AlbumDataProvider(22562): loadAsset@ end assetIndex=89,ou path=/storage/emulated/0/DCIM/Camera/VID_20200408_154403.mp4,jStr={"height":96,"isVideo":true,"path":"/storage/emulated/0/DCIM/Camera/VID_20200408_154403.mp4","textureID":156,"videoDuration":5.309,"width":96}
04-27 16:36:28.289 E/AlbumDataProvider(22562): loadBitmap rotate use time=0
04-27 16:36:28.289 I/flutter (22562): animation.value Size(28.0, 28.0)
04-27 16:36:28.289 E/AlbumDataProvider(22562): loadAsset@ finish bitmap assetIndex=88
04-27 16:36:28.290 E/AlbumGLManager(22562): loadAsset@ begin bitmap==>texture assetIndex=88,path/storage/emulated/0/DCIM/1688SaveImage/1586317034693.jpg,w=96
04-27 16:36:28.290 E/IFAlbumPlugin(22562): 2 setTextureId texId=210,FlutterTexIndex=157,name=flutterIndex
04-27 16:36:28.290 E/IFAlbumPlugin(22562): setTextureId use time=0
04-27 16:36:28.290 E/AlbumDataProvider(22562): loadAsset@ start assetIndex=87
04-27 16:36:28.290 E/AlbumDataProvider(22562): loadAsset@ onLoadAssetSuccess start 
04-27 16:36:28.290 E/AlbumDataProvider(22562): in path=/storage/emulated/0/DCIM/1688SaveImage/1586317030159.jpg
04-27 16:36:28.290 E/AlbumDataProvider(22562): getSnapBitmap try thumbnail path=/storage/emulated/0/DCIM/1688SaveImage/1586317030159.jpg
04-27 16:36:28.290 E/AlbumGLManager(22562): loadAsset@ end bitmap==>texture assetIndex=88
04-27 16:36:28.291 E/AlbumDataProvider(22562): loadAsset@ end assetIndex=88,ou path=/storage/emulated/0/DCIM/1688SaveImage/1586317034693.jpg,jStr={"height":96,"isVideo":false,"path":"/storage/emulated/0/DCIM/1688SaveImage/1586317034693.jpg","textureID":157,"videoDuration":0,"width":96}
04-27 16:36:28.293 E/AlbumDataProvider(22562): loadBitmap rotate use time=0
04-27 16:36:28.293 E/AlbumDataProvider(22562): loadAsset@ finish bitmap assetIndex=87
04-27 16:36:28.293 E/AlbumGLManager(22562): loadAsset@ begin bitmap==>texture assetIndex=87,path/storage/emulated/0/DCIM/1688SaveImage/1586317030159.jpg,w=96
04-27 16:36:28.293 I/flutter (22562): MyAlbumWidget getPreviewWidget
04-27 16:36:28.293 E/IFAlbumPlugin(22562): 2 setTextureId texId=211,FlutterTexIndex=158,name=flutterIndex
04-27 16:36:28.293 E/IFAlbumPlugin(22562): setTextureId use time=0
04-27 16:36:28.293 E/AlbumDataProvider(22562): loadAsset@ onLoadAssetSuccess start 
04-27 16:36:28.294 E/AlbumDataProvider(22562): loadAsset@ end assetIndex=87,ou path=/storage/emulated/0/DCIM/1688SaveImage/1586317030159.jpg,jStr={"height":96,"isVideo":false,"path":"/storage/emulated/0/DCIM/1688SaveImage/1586317030159.jpg","textureID":158,"videoDuration":0,"width":96}
04-27 16:36:28.294 I/flutter (22562): IFAlbumGridCellState1055385939 didUpdateWidget old 0, 56, start grp_index: 0 img_index: 56 texIndex:-1
04-27 16:36:28.294 I/flutter (22562): IFAlbumGridCellState591967933 didUpdateWidget old 0, 57, start grp_index: 0 img_index: 57 texIndex:-1
04-27 16:36:28.294 E/AlbumGLManager(22562): loadAsset@ end bitmap==>texture assetIndex=87
04-27 16:36:28.293 E/AlbumDataProvider(22562): loadAsset@ start assetIndex=86
04-27 16:36:28.294 I/flutter (22562): IFAlbumGridCellState836506787 didUpdateWidget old 0, 58, start grp_index: 0 img_index: 58 texIndex:-1
04-27 16:36:28.294 E/AlbumDataProvider(22562): in path=/storage/emulated/0/DCIM/1688SaveImage/1586317027952.jpg
04-27 16:36:28.294 E/AlbumDataProvider(22562): getSnapBitmap try thumbnail path=/storage/emulated/0/DCIM/1688SaveImage/1586317027952.jpg
04-27 16:36:28.294 I/flutter (22562): IFAlbumGridCellState267687898 didUpdateWidget old 0, 59, start grp_index: 0 img_index: 59 texIndex:-1
04-27 16:36:28.294 I/flutter (22562): IFAlbumGridCellState606712383 didUpdateWidget old 0, 60, start grp_index: 0 img_index: 60 texIndex:-1
04-27 16:36:28.294 I/flutter (22562): IFAlbumGridCellState241719181 didUpdateWidget old 0, 61, start grp_index: 0 img_index: 61 texIndex:-1
04-27 16:36:28.294 I/flutter (22562): IFAlbumGridCellState609502561 didUpdateWidget old 0, 62, start grp_index: 0 img_index: 62 texIndex:-1
04-27 16:36:28.294 I/flutter (22562): IFAlbumGridCellState285861593 didUpdateWidget old 0, 63, start grp_index: 0 img_index: 63 texIndex:-1
04-27 16:36:28.294 I/flutter (22562): IFAlbumGridCellState997179482 didUpdateWidget old 0, 64, start grp_index: 0 img_index: 64 texIndex:-1
04-27 16:36:28.294 I/flutter (22562): IFAlbumGridCellState283193989 didUpdateWidget old 0, 65, start grp_index: 0 img_index: 65 texIndex:-1
04-27 16:36:28.294 I/flutter (22562): IFAlbumGridCellState131320162 didUpdateWidget old 0, 66, start grp_index: 0 img_index: 66 texIndex:-1
04-27 16:36:28.295 I/flutter (22562): IFAlbumGridCellState298247101 didUpdateWidget old 0, 67, start grp_index: 0 img_index: 67 texIndex:-1
04-27 16:36:28.295 I/flutter (22562): IFAlbumGridCellState781723450 didUpdateWidget old 0, 68, start grp_index: 0 img_index: 68 texIndex:-1
04-27 16:36:28.295 I/flutter (22562): IFAlbumGridCellState250951019 didUpdateWidget old 0, 69, start grp_index: 0 img_index: 69 texIndex:-1
04-27 16:36:28.295 I/flutter (22562): IFAlbumGridCellState119548693 didUpdateWidget old 0, 70, start grp_index: 0 img_index: 70 texIndex:-1
04-27 16:36:28.295 I/flutter (22562): IFAlbumGridCellState313538519 didUpdateWidget old 0, 71, start grp_index: 0 img_index: 71 texIndex:-1
04-27 16:36:28.295 I/flutter (22562): IFAlbumGridCellState830831068 didUpdateWidget old 0, 72, start grp_index: 0 img_index: 72 texIndex:-1
04-27 16:36:28.295 I/flutter (22562): IFAlbumGridCellState418229913 didUpdateWidget old 0, 73, start grp_index: 0 img_index: 73 texIndex:-1
04-27 16:36:28.295 I/flutter (22562): IFAlbumGridCellState331550089 didUpdateWidget old 0, 74, start grp_index: 0 img_index: 74 texIndex:-1
04-27 16:36:28.295 I/flutter (22562): IFAlbumGridCellState362533071 didUpdateWidget old 0, 75, start grp_index: 0 img_index: 75 texIndex:-1
04-27 16:36:28.295 I/flutter (22562): IFAlbumGridCellState482122402 didUpdateWidget old 0, 76, start grp_index: 0 img_index: 76 texIndex:-1
04-27 16:36:28.295 I/flutter (22562): IFAlbumGridCellState443838888 didUpdateWidget old 0, 77, start grp_index: 0 img_index: 77 texIndex:-1
04-27 16:36:28.295 I/flutter (22562): IFAlbumGridCellState165184811 didUpdateWidget old 0, 78, start grp_index: 0 img_index: 78 texIndex:-1
04-27 16:36:28.295 I/flutter (22562): IFAlbumGridCellState645412209 didUpdateWidget old 0, 79, start grp_index: 0 img_index: 79 texIndex:-1
04-27 16:36:28.295 I/flutter (22562): IFAlbumGridCellState1042020728 didUpdateWidget old 0, 80, start grp_index: 0 img_index: 80 texIndex:-1
04-27 16:36:28.295 I/flutter (22562): IFAlbumGridCellState756039988 didUpdateWidget old 0, 81, start grp_index: 0 img_index: 81 texIndex:-1
04-27 16:36:28.295 I/flutter (22562): IFAlbumGridCellState388684793 didUpdateWidget old 0, 82, start grp_index: 0 img_index: 82 texIndex:-1
04-27 16:36:28.295 I/flutter (22562): IFAlbumGridCellState300887030 didUpdateWidget old 0, 83, start grp_index: 0 img_index: 83 texIndex:-1
04-27 16:36:28.295 I/flutter (22562): IFAlbumGridCellState143966477 didUpdateWidget old 0, 84, start grp_index: 0 img_index: 84 texIndex:-1
04-27 16:36:28.295 I/flutter (22562): IFAlbumGridCellState707620557 didUpdateWidget old 0, 85, start grp_index: 0 img_index: 85 texIndex:-1
04-27 16:36:28.296 I/flutter (22562): IFAlbumGridCellState690073275 didUpdateWidget old 0, 86, start grp_index: 0 img_index: 86 texIndex:-1
04-27 16:36:28.296 I/flutter (22562): IFAlbumGridCellState234857470 didUpdateWidget old 0, 87, start grp_index: 0 img_index: 87 texIndex:-1
04-27 16:36:28.296 I/flutter (22562): IFAlbumGridCellState326515832 didUpdateWidget old 0, 88, start grp_index: 0 img_index: 88 texIndex:-1
04-27 16:36:28.296 I/flutter (22562): IFAlbumGridCellState658932734 didUpdateWidget old 0, 89, start grp_index: 0 img_index: 89 texIndex:-1
04-27 16:36:28.296 E/AlbumDataProvider(22562): loadBitmap rotate use time=0
04-27 16:36:28.296 E/AlbumDataProvider(22562): loadAsset@ finish bitmap assetIndex=86
04-27 16:36:28.296 E/AlbumDataProvider(22562): loadAsset@ start assetIndex=85
04-27 16:36:28.296 E/AlbumGLManager(22562): loadAsset@ begin bitmap==>texture assetIndex=86,path/storage/emulated/0/DCIM/1688SaveImage/1586317027952.jpg,w=96
04-27 16:36:28.296 E/AlbumDataProvider(22562): in path=/storage/emulated/0/DCIM/1688SaveImage/1586317024992.jpg
04-27 16:36:28.296 E/AlbumDataProvider(22562): getSnapBitmap try thumbnail path=/storage/emulated/0/DCIM/1688SaveImage/1586317024992.jpg
04-27 16:36:28.297 E/IFAlbumPlugin(22562): 2 setTextureId texId=212,FlutterTexIndex=159,name=flutterIndex
04-27 16:36:28.297 E/IFAlbumPlugin(22562): setTextureId use time=0
04-27 16:36:28.297 E/AlbumDataProvider(22562): loadAsset@ onLoadAssetSuccess start 
04-27 16:36:28.297 E/AlbumGLManager(22562): loadAsset@ end bitmap==>texture assetIndex=86
04-27 16:36:28.297 E/AlbumDataProvider(22562): loadAsset@ end assetIndex=86,ou path=/storage/emulated/0/DCIM/1688SaveImage/1586317027952.jpg,jStr={"height":96,"isVideo":false,"path":"/storage/emulated/0/DCIM/1688SaveImage/1586317027952.jpg","textureID":159,"videoDuration":0,"width":96}
04-27 16:36:28.298 I/flutter (22562): _BottomIndicatorPageViewState build true,leftX=38.62659199999999,lastStartLeftX=65.6,currentSelectTabIndex=1,lastSelectTabIndex=2
04-27 16:36:28.298 I/flutter (22562): getTabColorValue i:1 curIndex 1 dis 0
04-27 16:36:28.298 I/flutter (22562): getTabAlphaValue i:1 curIndex 1 dis 0
04-27 16:36:28.298 I/flutter (22562): getTabColorValue i:2 curIndex 1 dis 1
04-27 16:36:28.298 I/flutter (22562): getTabAlphaValue i:2 curIndex 1 dis 1
04-27 16:36:28.298 I/flutter (22562): getTabColorValue i:3 curIndex 1 dis 2
04-27 16:36:28.298 I/flutter (22562): getTabAlphaValue i:3 curIndex 1 dis 2
04-27 16:36:28.299 E/AlbumDataProvider(22562): loadBitmap rotate use time=0
04-27 16:36:28.299 E/AlbumDataProvider(22562): loadAsset@ finish bitmap assetIndex=85
04-27 16:36:28.299 E/AlbumGLManager(22562): loadAsset@ begin bitmap==>texture assetIndex=85,path/storage/emulated/0/DCIM/1688SaveImage/1586317024992.jpg,w=96
04-27 16:36:28.300 E/AlbumDataProvider(22562): loadAsset@ start assetIndex=84
04-27 16:36:28.300 E/AlbumDataProvider(22562): in path=/storage/emulated/0/DCIM/1688SaveImage/1586317021998.jpg
04-27 16:36:28.300 E/AlbumDataProvider(22562): getSnapBitmap try thumbnail path=/storage/emulated/0/DCIM/1688SaveImage/1586317021998.jpg
04-27 16:36:28.300 E/IFAlbumPlugin(22562): 2 setTextureId texId=213,FlutterTexIndex=160,name=flutterIndex
04-27 16:36:28.300 E/IFAlbumPlugin(22562): setTextureId use time=1
04-27 16:36:28.300 E/AlbumDataProvider(22562): loadAsset@ onLoadAssetSuccess start 
04-27 16:36:28.300 E/AlbumGLManager(22562): loadAsset@ end bitmap==>texture assetIndex=85
04-27 16:36:28.300 E/AlbumDataProvider(22562): loadAsset@ end assetIndex=85,ou path=/storage/emulated/0/DCIM/1688SaveImage/1586317024992.jpg,jStr={"height":96,"isVideo":false,"path":"/storage/emulated/0/DCIM/1688SaveImage/1586317024992.jpg","textureID":160,"videoDuration":0,"width":96}
04-27 16:36:28.302 E/AlbumDataProvider(22562): loadBitmap rotate use time=0
04-27 16:36:28.302 E/AlbumDataProvider(22562): loadAsset@ finish bitmap assetIndex=84
04-27 16:36:28.302 E/AlbumDataProvider(22562): loadAsset@ start assetIndex=83
04-27 16:36:28.302 E/AlbumDataProvider(22562): in path=/storage/emulated/0/DCIM/1688SaveImage/1586316960171.jpg
04-27 16:36:28.302 E/AlbumDataProvider(22562): getSnapBitmap try thumbnail path=/storage/emulated/0/DCIM/1688SaveImage/1586316960171.jpg
04-27 16:36:28.304 E/AlbumGLManager(22562): loadAsset@ begin bitmap==>texture assetIndex=84,path/storage/emulated/0/DCIM/1688SaveImage/1586317021998.jpg,w=96
04-27 16:36:28.306 E/IFAlbumPlugin(22562): 2 setTextureId texId=214,FlutterTexIndex=161,name=flutterIndex
04-27 16:36:28.306 E/IFAlbumPlugin(22562): setTextureId use time=1
04-27 16:36:28.306 E/AlbumDataProvider(22562): loadAsset@ onLoadAssetSuccess start 
04-27 16:36:28.306 E/AlbumGLManager(22562): loadAsset@ end bitmap==>texture assetIndex=84
04-27 16:36:28.304 W/healthd (  707): type=1400 audit(0.0:1819106): avc: denied { read } for name="type" dev="sysfs" ino=43042 scontext=u:r:healthd:s0 tcontext=u:object_r:sysfs:s0 tclass=file permissive=0
04-27 16:36:28.308 E/AlbumDataProvider(22562): loadBitmap rotate use time=0
04-27 16:36:28.308 E/AlbumDataProvider(22562): loadAsset@ finish bitmap assetIndex=83
04-27 16:36:28.309 E/AlbumGLManager(22562): loadAsset@ begin bitmap==>texture assetIndex=83,path/storage/emulated/0/DCIM/1688SaveImage/1586316960171.jpg,w=96
04-27 16:36:28.309 E/AlbumDataProvider(22562): loadAsset@ start assetIndex=82
04-27 16:36:28.309 E/AlbumDataProvider(22562): in path=/storage/emulated/0/DCIM/1688SaveImage/1586316956245.jpg
04-27 16:36:28.309 E/AlbumDataProvider(22562): getSnapBitmap try thumbnail path=/storage/emulated/0/DCIM/1688SaveImage/1586316956245.jpg
04-27 16:36:28.310 E/IFAlbumPlugin(22562): 2 setTextureId texId=215,FlutterTexIndex=162,name=flutterIndex
04-27 16:36:28.310 E/IFAlbumPlugin(22562): setTextureId use time=0
04-27 16:36:28.310 E/AlbumDataProvider(22562): loadAsset@ onLoadAssetSuccess start 
04-27 16:36:28.311 E/AlbumGLManager(22562): loadAsset@ end bitmap==>texture assetIndex=83
04-27 16:36:28.312 E/AlbumDataProvider(22562): loadBitmap rotate use time=0
04-27 16:36:28.313 E/AlbumDataProvider(22562): loadAsset@ finish bitmap assetIndex=82
04-27 16:36:28.313 E/AlbumDataProvider(22562): loadAsset@ start assetIndex=81
04-27 16:36:28.313 E/AlbumDataProvider(22562): in path=/storage/emulated/0/DCIM/1688SaveImage/1586316954104.jpg
04-27 16:36:28.313 E/AlbumDataProvider(22562): getSnapBitmap try thumbnail path=/storage/emulated/0/DCIM/1688SaveImage/1586316954104.jpg
04-27 16:36:28.313 E/AlbumGLManager(22562): loadAsset@ begin bitmap==>texture assetIndex=82,path/storage/emulated/0/DCIM/1688SaveImage/1586316956245.jpg,w=96
04-27 16:36:28.313 E/IFAlbumPlugin(22562): 2 setTextureId texId=216,FlutterTexIndex=163,name=flutterIndex
04-27 16:36:28.315 E/IFAlbumPlugin(22562): setTextureId use time=2
04-27 16:36:28.315 E/AlbumDataProvider(22562): loadAsset@ onLoadAssetSuccess start 
04-27 16:36:28.315 E/AlbumGLManager(22562): loadAsset@ end bitmap==>texture assetIndex=82
04-27 16:36:28.314 W/health@2.0-serv(  718): type=1400 audit(0.0:1819107): avc: denied { read } for name="type" dev="sysfs" ino=43042 scontext=u:r:hal_health_default:s0 tcontext=u:object_r:sysfs:s0 tclass=file permissive=0
04-27 16:36:28.321 I/flutter (22562): _MainPageAnimationWidgetState build 2 ---> 1
04-27 16:36:28.321 I/flutter (22562): _StackMainPageWidget MainPageAnimationWidget itemBuilder
04-27 16:36:28.321 I/flutter (22562): _StackMainPageWidget MainPageAnimationWidget itemBuilder
04-27 16:36:28.321 I/flutter (22562): capture build
04-27 16:36:28.321 E/AlbumDataProvider(22562): loadAsset@ end assetIndex=84,ou path=/storage/emulated/0/DCIM/1688SaveImage/1586317021998.jpg,jStr={"height":96,"isVideo":false,"path":"/storage/emulated/0/DCIM/1688SaveImage/1586317021998.jpg","textureID":161,"videoDuration":0,"width":96}
04-27 16:36:28.321 E/AlbumDataProvider(22562): loadAsset@ end assetIndex=83,ou path=/storage/emulated/0/DCIM/1688SaveImage/1586316960171.jpg,jStr={"height":96,"isVideo":false,"path":"/storage/emulated/0/DCIM/1688SaveImage/1586316960171.jpg","textureID":162,"videoDuration":0,"width":96}
04-27 16:36:28.321 E/AlbumDataProvider(22562): loadAsset@ end assetIndex=82,ou path=/storage/emulated/0/DCIM/1688SaveImage/1586316956245.jpg,jStr={"height":96,"isVideo":false,"path":"/storage/emulated/0/DCIM/1688SaveImage/1586316956245.jpg","textureID":163,"videoDuration":0,"width":96}
04-27 16:36:28.323 I/MiuiChargeController(25857): checkBatteryStatus: chargeType 11 status 5 plugged 1 isRapidCharge false isSuperCharge false isCarMode false mChargeDeviceType -1 mChargeDeviceForAnalytic -1
04-27 16:36:28.323 D/QtiCarrierConfigHelper( 2626): WARNING, no carrier configs on phone Id: 0
04-27 16:36:28.324 I/MiuiChargeManager(25857): checkBatteryStatus:  mChargeState 11 mChargeSpeed 0 mBatteryLevel 100 mChargeDeviceType -1 mIsCarMode false mWirelessChargeState -1
04-27 16:36:28.324 I/flutter (22562): animation.value Size(28.0, 28.0)
04-27 16:36:28.324 I/flutter (22562): MyAlbumWidget getPreviewWidget
04-27 16:36:28.325 I/flutter (22562): IFAlbumGridCellState1055385939 didUpdateWidget old 0, 56, start grp_index: 0 img_index: 56 texIndex:-1
04-27 16:36:28.325 I/flutter (22562): IFAlbumGridCellState591967933 didUpdateWidget old 0, 57, start grp_index: 0 img_index: 57 texIndex:-1
04-27 16:36:28.325 I/flutter (22562): IFAlbumGridCellState836506787 didUpdateWidget old 0, 58, start grp_index: 0 img_index: 58 texIndex:-1
04-27 16:36:28.325 I/BatteryInfoReceiver( 6145): ACTION_BATTERY_CHANGED
04-27 16:36:28.325 D/NfcService( 3883): Received android.intent.action.BATTERY_CHANGED
04-27 16:36:28.325 I/flutter (22562): IFAlbumGridCellState267687898 didUpdateWidget old 0, 59, start grp_index: 0 img_index: 59 texIndex:-1
04-27 16:36:28.325 I/flutter (22562): IFAlbumGridCellState606712383 didUpdateWidget old 0, 60, start grp_index: 0 img_index: 60 texIndex:154
04-27 16:36:28.327 D/KeyguardUpdateMonitor(25857): received broadcast android.intent.action.BATTERY_CHANGED
04-27 16:36:28.327 E/AlbumDataProvider(22562): loadBitmap rotate use time=0
04-27 16:36:28.327 E/AlbumDataProvider(22562): loadAsset@ finish bitmap assetIndex=81
04-27 16:36:28.327 E/AlbumDataProvider(22562): loadAsset@ start assetIndex=80
04-27 16:36:28.328 E/AlbumDataProvider(22562): in path=/storage/emulated/0/DCIM/1688SaveImage/1586316951355.jpg
04-27 16:36:28.328 E/AlbumGLManager(22562): loadAsset@ begin bitmap==>texture assetIndex=81,path/storage/emulated/0/DCIM/1688SaveImage/1586316954104.jpg,w=96
04-27 16:36:28.328 E/AlbumDataProvider(22562): getSnapBitmap try thumbnail path=/storage/emulated/0/DCIM/1688SaveImage/1586316951355.jpg
04-27 16:36:28.328 E/IFAlbumPlugin(22562): 2 setTextureId texId=217,FlutterTexIndex=164,name=flutterIndex
04-27 16:36:28.328 E/IFAlbumPlugin(22562): setTextureId use time=0
04-27 16:36:28.328 E/AlbumDataProvider(22562): loadAsset@ onLoadAssetSuccess start 
04-27 16:36:28.329 E/AlbumGLManager(22562): loadAsset@ end bitmap==>texture assetIndex=81
04-27 16:36:28.329 D/PowerCheckerService( 3075): onBatteryChanged, mBatteryLevel = 100, status = 5, level = 100, plug = 1, scale = 100
04-27 16:36:28.329 E/AlbumDataProvider(22562): loadAsset@ end assetIndex=81,ou path=/storage/emulated/0/DCIM/1688SaveImage/1586316954104.jpg,jStr={"height":96,"isVideo":false,"path":"/storage/emulated/0/DCIM/1688SaveImage/1586316954104.jpg","textureID":164,"videoDuration":0,"width":96}
04-27 16:36:28.331 I/flutter (22562): IFAlbumGridCellState241719181 didUpdateWidget old 0, 61, start grp_index: 0 img_index: 61 texIndex:-1
04-27 16:36:28.332 I/flutter (22562): IFAlbumGridCellState609502561 didUpdateWidget old 0, 62, start grp_index: 0 img_index: 62 texIndex:-1
04-27 16:36:28.332 I/flutter (22562): IFAlbumGridCellState285861593 didUpdateWidget old 0, 63, start grp_index: 0 img_index: 63 texIndex:-1
04-27 16:36:28.332 I/flutter (22562): IFAlbumGridCellState997179482 didUpdateWidget old 0, 64, start grp_index: 0 img_index: 64 texIndex:-1
04-27 16:36:28.332 I/flutter (22562): IFAlbumGridCellState283193989 didUpdateWidget old 0, 65, start grp_index: 0 img_index: 65 texIndex:-1
04-27 16:36:28.332 I/flutter (22562): IFAlbumGridCellState131320162 didUpdateWidget old 0, 66, start grp_index: 0 img_index: 66 texIndex:-1
04-27 16:36:28.332 I/flutter (22562): IFAlbumGridCellState298247101 didUpdateWidget old 0, 67, start grp_index: 0 img_index: 67 texIndex:-1
04-27 16:36:28.332 I/flutter (22562): IFAlbumGridCellState781723450 didUpdateWidget old 0, 68, start grp_index: 0 img_index: 68 texIndex:-1
04-27 16:36:28.332 I/flutter (22562): IFAlbumGridCellState250951019 didUpdateWidget old 0, 69, start grp_index: 0 img_index: 69 texIndex:-1
04-27 16:36:28.332 I/flutter (22562): IFAlbumGridCellState119548693 didUpdateWidget old 0, 70, start grp_index: 0 img_index: 70 texIndex:-1
04-27 16:36:28.332 I/flutter (22562): IFAlbumGridCellState313538519 didUpdateWidget old 0, 71, start grp_index: 0 img_index: 71 texIndex:-1
04-27 16:36:28.332 I/flutter (22562): IFAlbumGridCellState830831068 didUpdateWidget old 0, 72, start grp_index: 0 img_index: 72 texIndex:-1
04-27 16:36:28.332 I/flutter (22562): IFAlbumGridCellState418229913 didUpdateWidget old 0, 73, start grp_index: 0 img_index: 73 texIndex:-1
04-27 16:36:28.332 I/flutter (22562): IFAlbumGridCellState331550089 didUpdateWidget old 0, 74, start grp_index: 0 img_index: 74 texIndex:-1
04-27 16:36:28.332 I/flutter (22562): IFAlbumGridCellState362533071 didUpdateWidget old 0, 75, start grp_index: 0 img_index: 75 texIndex:-1
04-27 16:36:28.332 I/flutter (22562): IFAlbumGridCellState482122402 didUpdateWidget old 0, 76, start grp_index: 0 img_index: 76 texIndex:155
04-27 16:36:28.332 D/ThermalTempInfoHelper( 3075): thermal sensor9 temp is 43
04-27 16:36:28.333 D/KeyguardUpdateMonitor(25857): handleBatteryUpdate
04-27 16:36:28.333 I/flutter (22562): IFAlbumGridCellState443838888 didUpdateWidget old 0, 77, start grp_index: 0 img_index: 77 texIndex:-1
04-27 16:36:28.333 I/KeyguardIndication(25857): updateIndication: mVisible false mDozing false mTransientIndication null mPowerPluggedIn true mUpArrowIndication 上滑解锁
04-27 16:36:28.333 I/flutter (22562): IFAlbumGridCellState165184811 didUpdateWidget old 0, 78, start grp_index: 0 img_index: 78 texIndex:-1
04-27 16:36:28.333 I/flutter (22562): IFAlbumGridCellState645412209 didUpdateWidget old 0, 79, start grp_index: 0 img_index: 79 texIndex:-1
04-27 16:36:28.333 I/flutter (22562): IFAlbumGridCellState1042020728 didUpdateWidget old 0, 80, start grp_index: 0 img_index: 80 texIndex:-1
04-27 16:36:28.333 I/flutter (22562): IFAlbumGridCellState756039988 didUpdateWidget old 0, 81, start grp_index: 0 img_index: 81 texIndex:-1
04-27 16:36:28.333 I/flutter (22562): IFAlbumGridCellState388684793 didUpdateWidget old 0, 82, start grp_index: 0 img_index: 82 texIndex:-1
04-27 16:36:28.333 I/flutter (22562): IFAlbumGridCellState300887030 didUpdateWidget old 0, 83, start grp_index: 0 img_index: 83 texIndex:-1
04-27 16:36:28.333 I/flutter (22562): IFAlbumGridCellState143966477 didUpdateWidget old 0, 84, start grp_index: 0 img_index: 84 texIndex:-1
04-27 16:36:28.333 I/flutter (22562): IFAlbumGridCellState707620557 didUpdateWidget old 0, 85, start grp_index: 0 img_index: 85 texIndex:160
04-27 16:36:28.334 I/flutter (22562): IFAlbumGridCellState690073275 didUpdateWidget old 0, 86, start grp_index: 0 img_index: 86 texIndex:159
04-27 16:36:28.334 D/ThermalTempInfoHelper( 3075): thermal sensor9 temp is 43
04-27 16:36:28.334 D/PowerKeeper.Thermal( 3075): current battery temperature:41 xo_thermal 43 valid true
04-27 16:36:28.334 I/flutter (22562): IFAlbumGridCellState234857470 didUpdateWidget old 0, 87, start grp_index: 0 img_index: 87 texIndex:158
04-27 16:36:28.335 I/flutter (22562): IFAlbumGridCellState326515832 didUpdateWidget old 0, 88, start grp_index: 0 img_index: 88 texIndex:157
04-27 16:36:28.335 E/AlbumDataProvider(22562): loadBitmap rotate use time=0
04-27 16:36:28.335 E/AlbumDataProvider(22562): loadAsset@ finish bitmap assetIndex=80
04-27 16:36:28.335 E/AlbumDataProvider(22562): loadAsset@ start assetIndex=79
04-27 16:36:28.335 E/AlbumDataProvider(22562): in path=/storage/emulated/0/DCIM/1688SaveImage/1586316946101.jpg
04-27 16:36:28.335 E/AlbumDataProvider(22562): getSnapBitmap try thumbnail path=/storage/emulated/0/DCIM/1688SaveImage/1586316946101.jpg
04-27 16:36:28.335 I/flutter (22562): IFAlbumGridCellState658932734 didUpdateWidget old 0, 89, start grp_index: 0 img_index: 89 texIndex:156
04-27 16:36:28.335 E/AlbumGLManager(22562): loadAsset@ begin bitmap==>texture assetIndex=80,path/storage/emulated/0/DCIM/1688SaveImage/1586316951355.jpg,w=96
04-27 16:36:28.335 I/flutter (22562): IFAlbumGridCellState getDurationString duration=5.309 intDur=5,doubleRound1=5 durationStr=0:5
04-27 16:36:28.336 E/IFAlbumPlugin(22562): 2 setTextureId texId=218,FlutterTexIndex=165,name=flutterIndex
04-27 16:36:28.336 E/IFAlbumPlugin(22562): setTextureId use time=1
04-27 16:36:28.336 E/AlbumDataProvider(22562): loadAsset@ onLoadAssetSuccess start 
04-27 16:36:28.336 E/AlbumDataProvider(22562): loadAsset@ end assetIndex=80,ou path=/storage/emulated/0/DCIM/1688SaveImage/1586316951355.jpg,jStr={"height":96,"isVideo":false,"path":"/storage/emulated/0/DCIM/1688SaveImage/1586316951355.jpg","textureID":165,"videoDuration":0,"width":96}
04-27 16:36:28.338 E/AlbumGLManager(22562): loadAsset@ end bitmap==>texture assetIndex=80
04-27 16:36:28.339 E/AlbumDataProvider(22562): loadBitmap rotate use time=0
04-27 16:36:28.339 E/AlbumDataProvider(22562): loadAsset@ finish bitmap assetIndex=79
04-27 16:36:28.340 E/AlbumDataProvider(22562): loadAsset@ start assetIndex=78
04-27 16:36:28.340 E/AlbumGLManager(22562): loadAsset@ begin bitmap==>texture assetIndex=79,path/storage/emulated/0/DCIM/1688SaveImage/1586316946101.jpg,w=96
04-27 16:36:28.340 E/AlbumDataProvider(22562): in path=/storage/emulated/0/DCIM/1688SaveImage/1586316941299.jpg
04-27 16:36:28.340 E/AlbumDataProvider(22562): getSnapBitmap try thumbnail path=/storage/emulated/0/DCIM/1688SaveImage/1586316941299.jpg
04-27 16:36:28.340 E/IFAlbumPlugin(22562): 2 setTextureId texId=219,FlutterTexIndex=166,name=flutterIndex
04-27 16:36:28.340 E/IFAlbumPlugin(22562): setTextureId use time=0
04-27 16:36:28.340 E/AlbumDataProvider(22562): loadAsset@ onLoadAssetSuccess start 
04-27 16:36:28.341 E/AlbumGLManager(22562): loadAsset@ end bitmap==>texture assetIndex=79
04-27 16:36:28.341 E/AlbumDataProvider(22562): loadAsset@ end assetIndex=79,ou path=/storage/emulated/0/DCIM/1688SaveImage/1586316946101.jpg,jStr={"height":96,"isVideo":false,"path":"/storage/emulated/0/DCIM/1688SaveImage/1586316946101.jpg","textureID":166,"videoDuration":0,"width":96}
04-27 16:36:28.343 I/flutter (22562): _BottomIndicatorPageViewState build true,leftX=49.603111999999996,lastStartLeftX=65.6,currentSelectTabIndex=1,lastSelectTabIndex=2
04-27 16:36:28.343 I/flutter (22562): getTabColorValue i:1 curIndex 1 dis 0
04-27 16:36:28.343 I/flutter (22562): getTabAlphaValue i:1 curIndex 1 dis 0
04-27 16:36:28.343 I/flutter (22562): getTabColorValue i:2 curIndex 1 dis 1
04-27 16:36:28.343 I/flutter (22562): getTabAlphaValue i:2 curIndex 1 dis 1
04-27 16:36:28.343 I/flutter (22562): getTabColorValue i:3 curIndex 1 dis 2
04-27 16:36:28.343 I/flutter (22562): getTabAlphaValue i:3 curIndex 1 dis 2
04-27 16:36:28.344 E/AlbumDataProvider(22562): loadBitmap rotate use time=0
04-27 16:36:28.344 E/AlbumDataProvider(22562): loadAsset@ finish bitmap assetIndex=78
04-27 16:36:28.344 E/AlbumDataProvider(22562): loadAsset@ start assetIndex=77
04-27 16:36:28.344 E/AlbumGLManager(22562): loadAsset@ begin bitmap==>texture assetIndex=78,path/storage/emulated/0/DCIM/1688SaveImage/1586316941299.jpg,w=96
04-27 16:36:28.344 E/AlbumDataProvider(22562): in path=/storage/emulated/0/DCIM/1688SaveImage/1586316937303.jpg
