04-27 16:36:36.353 I/flutter (22562): _StackMainPageWidget MainPageAnimationWidget itemBuilder
04-27 16:36:36.353 I/flutter (22562): capture build
04-27 16:36:36.364 I/flutter (22562): animation.value Size(28.0, 28.0)
04-27 16:36:36.367 I/flutter (22562): MyAlbumWidget getPreviewWidget
04-27 16:36:36.368 I/flutter (22562): IFAlbumGridCellState807943437 didUpdateWidget old 0, 56, start grp_index: 0 img_index: 56 texIndex:270
04-27 16:36:36.369 I/flutter (22562): IFAlbumGridCellState258813894 didUpdateWidget old 0, 57, start grp_index: 0 img_index: 57 texIndex:265
04-27 16:36:36.370 I/flutter (22562): IFAlbumGridCellState706956416 didUpdateWidget old 0, 58, start grp_index: 0 img_index: 58 texIndex:264
04-27 16:36:36.371 I/flutter (22562): IFAlbumGridCellState129044203 didUpdateWidget old 0, 59, start grp_index: 0 img_index: 59 texIndex:263
04-27 16:36:36.372 I/flutter (22562): IFAlbumGridCellState66141685 didUpdateWidget old 0, 60, start grp_index: 0 img_index: 60 texIndex:266
04-27 16:36:36.372 I/flutter (22562): IFAlbumGridCellState500555244 didUpdateWidget old 0, 61, start grp_index: 0 img_index: 61 texIndex:269
04-27 16:36:36.373 I/flutter (22562): IFAlbumGridCellState576735829 didUpdateWidget old 0, 62, start grp_index: 0 img_index: 62 texIndex:268
04-27 16:36:36.374 I/flutter (22562): IFAlbumGridCellState129844810 didUpdateWidget old 0, 63, start grp_index: 0 img_index: 63 texIndex:267
04-27 16:36:36.375 I/flutter (22562): IFAlbumGridCellState381474680 didUpdateWidget old 0, 64, start grp_index: 0 img_index: 64 texIndex:278
04-27 16:36:36.376 I/flutter (22562): IFAlbumGridCellState836106059 didUpdateWidget old 0, 65, start grp_index: 0 img_index: 65 texIndex:277
04-27 16:36:36.377 I/flutter (22562): IFAlbumGridCellState249741105 didUpdateWidget old 0, 66, start grp_index: 0 img_index: 66 texIndex:276
04-27 16:36:36.378 I/flutter (22562): IFAlbumGridCellState573856811 didUpdateWidget old 0, 67, start grp_index: 0 img_index: 67 texIndex:271
04-27 16:36:36.378 I/flutter (22562): IFAlbumGridCellState895958522 didUpdateWidget old 0, 68, start grp_index: 0 img_index: 68 texIndex:275
04-27 16:36:36.379 I/flutter (22562): IFAlbumGridCellState484859221 didUpdateWidget old 0, 69, start grp_index: 0 img_index: 69 texIndex:274
04-27 16:36:36.380 I/flutter (22562): IFAlbumGridCellState520707574 didUpdateWidget old 0, 70, start grp_index: 0 img_index: 70 texIndex:273
04-27 16:36:36.381 I/flutter (22562): IFAlbumGridCellState465294095 didUpdateWidget old 0, 71, start grp_index: 0 img_index: 71 texIndex:272
04-27 16:36:36.382 I/flutter (22562): IFAlbumGridCellState731958414 didUpdateWidget old 0, 72, start grp_index: 0 img_index: 72 texIndex:279
04-27 16:36:36.382 I/flutter (22562): IFAlbumGridCellState254570349 didUpdateWidget old 0, 73, start grp_index: 0 img_index: 73 texIndex:282
04-27 16:36:36.383 I/flutter (22562): IFAlbumGridCellState304085220 didUpdateWidget old 0, 74, start grp_index: 0 img_index: 74 texIndex:281
04-27 16:36:36.384 I/flutter (22562): IFAlbumGridCellState898588582 didUpdateWidget old 0, 75, start grp_index: 0 img_index: 75 texIndex:280
04-27 16:36:36.384 I/flutter (22562): IFAlbumGridCellState849255616 didUpdateWidget old 0, 76, start grp_index: 0 img_index: 76 texIndex:283
04-27 16:36:36.385 I/flutter (22562): IFAlbumGridCellState183816476 didUpdateWidget old 0, 77, start grp_index: 0 img_index: 77 texIndex:286
04-27 16:36:36.387 I/flutter (22562): IFAlbumGridCellState537918499 didUpdateWidget old 0, 78, start grp_index: 0 img_index: 78 texIndex:285
04-27 16:36:36.388 I/flutter (22562): IFAlbumGridCellState174286345 didUpdateWidget old 0, 79, start grp_index: 0 img_index: 79 texIndex:284
04-27 16:36:36.389 I/flutter (22562): IFAlbumGridCellState876987995 didUpdateWidget old 0, 80, start grp_index: 0 img_index: 80 texIndex:287
04-27 16:36:36.389 I/flutter (22562): IFAlbumGridCellState637102981 didUpdateWidget old 0, 81, start grp_index: 0 img_index: 81 texIndex:290
04-27 16:36:36.390 I/flutter (22562): IFAlbumGridCellState36736187 didUpdateWidget old 0, 82, start grp_index: 0 img_index: 82 texIndex:289
04-27 16:36:36.391 I/flutter (22562): IFAlbumGridCellState382126870 didUpdateWidget old 0, 83, start grp_index: 0 img_index: 83 texIndex:288
04-27 16:36:36.392 I/flutter (22562): IFAlbumGridCellState918145670 didUpdateWidget old 0, 84, start grp_index: 0 img_index: 84 texIndex:291
04-27 16:36:36.393 I/flutter (22562): IFAlbumGridCellState570642937 didUpdateWidget old 0, 85, start grp_index: 0 img_index: 85 texIndex:296
04-27 16:36:36.393 I/flutter (22562): IFAlbumGridCellState814210475 didUpdateWidget old 0, 86, start grp_index: 0 img_index: 86 texIndex:295
04-27 16:36:36.394 I/flutter (22562): IFAlbumGridCellState189191182 didUpdateWidget old 0, 87, start grp_index: 0 img_index: 87 texIndex:294
04-27 16:36:36.395 I/flutter (22562): IFAlbumGridCellState479468567 didUpdateWidget old 0, 88, start grp_index: 0 img_index: 88 texIndex:293
04-27 16:36:36.396 I/flutter (22562): IFAlbumGridCellState708978898 didUpdateWidget old 0, 89, start grp_index: 0 img_index: 89 texIndex:292
04-27 16:36:36.396 I/flutter (22562): IFAlbumGridCellState getDurationString duration=5.309 intDur=5,doubleRound1=5 durationStr=0:5
04-27 16:36:36.400 I/taobao.idlefis(22562): Explicit concurrent copying GC freed 8683(643KB) AllocSpace objects, 3(60KB) LOS objects, 49% free, 13MB/26MB, paused 302us total 276.065ms
04-27 16:36:36.407 I/flutter (22562): _TopLevelWidgetState initState
04-27 16:36:36.407 I/flutter (22562): _TopLevelWidgetState build
04-27 16:36:36.407 I/flutter (22562): _BottomIndicatorPageViewState initState
04-27 16:36:36.408 I/flutter (22562): _BottomIndicatorPageViewState build false,leftX=131.2,lastStartLeftX=0.0,currentSelectTabIndex=1,lastSelectTabIndex=2
04-27 16:36:36.408 I/flutter (22562): getTabColorValue i:1 curIndex 1 dis 0
04-27 16:36:36.408 I/flutter (22562): getTabAlphaValue i:1 curIndex 1 dis 0
04-27 16:36:36.408 I/flutter (22562): getTabColorValue i:2 curIndex 1 dis 1
04-27 16:36:36.408 I/flutter (22562): getTabAlphaValue i:2 curIndex 1 dis 1
04-27 16:36:36.408 I/flutter (22562): getTabColorValue i:3 curIndex 1 dis 2
04-27 16:36:36.408 I/flutter (22562): getTabAlphaValue i:3 curIndex 1 dis 2
04-27 16:36:36.418 I/flutter (22562): _AlbumPreviewImageState imageDispose groupIndex=0,imageIndex=85
04-27 16:36:36.419 I/flutter (22562): CPV@IW@1046478471 dispose remove _PhotoViewImageWrapperState#ffe87
04-27 16:36:36.419 I/flutter (22562): CPV@CVPState384657107 dispose
04-27 16:36:36.420 I/flutter (22562): _AlbumPreviewWidgetState385926556 dispose
04-27 16:36:36.495 E/ANDR-PERF-MPCTL(  735): poll() has timed out for /sys/module/msm_performance/events/cpu_hotplug
04-27 16:36:36.495 E/ANDR-PERF-MPCTL(  735): Block on poll()
04-27 16:36:36.564 E/IFAlbumPlugin(22562): onMethodCall dispose_preview_page
04-27 16:36:36.564 E/AlbumDataProvider(22562): destroyPreviewPage 
04-27 16:36:36.565 E/AlbumGLManager(22562): deleteFlutterTextureIndex run index=300,textureId=355
04-27 16:36:36.565 E/AlbumGLManager(22562): glDeleteTextures textures=355
04-27 16:36:36.565 E/AlbumGLManager(22562): deleteFlutterTextureIndex run index=301,textureId=356
04-27 16:36:36.565 E/AlbumGLManager(22562): glDeleteTextures textures=356
04-27 16:36:36.565 E/AlbumGLManager(22562): deleteFlutterTextureIndex run index=303,textureId=358
04-27 16:36:36.566 E/AlbumGLManager(22562): glDeleteTextures textures=358
04-27 16:36:36.566 E/AlbumGLManager(22562): deleteFlutterTextureIndex run index=302,textureId=357
04-27 16:36:36.567 E/AlbumGLManager(22562): glDeleteTextures textures=357
04-27 16:36:36.567 E/AlbumGLManager(22562): deleteFlutterTextureIndex run index=304,textureId=359
04-27 16:36:36.567 E/AlbumGLManager(22562): glDeleteTextures textures=359
04-27 16:36:36.570 E/IFAlbumPlugin(22562): onMethodCall dispose
04-27 16:36:36.570 E/IFAlbumPlugin(22562): onMethodCall     dispose args={asset_index=84, texture_id=302, group_index=0, image_type=1}
04-27 16:36:36.570 D/FTLogger(22562): FULLTRACE:->send nobody type: 0x16
04-27 16:36:36.570 V/Fulltrace-native(22562): appendNoBody appendNoBody
04-27 16:36:36.588 D/PerfShielderService( 1693): com.taobao.idlefish|com.taobao.idlefish/com.idlefish.flutterbridge.flutterboost.IdleFishAVFlutterActivity|173|563815806717319|173|0|1
04-27 16:36:36.589 W/MiuiPerfServiceClient( 3850): interceptAndQueuing:22562|com.taobao.idlefish|173|173|unknown|null|com.taobao.idlefish/com.idlefish.flutterbridge.flutterboost.IdleFishAVFlutterActivity|563815806717319|Slow main thread|1
04-27 16:36:36.671 E/IFAlbumPlugin(22562): onMethodCall dispose
04-27 16:36:36.672 E/IFAlbumPlugin(22562): onMethodCall     dispose args={asset_index=85, texture_id=303, group_index=0, image_type=1}
04-27 16:36:36.710 I/ThermalEngine(  885): handle_thresh_sig: SS Id SS-CLUSTER1-SP1, Read xo_therm 43000mC
04-27 16:36:37.217 I/ThermalEngine(  885): handle_thresh_sig: SS Id SS-CLUSTER1-SP1, Read xo_therm 43000mC
04-27 16:36:37.225 I/taobao.idlefis(22562): Explicit concurrent copying GC freed 8152(641KB) AllocSpace objects, 1(20KB) LOS objects, 49% free, 13MB/26MB, paused 2.079ms total 325.737ms
04-27 16:36:37.344 D/FTLogger(22562): FULLTRACE:->send nobody type: 0x16
04-27 16:36:37.345 V/Fulltrace-native(22562): appendNoBody appendNoBody
04-27 16:36:37.724 I/ThermalEngine(  885): handle_thresh_sig: SS Id SS-CLUSTER1-SP1, Read xo_therm 43000mC
04-27 16:36:37.910 I/taobao.idlefis(22562): Explicit concurrent copying GC freed 6989(495KB) AllocSpace objects, 1(20KB) LOS objects, 49% free, 13MB/26MB, paused 358us total 248.884ms
04-27 16:36:38.086 D/FTLogger(22562): FULLTRACE:->send nobody type: 0x16
04-27 16:36:38.086 V/Fulltrace-native(22562): appendNoBody appendNoBody
04-27 16:36:38.100 E/IFAlbumPlugin(22562): onMethodCall on_image
04-27 16:36:38.107 I/flutter (22562): _StackMainPageWidget ScopedModelDescendant build false mainPageStackModel=Instance of 'MainPageStackModel'
04-27 16:36:38.107 I/flutter (22562): _StackMainPageWidget ScopedModelDescendant build
04-27 16:36:38.108 I/flutter (22562): _MainPageAnimationWidgetState build 2 ---> 1
04-27 16:36:38.108 I/flutter (22562): _StackMainPageWidget MainPageAnimationWidget itemBuilder
04-27 16:36:38.108 I/flutter (22562): _StackMainPageWidget MainPageAnimationWidget itemBuilder
04-27 16:36:38.108 I/flutter (22562): capture build
04-27 16:36:38.111 I/flutter (22562): animation.value Size(28.0, 28.0)
04-27 16:36:38.112 I/flutter (22562): MyAlbumWidget getPreviewWidget
04-27 16:36:38.112 I/flutter (22562): IFAlbumGridCellState807943437 didUpdateWidget old 0, 56, start grp_index: 0 img_index: 56 texIndex:270
04-27 16:36:38.112 I/flutter (22562): IFAlbumGridCellState258813894 didUpdateWidget old 0, 57, start grp_index: 0 img_index: 57 texIndex:265
04-27 16:36:38.112 I/flutter (22562): IFAlbumGridCellState706956416 didUpdateWidget old 0, 58, start grp_index: 0 img_index: 58 texIndex:264
04-27 16:36:38.113 I/flutter (22562): IFAlbumGridCellState129044203 didUpdateWidget old 0, 59, start grp_index: 0 img_index: 59 texIndex:263
04-27 16:36:38.113 I/flutter (22562): IFAlbumGridCellState66141685 didUpdateWidget old 0, 60, start grp_index: 0 img_index: 60 texIndex:266
04-27 16:36:38.113 I/flutter (22562): IFAlbumGridCellState500555244 didUpdateWidget old 0, 61, start grp_index: 0 img_index: 61 texIndex:269
04-27 16:36:38.113 I/flutter (22562): IFAlbumGridCellState576735829 didUpdateWidget old 0, 62, start grp_index: 0 img_index: 62 texIndex:268
04-27 16:36:38.113 I/flutter (22562): IFAlbumGridCellState129844810 didUpdateWidget old 0, 63, start grp_index: 0 img_index: 63 texIndex:267
04-27 16:36:38.114 I/flutter (22562): IFAlbumGridCellState381474680 didUpdateWidget old 0, 64, start grp_index: 0 img_index: 64 texIndex:278
04-27 16:36:38.114 I/flutter (22562): IFAlbumGridCellState836106059 didUpdateWidget old 0, 65, start grp_index: 0 img_index: 65 texIndex:277
04-27 16:36:38.114 I/flutter (22562): IFAlbumGridCellState249741105 didUpdateWidget old 0, 66, start grp_index: 0 img_index: 66 texIndex:276
04-27 16:36:38.114 I/flutter (22562): IFAlbumGridCellState573856811 didUpdateWidget old 0, 67, start grp_index: 0 img_index: 67 texIndex:271
04-27 16:36:38.114 I/flutter (22562): IFAlbumGridCellState895958522 didUpdateWidget old 0, 68, start grp_index: 0 img_index: 68 texIndex:275
04-27 16:36:38.114 I/flutter (22562): IFAlbumGridCellState484859221 didUpdateWidget old 0, 69, start grp_index: 0 img_index: 69 texIndex:274
04-27 16:36:38.115 I/flutter (22562): IFAlbumGridCellState520707574 didUpdateWidget old 0, 70, start grp_index: 0 img_index: 70 texIndex:273
04-27 16:36:38.115 I/flutter (22562): IFAlbumGridCellState465294095 didUpdateWidget old 0, 71, start grp_index: 0 img_index: 71 texIndex:272
04-27 16:36:38.115 I/flutter (22562): IFAlbumGridCellState731958414 didUpdateWidget old 0, 72, start grp_index: 0 img_index: 72 texIndex:279
04-27 16:36:38.115 I/flutter (22562): IFAlbumGridCellState254570349 didUpdateWidget old 0, 73, start grp_index: 0 img_index: 73 texIndex:282
04-27 16:36:38.115 I/flutter (22562): IFAlbumGridCellState304085220 didUpdateWidget old 0, 74, start grp_index: 0 img_index: 74 texIndex:281
04-27 16:36:38.116 I/flutter (22562): IFAlbumGridCellState898588582 didUpdateWidget old 0, 75, start grp_index: 0 img_index: 75 texIndex:280
04-27 16:36:38.116 I/flutter (22562): IFAlbumGridCellState849255616 didUpdateWidget old 0, 76, start grp_index: 0 img_index: 76 texIndex:283
04-27 16:36:38.116 I/flutter (22562): IFAlbumGridCellState183816476 didUpdateWidget old 0, 77, start grp_index: 0 img_index: 77 texIndex:286
04-27 16:36:38.116 I/flutter (22562): IFAlbumGridCellState537918499 didUpdateWidget old 0, 78, start grp_index: 0 img_index: 78 texIndex:285
04-27 16:36:38.117 I/flutter (22562): IFAlbumGridCellState174286345 didUpdateWidget old 0, 79, start grp_index: 0 img_index: 79 texIndex:284
04-27 16:36:38.117 I/flutter (22562): IFAlbumGridCellState876987995 didUpdateWidget old 0, 80, start grp_index: 0 img_index: 80 texIndex:287
04-27 16:36:38.117 I/flutter (22562): IFAlbumGridCellState637102981 didUpdateWidget old 0, 81, start grp_index: 0 img_index: 81 texIndex:290
04-27 16:36:38.117 I/flutter (22562): IFAlbumGridCellState36736187 didUpdateWidget old 0, 82, start grp_index: 0 img_index: 82 texIndex:289
04-27 16:36:38.117 I/flutter (22562): IFAlbumGridCellState382126870 didUpdateWidget old 0, 83, start grp_index: 0 img_index: 83 texIndex:288
04-27 16:36:38.118 I/flutter (22562): IFAlbumGridCellState918145670 didUpdateWidget old 0, 84, start grp_index: 0 img_index: 84 texIndex:291
04-27 16:36:38.118 I/flutter (22562): IFAlbumGridCellState570642937 didUpdateWidget old 0, 85, start grp_index: 0 img_index: 85 texIndex:296
04-27 16:36:38.118 I/flutter (22562): IFAlbumGridCellState814210475 didUpdateWidget old 0, 86, start grp_index: 0 img_index: 86 texIndex:295
04-27 16:36:38.119 I/flutter (22562): IFAlbumGridCellState189191182 didUpdateWidget old 0, 87, start grp_index: 0 img_index: 87 texIndex:294
04-27 16:36:38.119 I/flutter (22562): IFAlbumGridCellState479468567 didUpdateWidget old 0, 88, start grp_index: 0 img_index: 88 texIndex:293
04-27 16:36:38.119 I/flutter (22562): IFAlbumGridCellState708978898 didUpdateWidget old 0, 89, start grp_index: 0 img_index: 89 texIndex:292
04-27 16:36:38.119 I/flutter (22562): IFAlbumGridCellState getDurationString duration=5.309 intDur=5,doubleRound1=5 durationStr=0:5
04-27 16:36:38.132 I/flutter (22562): IFAlbumModel loadImage groupIndex=0,imageIndex=85
04-27 16:36:38.134 E/IFAlbumPlugin(22562): onMethodCall load_asset
04-27 16:36:38.134 E/IFAlbumPlugin(22562): request assetIndex=85,groupIndex=0
04-27 16:36:38.134 E/AlbumDataProvider(22562): loadAsset@ start assetIndex=85
04-27 16:36:38.134 E/AlbumDataProvider(22562): in path=/storage/emulated/0/DCIM/1688SaveImage/1586317024992.jpg
04-27 16:36:38.134 E/AlbumDataProvider(22562): getSnapBitmap try thumbnail path=/storage/emulated/0/DCIM/1688SaveImage/1586317024992.jpg
04-27 16:36:38.147 E/AlbumDataProvider(22562): loadBitmap rotate use time=0
04-27 16:36:38.191 E/AlbumDataProvider(22562): loadAsset@ onLoadAssetSuccess start 
04-27 16:36:38.192 E/AlbumDataProvider(22562): loadAsset@ end assetIndex=85,ou path=/storage/emulated/0/DCIM/1688SaveImage/1586317024992.jpg,jStr={"height":96,"isVideo":false,"path":"/storage/emulated/0/DCIM/1688SaveImage/1586317024992.jpg","snapPath":"/storage/emulated/0/Android/data/com.taobao.idlefish/cache/bottom_icon/403470534bc65a2884dcff9cbd29994d.png","textureID":-1,"videoDuration":0,"width":96}
04-27 16:36:38.210 I/flutter (22562): image cover test width null, height:null, curWidth:96, curHeight:96
04-27 16:36:38.225 I/flutter (22562): image cover test width null, height:null, curWidth:96, curHeight:96
04-27 16:36:38.232 I/ThermalEngine(  885): handle_thresh_sig: SS Id SS-CLUSTER1-SP1, Read xo_therm 43000mC
04-27 16:36:38.243 I/flutter (22562): image cover test width null, height:null, curWidth:96, curHeight:96
04-27 16:36:38.394 I/chatty  (22562): uid=10723(com.taobao.idlefish) Thread-83 identical 8 lines
04-27 16:36:38.412 I/flutter (22562): image cover test width null, height:null, curWidth:96, curHeight:96
04-27 16:36:38.421 I/flutter (22562): when use timer scroll Bad state: No element
04-27 16:36:38.644 I/chatty  (22562): uid=10723(com.taobao.idlefish) Thread-83 identical 13 lines
04-27 16:36:38.666 I/flutter (22562): when use timer scroll Bad state: No element
04-27 16:36:38.668 I/taobao.idlefis(22562): Explicit concurrent copying GC freed 9788(736KB) AllocSpace objects, 1(20KB) LOS objects, 49% free, 13MB/26MB, paused 288us total 235.525ms
04-27 16:36:38.694 I/flutter (22562): when use timer scroll Bad state: No element
04-27 16:36:38.739 I/ThermalEngine(  885): handle_thresh_sig: SS Id SS-CLUSTER1-SP1, Read xo_therm 43000mC
04-27 16:36:38.792 D/FTLogger(22562): FULLTRACE:->send nobody type: 0x16
04-27 16:36:38.792 V/Fulltrace-native(22562): appendNoBody appendNoBody
04-27 16:36:38.841 E/IFAlbumPlugin(22562): onMethodCall on_image
04-27 16:36:38.845 I/flutter (22562): MyAlbumWidget getPreviewWidget
04-27 16:36:38.846 I/flutter (22562): IFAlbumGridCellState807943437 didUpdateWidget old 0, 56, start grp_index: 0 img_index: 56 texIndex:270
04-27 16:36:38.846 I/flutter (22562): IFAlbumGridCellState258813894 didUpdateWidget old 0, 57, start grp_index: 0 img_index: 57 texIndex:265
04-27 16:36:38.847 I/flutter (22562): IFAlbumGridCellState706956416 didUpdateWidget old 0, 58, start grp_index: 0 img_index: 58 texIndex:264
04-27 16:36:38.847 I/flutter (22562): IFAlbumGridCellState129044203 didUpdateWidget old 0, 59, start grp_index: 0 img_index: 59 texIndex:263
04-27 16:36:38.847 I/flutter (22562): IFAlbumGridCellState66141685 didUpdateWidget old 0, 60, start grp_index: 0 img_index: 60 texIndex:266
04-27 16:36:38.848 I/flutter (22562): IFAlbumGridCellState500555244 didUpdateWidget old 0, 61, start grp_index: 0 img_index: 61 texIndex:269
04-27 16:36:38.848 I/flutter (22562): IFAlbumGridCellState576735829 didUpdateWidget old 0, 62, start grp_index: 0 img_index: 62 texIndex:268
04-27 16:36:38.848 I/flutter (22562): IFAlbumGridCellState129844810 didUpdateWidget old 0, 63, start grp_index: 0 img_index: 63 texIndex:267
04-27 16:36:38.849 I/flutter (22562): IFAlbumGridCellState381474680 didUpdateWidget old 0, 64, start grp_index: 0 img_index: 64 texIndex:278
04-27 16:36:38.849 I/flutter (22562): IFAlbumGridCellState836106059 didUpdateWidget old 0, 65, start grp_index: 0 img_index: 65 texIndex:277
04-27 16:36:38.849 I/flutter (22562): IFAlbumGridCellState249741105 didUpdateWidget old 0, 66, start grp_index: 0 img_index: 66 texIndex:276
04-27 16:36:38.849 I/flutter (22562): IFAlbumGridCellState573856811 didUpdateWidget old 0, 67, start grp_index: 0 img_index: 67 texIndex:271
04-27 16:36:38.850 I/flutter (22562): IFAlbumGridCellState895958522 didUpdateWidget old 0, 68, start grp_index: 0 img_index: 68 texIndex:275
04-27 16:36:38.850 I/flutter (22562): IFAlbumGridCellState484859221 didUpdateWidget old 0, 69, start grp_index: 0 img_index: 69 texIndex:274
04-27 16:36:38.851 I/flutter (22562): IFAlbumGridCellState520707574 didUpdateWidget old 0, 70, start grp_index: 0 img_index: 70 texIndex:273
04-27 16:36:38.851 I/flutter (22562): IFAlbumGridCellState465294095 didUpdateWidget old 0, 71, start grp_index: 0 img_index: 71 texIndex:272
04-27 16:36:38.851 I/flutter (22562): IFAlbumGridCellState731958414 didUpdateWidget old 0, 72, start grp_index: 0 img_index: 72 texIndex:279
04-27 16:36:38.852 I/flutter (22562): IFAlbumGridCellState254570349 didUpdateWidget old 0, 73, start grp_index: 0 img_index: 73 texIndex:282
04-27 16:36:38.853 I/flutter (22562): IFAlbumGridCellState304085220 didUpdateWidget old 0, 74, start grp_index: 0 img_index: 74 texIndex:281
04-27 16:36:38.853 I/flutter (22562): IFAlbumGridCellState898588582 didUpdateWidget old 0, 75, start grp_index: 0 img_index: 75 texIndex:280
04-27 16:36:38.854 I/flutter (22562): IFAlbumGridCellState849255616 didUpdateWidget old 0, 76, start grp_index: 0 img_index: 76 texIndex:283
04-27 16:36:38.854 I/flutter (22562): IFAlbumGridCellState183816476 didUpdateWidget old 0, 77, start grp_index: 0 img_index: 77 texIndex:286
04-27 16:36:38.854 I/flutter (22562): IFAlbumGridCellState537918499 didUpdateWidget old 0, 78, start grp_index: 0 img_index: 78 texIndex:285
04-27 16:36:38.854 I/flutter (22562): IFAlbumGridCellState174286345 didUpdateWidget old 0, 79, start grp_index: 0 img_index: 79 texIndex:284
04-27 16:36:38.855 I/flutter (22562): IFAlbumGridCellState876987995 didUpdateWidget old 0, 80, start grp_index: 0 img_index: 80 texIndex:287
04-27 16:36:38.855 I/flutter (22562): IFAlbumGridCellState637102981 didUpdateWidget old 0, 81, start grp_index: 0 img_index: 81 texIndex:290
04-27 16:36:38.856 I/flutter (22562): IFAlbumGridCellState36736187 didUpdateWidget old 0, 82, start grp_index: 0 img_index: 82 texIndex:289
04-27 16:36:38.856 I/flutter (22562): IFAlbumGridCellState382126870 didUpdateWidget old 0, 83, start grp_index: 0 img_index: 83 texIndex:288
04-27 16:36:38.856 I/flutter (22562): IFAlbumGridCellState918145670 didUpdateWidget old 0, 84, start grp_index: 0 img_index: 84 texIndex:291
04-27 16:36:38.856 I/flutter (22562): IFAlbumGridCellState570642937 didUpdateWidget old 0, 85, start grp_index: 0 img_index: 85 texIndex:296
04-27 16:36:38.857 I/flutter (22562): IFAlbumGridCellState814210475 didUpdateWidget old 0, 86, start grp_index: 0 img_index: 86 texIndex:295
04-27 16:36:38.857 I/flutter (22562): IFAlbumGridCellState189191182 didUpdateWidget old 0, 87, start grp_index: 0 img_index: 87 texIndex:294
04-27 16:36:38.857 I/flutter (22562): IFAlbumGridCellState479468567 didUpdateWidget old 0, 88, start grp_index: 0 img_index: 88 texIndex:293
04-27 16:36:38.858 I/flutter (22562): IFAlbumGridCellState708978898 didUpdateWidget old 0, 89, start grp_index: 0 img_index: 89 texIndex:292
04-27 16:36:38.858 I/flutter (22562): IFAlbumGridCellState getDurationString duration=5.309 intDur=5,doubleRound1=5 durationStr=0:5
04-27 16:36:38.859 I/flutter (22562): image cover test width null, height:null, curWidth:96, curHeight:96
04-27 16:36:38.865 I/flutter (22562): IFAlbumModel loadImage groupIndex=0,imageIndex=81
04-27 16:36:38.866 E/IFAlbumPlugin(22562): onMethodCall load_asset
04-27 16:36:38.866 E/IFAlbumPlugin(22562): request assetIndex=81,groupIndex=0
04-27 16:36:38.866 E/AlbumDataProvider(22562): loadAsset@ start assetIndex=81
04-27 16:36:38.866 E/AlbumDataProvider(22562): in path=/storage/emulated/0/DCIM/1688SaveImage/1586316954104.jpg
04-27 16:36:38.866 E/AlbumDataProvider(22562): getSnapBitmap try thumbnail path=/storage/emulated/0/DCIM/1688SaveImage/1586316954104.jpg
04-27 16:36:38.873 E/AlbumDataProvider(22562): loadBitmap rotate use time=0
04-27 16:36:38.895 E/AlbumDataProvider(22562): loadAsset@ onLoadAssetSuccess start 
04-27 16:36:38.895 E/AlbumDataProvider(22562): loadAsset@ end assetIndex=81,ou path=/storage/emulated/0/DCIM/1688SaveImage/1586316954104.jpg,jStr={"height":96,"isVideo":false,"path":"/storage/emulated/0/DCIM/1688SaveImage/1586316954104.jpg","snapPath":"/storage/emulated/0/Android/data/com.taobao.idlefish/cache/bottom_icon/bcdd3d5475a76bda3f53af8d129b413a.png","textureID":-1,"videoDuration":0,"width":96}
04-27 16:36:38.910 I/flutter (22562): image cover test width null, height:null, curWidth:96, curHeight:96
04-27 16:36:39.246 I/ThermalEngine(  885): handle_thresh_sig: SS Id SS-CLUSTER1-SP1, Read xo_therm 43000mC
04-27 16:36:39.381 I/taobao.idlefis(22562): Explicit concurrent copying GC freed 8867(673KB) AllocSpace objects, 1(20KB) LOS objects, 49% free, 13MB/26MB, paused 257us total 233.950ms
04-27 16:36:39.381 I/taobao.idlefis(22562): WaitForGcToComplete blocked HeapTrim on HeapTrim for 233.379ms
04-27 16:36:39.468 D/FTLogger(22562): FULLTRACE:->send nobody type: 0x16
04-27 16:36:39.468 V/Fulltrace-native(22562): appendNoBody appendNoBody
04-27 16:36:39.496 E/ANDR-PERF-MPCTL(  735): poll() has timed out for /sys/module/msm_performance/events/cpu_hotplug
04-27 16:36:39.496 E/ANDR-PERF-MPCTL(  735): Block on poll()
04-27 16:36:39.727 D/Ariver:RVInitializer(22562): unimplemented proxy:IDeviceInfoProxy.getDeviceLevel
04-27 16:36:39.753 I/ThermalEngine(  885): handle_thresh_sig: SS Id SS-CLUSTER1-SP1, Read xo_therm 43000mC
04-27 16:36:40.187 I/taobao.idlefis(22562): Explicit concurrent copying GC freed 7684(548KB) AllocSpace objects, 1(20KB) LOS objects, 49% free, 13MB/26MB, paused 1.580ms total 254.446ms
04-27 16:36:40.260 I/ThermalEngine(  885): handle_thresh_sig: SS Id SS-CLUSTER1-SP1, Read xo_therm 43000mC
04-27 16:36:40.304 D/FTLogger(22562): FULLTRACE:->send nobody type: 0x16
04-27 16:36:40.304 V/Fulltrace-native(22562): appendNoBody appendNoBody
04-27 16:36:40.315 W/taobao.idlefis(22562): miui_dex2oat: oat file of /data/app/com.taobao.idlefish-jRJpua08qEVioFJW4SEMMw==/lib/arm/libsgmisc.so is not exists
04-27 16:36:40.768 I/ThermalEngine(  885): handle_thresh_sig: SS Id SS-CLUSTER1-SP1, Read xo_therm 43000mC
04-27 16:36:41.015 I/taobao.idlefis(22562): Explicit concurrent copying GC freed 7462(571KB) AllocSpace objects, 2(40KB) LOS objects, 50% free, 13MB/27MB, paused 290us total 348.692ms
04-27 16:36:41.135 D/FTLogger(22562): FULLTRACE:->send nobody type: 0x16
04-27 16:36:41.135 V/Fulltrace-native(22562): appendNoBody appendNoBody
04-27 16:36:41.277 I/ThermalEngine(  885): handle_thresh_sig: SS Id SS-CLUSTER1-SP1, Read xo_therm 43000mC
04-27 16:36:41.719 I/taobao.idlefis(22562): Explicit concurrent copying GC freed 8078(740KB) AllocSpace objects, 1(20KB) LOS objects, 49% free, 13MB/26MB, paused 292us total 222.473ms
04-27 16:36:41.784 I/ThermalEngine(  885): handle_thresh_sig: SS Id SS-CLUSTER1-SP1, Read xo_therm 43000mC
04-27 16:36:41.833 D/FTLogger(22562): FULLTRACE:->send nobody type: 0x16
04-27 16:36:41.833 V/Fulltrace-native(22562): appendNoBody appendNoBody
04-27 16:36:41.842 W/CameraClient(  898): lockIfMessageWanted(16): dropped unwanted message
04-27 16:36:41.931 E/IFAlbumPlugin(22562): onMethodCall finish_select
04-27 16:36:41.933 E/AlbumGLManager(22562): destroy, still have textures=[317, 318, 319, 320, 321, 322, 323, 324, 325, 326, 327, 328, 329, 330, 331, 332, 333, 205, 334, 206, 335, 336, 337, 338, 339, 340, 341, 342, 343, 344, 345, 346, 347, 348, 349, 350, 241, 242]
04-27 16:36:41.937 I/flutter (22562): MyAlbumWidget getPreviewWidget
04-27 16:36:41.938 I/flutter (22562): IFAlbumGridCellState807943437 didUpdateWidget old 0, 56, start grp_index: 0 img_index: 56 texIndex:270
04-27 16:36:41.939 I/flutter (22562): IFAlbumGridCellState258813894 didUpdateWidget old 0, 57, start grp_index: 0 img_index: 57 texIndex:265
04-27 16:36:41.939 I/flutter (22562): IFAlbumGridCellState706956416 didUpdateWidget old 0, 58, start grp_index: 0 img_index: 58 texIndex:264
04-27 16:36:41.940 I/flutter (22562): IFAlbumGridCellState129044203 didUpdateWidget old 0, 59, start grp_index: 0 img_index: 59 texIndex:263
04-27 16:36:41.940 I/flutter (22562): IFAlbumGridCellState66141685 didUpdateWidget old 0, 60, start grp_index: 0 img_index: 60 texIndex:266
04-27 16:36:41.941 I/flutter (22562): IFAlbumGridCellState500555244 didUpdateWidget old 0, 61, start grp_index: 0 img_index: 61 texIndex:269
04-27 16:36:41.941 I/flutter (22562): IFAlbumGridCellState576735829 didUpdateWidget old 0, 62, start grp_index: 0 img_index: 62 texIndex:268
04-27 16:36:41.942 I/flutter (22562): IFAlbumGridCellState129844810 didUpdateWidget old 0, 63, start grp_index: 0 img_index: 63 texIndex:267
04-27 16:36:41.943 I/flutter (22562): IFAlbumGridCellState381474680 didUpdateWidget old 0, 64, start grp_index: 0 img_index: 64 texIndex:278
04-27 16:36:41.944 I/flutter (22562): IFAlbumGridCellState836106059 didUpdateWidget old 0, 65, start grp_index: 0 img_index: 65 texIndex:277
04-27 16:36:41.944 E/Grafika (22562): release 
04-27 16:36:41.944 I/flutter (22562): IFAlbumGridCellState249741105 didUpdateWidget old 0, 66, start grp_index: 0 img_index: 66 texIndex:276
04-27 16:36:41.944 D/AlbumGLManager(22562): looper quit
04-27 16:36:41.944 I/flutter (22562): IFAlbumGridCellState573856811 didUpdateWidget old 0, 67, start grp_index: 0 img_index: 67 texIndex:271
04-27 16:36:41.944 E/AlbumGLManager(22562): joinTime=12
04-27 16:36:41.945 I/flutter (22562): IFAlbumGridCellState895958522 didUpdateWidget old 0, 68, start grp_index: 0 img_index: 68 texIndex:275
04-27 16:36:41.945 I/flutter (22562): IFAlbumGridCellState484859221 didUpdateWidget old 0, 69, start grp_index: 0 img_index: 69 texIndex:274
04-27 16:36:41.945 I/flutter (22562): IFAlbumGridCellState520707574 didUpdateWidget old 0, 70, start grp_index: 0 img_index: 70 texIndex:273
04-27 16:36:41.945 I/flutter (22562): IFAlbumGridCellState465294095 didUpdateWidget old 0, 71, start grp_index: 0 img_index: 71 texIndex:272
04-27 16:36:41.946 I/flutter (22562): IFAlbumGridCellState731958414 didUpdateWidget old 0, 72, start grp_index: 0 img_index: 72 texIndex:279
04-27 16:36:41.946 I/flutter (22562): IFAlbumGridCellState254570349 didUpdateWidget old 0, 73, start grp_index: 0 img_index: 73 texIndex:282
04-27 16:36:41.946 I/flutter (22562): IFAlbumGridCellState304085220 didUpdateWidget old 0, 74, start grp_index: 0 img_index: 74 texIndex:281
04-27 16:36:41.947 I/flutter (22562): IFAlbumGridCellState898588582 didUpdateWidget old 0, 75, start grp_index: 0 img_index: 75 texIndex:280
04-27 16:36:41.947 I/flutter (22562): IFAlbumGridCellState849255616 didUpdateWidget old 0, 76, start grp_index: 0 img_index: 76 texIndex:283
04-27 16:36:41.947 I/flutter (22562): IFAlbumGridCellState183816476 didUpdateWidget old 0, 77, start grp_index: 0 img_index: 77 texIndex:286
04-27 16:36:41.947 I/flutter (22562): IFAlbumGridCellState537918499 didUpdateWidget old 0, 78, start grp_index: 0 img_index: 78 texIndex:285
04-27 16:36:41.947 I/flutter (22562): IFAlbumGridCellState174286345 didUpdateWidget old 0, 79, start grp_index: 0 img_index: 79 texIndex:284
04-27 16:36:41.948 I/flutter (22562): IFAlbumGridCellState876987995 didUpdateWidget old 0, 80, start grp_index: 0 img_index: 80 texIndex:287
04-27 16:36:41.948 I/flutter (22562): IFAlbumGridCellState637102981 didUpdateWidget old 0, 81, start grp_index: 0 img_index: 81 texIndex:290
04-27 16:36:41.948 I/flutter (22562): IFAlbumGridCellState36736187 didUpdateWidget old 0, 82, start grp_index: 0 img_index: 82 texIndex:289
04-27 16:36:41.949 I/flutter (22562): IFAlbumGridCellState382126870 didUpdateWidget old 0, 83, start grp_index: 0 img_index: 83 texIndex:288
04-27 16:36:41.949 I/flutter (22562): IFAlbumGridCellState918145670 didUpdateWidget old 0, 84, start grp_index: 0 img_index: 84 texIndex:291
04-27 16:36:41.949 I/flutter (22562): IFAlbumGridCellState570642937 didUpdateWidget old 0, 85, start grp_index: 0 img_index: 85 texIndex:296
04-27 16:36:41.952 I/flutter (22562): IFAlbumGridCellState814210475 didUpdateWidget old 0, 86, start grp_index: 0 img_index: 86 texIndex:295
04-27 16:36:41.955 I/flutter (22562): IFAlbumGridCellState189191182 didUpdateWidget old 0, 87, start grp_index: 0 img_index: 87 texIndex:294
04-27 16:36:41.956 I/flutter (22562): IFAlbumGridCellState479468567 didUpdateWidget old 0, 88, start grp_index: 0 img_index: 88 texIndex:293
04-27 16:36:41.957 I/flutter (22562): IFAlbumGridCellState708978898 didUpdateWidget old 0, 89, start grp_index: 0 img_index: 89 texIndex:292
04-27 16:36:41.957 I/flutter (22562): IFAlbumGridCellState getDurationString duration=5.309 intDur=5,doubleRound1=5 durationStr=0:5
04-27 16:36:41.958 I/flutter (22562): image cover test width null, height:null, curWidth:96, curHeight:96
04-27 16:36:41.958 I/flutter (22562): image cover test width null, height:null, curWidth:96, curHeight:96
04-27 16:36:41.966 I/flutter (22562): _MainPageModel _writeLastMediaSelectTypeSP LastMediaSelectType.ALBUM
04-27 16:36:41.966 E/IFCapturePlugin(22562): onMethodCall finish_capture
04-27 16:36:41.966 E/FlutterRecorder(22562): finishCapture 
04-27 16:36:41.967 E/state@FMRecorderState(22562): not stop NONE
04-27 16:36:41.967 E/FMRecorder|54396022(22562): releaseCamera
04-27 16:36:41.969 E/state@  (22562): screen_pipe215659274[STATE_STATED] pauseRunning
04-27 16:36:41.970 E/state@  (22562): Capture|258439035,[STATE_STATED]->[STATE_PAUSED]
04-27 16:36:41.970 E/state@CapCame(22562): pause
04-27 16:36:41.970 D/CameraWrapper(22562): releasing camera
04-27 16:36:41.971 I/QCamera (  709): <HAL><INFO> stop_preview: 423: [KPI Perf]: E PROFILE_STOP_PREVIEW camera id 0
04-27 16:36:41.971 I/flutter (22562): MultimediaSelectorState _showEditor 478422553
04-27 16:36:41.972 I/QTI PowerHAL(  709): Video Encode hint stop
04-27 16:36:41.973 I/QCamera (  709): <HAL><INFO> stopPreview: 4119: E
04-27 16:36:41.980 E/IFEditorPlugin(22562): onMethodCall start_edit
04-27 16:36:41.980 E/IFEditorPlugin(22562): start_edit 
04-27 16:36:41.980 E/IFImageEditor(22562): start edit image [/storage/emulated/0/DCIM/1688SaveImage/1586317024992.jpg, /storage/emulated/0/DCIM/1688SaveImage/1586316954104.jpg]
04-27 16:36:41.981 E/AVCaptureImageFile(22562): initWithConfig
04-27 16:36:41.986 E/GLThread(22562): initEGL
04-27 16:36:41.988 I/flutter (22562): IFEditorDisplayViewState initState
04-27 16:36:41.990 E/mm-camera(  709): <IFACE ><ERROR> 714: iface_queue_buf_int: iface_queue_buf_int: queue buf to kernel failed, rc = -1
04-27 16:36:41.990 E/mm-camera(  709): <IFACE ><ERROR> 2003: iface_axi_divert_ack: iface_axi_divert_ack: isp_queue_buf error = -1
04-27 16:36:41.990 E/mm-camera(  709): <IFACE ><ERROR> 12302: iface_util_divert_ack: iface_util_divert_ack: VFE1 IFACE_AXI_ACTION_CODE_STREAM_DIVERT_ACK failed! rc = -1
04-27 16:36:41.990 E/mm-camera(  709): <ISP   ><ERROR> 1432: isp_util_forward_event: failed: mct_port_send_event_to_peer event->type 2
04-27 16:36:41.990 E/mm-camera(  709): <ISP   ><ERROR> 555: isp_port_process_upstream_event: failed: isp_handler_enqueue_event_to_trigger_queue
04-27 16:36:41.990 E/mm-camera(  709): <ISP   ><ERROR> 610: isp_port_event: failed: isp_port_process_upstream_event
04-27 16:36:41.990 E/mm-camera(  709): <PPROC ><ERROR> 705: base_port_handle_buf_divert_ack: base_port_handle_buf_divert_ack:705, failed
04-27 16:36:41.990 E/mm-camera(  709): <IMGLIB><ERROR> 614: module_imgbase_forward_port_event: module_imgbase_forward_port_event_paaf:614] Fowarding event 2 from src port failed
04-27 16:36:41.990 E/mm-camera(  709): <CPP   ><ERROR> 934: cpp_module_send_event_upstream: send_event_to_peer failed 0
04-27 16:36:41.990 E/mm-camera(  709): <CPP   ><ERROR> 1011: cpp_module_send_buf_divert_ack: [CPP_BUF:] send_event_upstream failed -14
04-27 16:36:41.992 I/flutter (22562): MyAlbumWidget getPreviewWidget
04-27 16:36:41.995 D/Grafika (22562): EGLContext created, client version 3,instanceCount=4
04-27 16:36:41.995 E/FishVideoSwitch(22562): yes supportYUVSP
04-27 16:36:41.995 E/AVGLBaseProcessor(22562): prepare 
04-27 16:36:41.997 I/flutter (22562): image cover test width null, height:null, curWidth:96, curHeight:96
04-27 16:36:41.997 I/flutter (22562): image cover test width null, height:null, curWidth:96, curHeight:96
04-27 16:36:42.005 E/GLThread(22562): initEGL
04-27 16:36:42.010 I/flutter (22562): IFAlbumGridCellState getDurationString duration=5.309 intDur=5,doubleRound1=5 durationStr=0:5
04-27 16:36:42.011 D/Grafika (22562): EGLContext created, client version 3,instanceCount=5
04-27 16:36:42.012 D/Filter@GLProcessor(22562): construct
04-27 16:36:42.012 D/Filter@FilterAdapter(22562): init,threadName=filter_processor,threadId=10294
04-27 16:36:42.016 E/AVOutputImage:188782319(22562): wait timeout
04-27 16:36:42.019 I/flutter (22562): IFAlbumGridCellStatedispose grp_index:0 img_index:56texIndex:270 
04-27 16:36:42.019 I/flutter (22562): IFAlbumGridCellStatedispose grp_index:0 img_index:57texIndex:265 
04-27 16:36:42.020 I/flutter (22562): IFAlbumGridCellStatedispose grp_index:0 img_index:58texIndex:264 
04-27 16:36:42.020 I/flutter (22562): IFAlbumGridCellStatedispose grp_index:0 img_index:59texIndex:263 
04-27 16:36:42.020 I/flutter (22562): IFAlbumGridCellStatedispose grp_index:0 img_index:60texIndex:266 
04-27 16:36:42.020 I/flutter (22562): IFAlbumGridCellStatedispose grp_index:0 img_index:61texIndex:269 
04-27 16:36:42.020 I/flutter (22562): IFAlbumGridCellStatedispose grp_index:0 img_index:62texIndex:268 
04-27 16:36:42.020 I/flutter (22562): IFAlbumGridCellStatedispose grp_index:0 img_index:63texIndex:267 
04-27 16:36:42.021 I/flutter (22562): IFAlbumGridCellStatedispose grp_index:0 img_index:64texIndex:278 
04-27 16:36:42.021 I/flutter (22562): IFAlbumGridCellStatedispose grp_index:0 img_index:65texIndex:277 
04-27 16:36:42.021 I/flutter (22562): IFAlbumGridCellStatedispose grp_index:0 img_index:66texIndex:276 
04-27 16:36:42.021 I/flutter (22562): IFAlbumGridCellStatedispose grp_index:0 img_index:67texIndex:271 
04-27 16:36:42.021 E/AVOutputImage:188782319(22562): wait timeout
04-27 16:36:42.021 I/flutter (22562): IFAlbumGridCellStatedispose grp_index:0 img_index:68texIndex:275 
04-27 16:36:42.021 I/flutter (22562): IFAlbumGridCellStatedispose grp_index:0 img_index:69texIndex:274 
04-27 16:36:42.022 I/flutter (22562): IFAlbumGridCellStatedispose grp_index:0 img_index:70texIndex:273 
04-27 16:36:42.022 I/flutter (22562): IFAlbumGridCellStatedispose grp_index:0 img_index:71texIndex:272 
04-27 16:36:42.022 I/flutter (22562): IFAlbumGridCellStatedispose grp_index:0 img_index:72texIndex:279 
04-27 16:36:42.022 I/flutter (22562): IFAlbumGridCellStatedispose grp_index:0 img_index:73texIndex:282 
04-27 16:36:42.022 I/flutter (22562): IFAlbumGridCellStatedispose grp_index:0 img_index:74texIndex:281 
04-27 16:36:42.022 I/flutter (22562): IFAlbumGridCellStatedispose grp_index:0 img_index:75texIndex:280 
04-27 16:36:42.023 I/flutter (22562): IFAlbumGridCellStatedispose grp_index:0 img_index:76texIndex:283 
04-27 16:36:42.023 I/flutter (22562): IFAlbumGridCellStatedispose grp_index:0 img_index:77texIndex:286 
04-27 16:36:42.023 I/flutter (22562): IFAlbumGridCellStatedispose grp_index:0 img_index:78texIndex:285 
04-27 16:36:42.023 I/flutter (22562): IFAlbumGridCellStatedispose grp_index:0 img_index:79texIndex:284 
04-27 16:36:42.024 I/flutter (22562): IFAlbumGridCellStatedispose grp_index:0 img_index:80texIndex:287 
04-27 16:36:42.024 I/flutter (22562): IFAlbumGridCellStatedispose grp_index:0 img_index:81texIndex:290 
04-27 16:36:42.024 I/flutter (22562): IFAlbumGridCellStatedispose grp_index:0 img_index:82texIndex:289 
04-27 16:36:42.024 I/flutter (22562): IFAlbumGridCellStatedispose grp_index:0 img_index:83texIndex:288 
04-27 16:36:42.025 I/flutter (22562): IFAlbumGridCellStatedispose grp_index:0 img_index:84texIndex:291 
04-27 16:36:42.025 I/flutter (22562): IFAlbumGridCellStatedispose grp_index:0 img_index:85texIndex:296 
04-27 16:36:42.025 I/flutter (22562): IFAlbumGridCellStatedispose grp_index:0 img_index:86texIndex:295 
04-27 16:36:42.026 I/flutter (22562): IFAlbumGridCellStatedispose grp_index:0 img_index:87texIndex:294 
04-27 16:36:42.026 I/flutter (22562): IFAlbumGridCellStatedispose grp_index:0 img_index:88texIndex:293 
04-27 16:36:42.026 I/flutter (22562): IFAlbumGridCellStatedispose grp_index:0 img_index:89texIndex:292 
04-27 16:36:42.026 E/AVOutputImage:188782319(22562): wait timeout
04-27 16:36:42.029 I/flutter (22562): IFAlbumModel loadImage groupIndex=0,imageIndex=56
04-27 16:36:42.029 I/flutter (22562): IFAlbumModel loadImage groupIndex=0,imageIndex=57
04-27 16:36:42.029 I/flutter (22562): IFAlbumModel loadImage groupIndex=0,imageIndex=58
04-27 16:36:42.029 I/flutter (22562): IFAlbumModel loadImage groupIndex=0,imageIndex=59
04-27 16:36:42.029 I/flutter (22562): IFAlbumModel loadImage groupIndex=0,imageIndex=60
04-27 16:36:42.029 I/flutter (22562): IFAlbumModel loadImage groupIndex=0,imageIndex=61
04-27 16:36:42.029 I/flutter (22562): IFAlbumModel loadImage groupIndex=0,imageIndex=62
04-27 16:36:42.029 I/flutter (22562): IFAlbumModel loadImage groupIndex=0,imageIndex=63
04-27 16:36:42.030 I/flutter (22562): IFAlbumModel loadImage groupIndex=0,imageIndex=64
04-27 16:36:42.030 I/flutter (22562): IFAlbumModel loadImage groupIndex=0,imageIndex=65
04-27 16:36:42.030 I/flutter (22562): IFAlbumModel loadImage groupIndex=0,imageIndex=66
04-27 16:36:42.030 W/<aus>AbstractUploaderAction(22562): 179665176 onStart, state:0 notifyType:5 session:179965809
04-27 16:36:42.030 I/flutter (22562): IFAlbumModel loadImage groupIndex=0,imageIndex=67
04-27 16:36:42.030 D/<aus>AbstractUploaderAction(22562): 179665176 setState, oldState:0 state:1
04-27 16:36:42.030 I/flutter (22562): IFAlbumModel loadImage groupIndex=0,imageIndex=68
04-27 16:36:42.030 I/flutter (22562): IFAlbumModel loadImage groupIndex=0,imageIndex=69
04-27 16:36:42.030 I/flutter (22562): IFAlbumModel loadImage groupIndex=0,imageIndex=70
04-27 16:36:42.030 D/<aus>AbstractUploaderAction(22562): 179665176 submit timeConsuming, session:179965809 state:1
04-27 16:36:42.030 I/flutter (22562): IFAlbumModel loadImage groupIndex=0,imageIndex=71
04-27 16:36:42.030 I/<aus>UploaderManager(22562): 85420657 startAction task:251160023
04-27 16:36:42.030 I/<aus>UploaderManager(22562): 85420657 doUpload, remove count down, start, task:251160023
04-27 16:36:42.030 I/flutter (22562): IFAlbumModel loadImage groupIndex=0,imageIndex=72
04-27 16:36:42.030 I/flutter (22562): IFAlbumModel loadImage groupIndex=0,imageIndex=73
04-27 16:36:42.030 I/flutter (22562): IFAlbumModel loadImage groupIndex=0,imageIndex=74
04-27 16:36:42.030 I/flutter (22562): IFAlbumModel loadImage groupIndex=0,imageIndex=75
04-27 16:36:42.030 I/flutter (22562): IFAlbumModel loadImage groupIndex=0,imageIndex=76
04-27 16:36:42.030 I/flutter (22562): IFAlbumModel loadImage groupIndex=0,imageIndex=77
04-27 16:36:42.031 I/flutter (22562): IFAlbumModel loadImage groupIndex=0,imageIndex=78
04-27 16:36:42.031 I/flutter (22562): IFAlbumModel loadImage groupIndex=0,imageIndex=79
04-27 16:36:42.031 I/flutter (22562): IFAlbumModel loadImage groupIndex=0,imageIndex=80
04-27 16:36:42.031 I/flutter (22562): IFAlbumModel loadImage groupIndex=0,imageIndex=81
04-27 16:36:42.031 I/flutter (22562): IFAlbumModel loadImage groupIndex=0,imageIndex=82
04-27 16:36:42.031 I/flutter (22562): IFAlbumModel loadImage groupIndex=0,imageIndex=83
04-27 16:36:42.031 I/flutter (22562): IFAlbumModel loadImage groupIndex=0,imageIndex=84
04-27 16:36:42.031 I/flutter (22562): IFAlbumModel loadImage groupIndex=0,imageIndex=85
04-27 16:36:42.031 W/<aus>UploaderAction(22562): 179665176 createFileDescription, elapsed:1 error:
04-27 16:36:42.031 I/flutter (22562): IFAlbumModel loadImage groupIndex=0,imageIndex=86
04-27 16:36:42.031 I/flutter (22562): IFAlbumModel loadImage groupIndex=0,imageIndex=87
04-27 16:36:42.031 I/flutter (22562): IFAlbumModel loadImage groupIndex=0,imageIndex=88
04-27 16:36:42.031 I/flutter (22562): IFAlbumModel loadImage groupIndex=0,imageIndex=89
04-27 16:36:42.031 E/AVOutputImage:188782319(22562): wait timeout
04-27 16:36:42.032 D/UploaderImageManager(22562): env=0
04-27 16:36:42.033 I/chatty  (22562): uid=10723(com.taobao.idlefish) [aus] identical 4 lines
04-27 16:36:42.034 D/UploaderImageManager(22562): env=0
04-27 16:36:42.034 I/QCamera (  709): <HAL><INFO> stopPreview: 4152: X
04-27 16:36:42.034 D/<aus>AbstractUploaderAction(22562): 179665176 begin, session:179965809 state:1 stepUp:true
04-27 16:36:42.034 D/<aus>AbstractUploaderAction(22562): 179665176 setState, oldState:1 state:2
04-27 16:36:42.034 I/QCamera (  709): <HAL><INFO> stop_preview: 438: [KPI Perf]: X ret = 0
04-27 16:36:42.034 D/UploaderImageManager(22562): env=0
04-27 16:36:42.035 I/chatty  (22562): uid=10723(com.taobao.idlefish) [aus] identical 2 lines
04-27 16:36:42.036 D/UploaderImageManager(22562): env=0
04-27 16:36:42.036 D/Camera  (22562): app passed NULL surface
04-27 16:36:42.037 E/AVOutputImage:188782319(22562): wait timeout
04-27 16:36:42.039 D/UploaderImageManager(22562): env=0
04-27 16:36:42.041 D/UploaderImageManager(22562): env=0
04-27 16:36:42.042 I/QCamera (  709): <HAL><INFO> stop_preview: 423: [KPI Perf]: E PROFILE_STOP_PREVIEW camera id 0
04-27 16:36:42.042 I/flutter (22562): IFAlbumGridCellState getDurationString duration=5.309 intDur=5,doubleRound1=5 durationStr=0:5
04-27 16:36:42.042 E/AVOutputImage:188782319(22562): wait timeout
04-27 16:36:42.042 I/QCamera (  709): <HAL><INFO> stop_preview: 438: [KPI Perf]: X ret = 0
04-27 16:36:42.043 I/QCamera (  709): <HAL><INFO> cancel_picture: 1065: [KPI Perf]: E PROFILE_CANCEL_PICTURE camera id 0
04-27 16:36:42.043 I/QCamera (  709): <HAL><INFO> cancel_picture: 1074: [KPI Perf]: X camera id 0 ret = 0
04-27 16:36:42.043 I/CamDev@1.0-impl(  709): Closing camera 0
04-27 16:36:42.043 I/QCamera (  709): <HAL><INFO> close_camera_device: 1571: [KPI Perf]: E camera id 0
04-27 16:36:42.044 I/QCamera (  709): <HAL><INFO> closeCamera: 2351: E
04-27 16:36:42.044 I/QCamera (  709): <HAL><INFO> closeCamera: 2356: [KPI Perf]: E PROFILE_CLOSE_CAMERA camera id 0
04-27 16:36:42.044 E/mm-camera(  709): <SENSOR><ERROR> 711: sensor_pick_resolution: res_idx: 1
04-27 16:36:42.045 D/UploaderImageManager(22562): env=0
04-27 16:36:42.047 E/AVOutputImage:188782319(22562): wait timeout
04-27 16:36:42.048 V/qomx_image_core(  709): OMX_FreeHandle:338] 
04-27 16:36:42.048 D/qomx_image_core(  709): get_idx_from_handle:297] comp_idx 2 inst_idx 0
04-27 16:36:42.049 V/qomx_image_core(  709): OMX_FreeHandle:373] Success
04-27 16:36:42.049 I/qomx_image_core(  709): OMX_Deinit:125] Complete
04-27 16:36:42.053 E/AVOutputImage:188782319(22562): wait timeout
04-27 16:36:42.053 D/UploaderImageManager(22562): env=0
04-27 16:36:42.055 I/Thermal-Lib(  709): Thermal-Lib-Client: Unregisteration is successfull for handle:2
04-27 16:36:42.058 E/AVOutputImage:188782319(22562): wait timeout
04-27 16:36:42.060 E/quadracfa_dummy(  709): inside dummy remosaic_deinit 1
04-27 16:36:42.062 D/UploaderImageManager(22562): env=0
04-27 16:36:42.063 I/chatty  (22562): uid=10723(com.taobao.idlefish) [aus] identical 1 line
04-27 16:36:42.063 D/UploaderImageManager(22562): env=0
04-27 16:36:42.063 E/AVOutputImage:188782319(22562): wait timeout
04-27 16:36:42.063 D/UploaderImageManager(22562): env=0
04-27 16:36:42.065 D/<aus>FileUploadActionRequest(22562): 259274959 create upload header:put /f/fleamarket/714c197c86314ced8554fad11e8fbcff HTTP/1.1
04-27 16:36:42.065 D/<aus>FileUploadActionRequest(22562): x-arup-sign:1f97d9e35673817694554ed914e5fa7389eb29ce
04-27 16:36:42.065 D/<aus>FileUploadActionRequest(22562): x-arup-appkey:21407387
04-27 16:36:42.065 D/<aus>FileUploadActionRequest(22562): x-arup-appversion:6.6.85.3
04-27 16:36:42.065 D/<aus>FileUploadActionRequest(22562): host:arup.alibaba.com
04-27 16:36:42.065 D/<aus>FileUploadActionRequest(22562): x-arup-file-count:1
04-27 16:36:42.065 D/<aus>FileUploadActionRequest(22562): content-type:application%2Foffset%2Boctet-stream
04-27 16:36:42.065 D/<aus>FileUploadActionRequest(22562): x-arup-version:2.1
04-27 16:36:42.065 D/<aus>FileUploadActionRequest(22562): x-arup-device-id:XCCoK7YvgfUDAOjHYF7AzxJW
04-27 16:36:42.065 D/<aus>FileUploadActionRequest(22562): x-arup-timestamp:1587976602
04-27 16:36:42.065 D/<aus>FileUploadActionRequest(22562): 
04-27 16:36:42.065 D/<aus>FileUploadActionRequest(22562): --d8fb3b0254df42fcb7553617be873ce2--
04-27 16:36:42.065 D/<aus>FileUploadActionRequest(22562): x-arup-file-md5:87BAEDD0493C46C6A7D6F6E642CDA1DB
04-27 16:36:42.065 D/<aus>FileUploadActionRequest(22562): x-arup-file-name:cache_compress_img.jpg
04-27 16:36:42.065 D/<aus>FileUploadActionRequest(22562): x-arup-range:0,40324
04-27 16:36:42.065 D/<aus>FileUploadActionRequest(22562): x-arup-file-length:40324
04-27 16:36:42.065 D/<aus>FileUploadActionRequest(22562): 
04-27 16:36:42.065 D/<aus>ConnectionRecycler(22562): 82401635 register start, session:179965809 request:259274959
04-27 16:36:42.065 D/<aus>ConnectionRecycler(22562): 82401635 retrieve, connection:257747040 keepAlive:true
04-27 16:36:42.065 D/<aus>ConnectionRecycler(22562): 82401635 register, onAvailable long lived connection:257747040 request:259274959
04-27 16:36:42.065 D/<aus>UploaderSession(22562): 179965809 send, request:259274959 register:true
04-27 16:36:42.067 D/UploaderImageManager(22562): env=0
04-27 16:36:42.068 E/AVOutputImage:188782319(22562): wait timeout
04-27 16:36:42.070 D/UploaderImageManager(22562): env=0
04-27 16:36:42.073 E/AVOutputImage:188782319(22562): wait timeout
04-27 16:36:42.077 D/UploaderImageManager(22562): env=0
04-27 16:36:42.077 W/<aus>UploaderAction(22562): 179665176 beginFile, request: newRequest:259274959 statistics:108010065
04-27 16:36:42.077 I/<aus>UploaderSession(22562): 179965809 onAvailable.session:179965809 request:259274959 noWaitingRequest:false connection:257747040 needConnect:true target:ConnectionTarget{address='203.119.214.2', port=443, proxyIp='null', proxyPort=0, isLongLived=true}
04-27 16:36:42.077 D/<aus>UploaderAction(22562): 179665176 onConnectBegin, session:179965809 request:259274959
04-27 16:36:42.077 W/<aus>UploaderAction(22562): 179665176 onConnectBegin statistics:108010065 connectedTimeMillisStart:1587976602077
