04-27 15:06:39.145 W/BroadcastQueue( 1693): Background execution not allowed: receiving Intent { act=android.intent.action.PACKAGE_REPLACED dat=package:favdemo.taobao.com.fav_demo flg=0x4000010 (has extras) } to com.xiaomi.gamecenter/.broadcast.receiver.AppReceiver
04-27 15:06:39.146 I/ActivityManager( 1693): Start proc 13653:favdemo.taobao.com.fav_demo/u0a725 for activity favdemo.taobao.com.fav_demo/.MainActivity caller=null
04-27 15:06:39.146 W/Looper  ( 1693): Slow dispatch took 125ms main h=android.app.ActivityThread$H c=android.app.-$$Lambda$LoadedApk$ReceiverDispatcher$Args$_BumDX2UKsnxLVrE6UJsJZkotuA@2c59bb m=0
04-27 15:06:39.147 W/BroadcastQueue( 1693): Background execution not allowed: receiving Intent { act=android.intent.action.PACKAGE_REPLACED dat=package:favdemo.taobao.com.fav_demo flg=0x4000010 (has extras) } to com.xiaomi.gamecenter/.service.GlobalReceiver
04-27 15:06:39.147 W/BroadcastQueue( 1693): Background execution not allowed: receiving Intent { act=android.intent.action.PACKAGE_REPLACED dat=package:favdemo.taobao.com.fav_demo flg=0x4000010 (has extras) } to com.facebook.katana/com.facebook.games.packagecontroller.PackageChangeReceiver
04-27 15:06:39.147 W/BroadcastQueue( 1693): Background execution not allowed: receiving Intent { act=android.intent.action.PACKAGE_REPLACED dat=package:favdemo.taobao.com.fav_demo flg=0x4000010 (has extras) } to com.google.android.gms/.gass.chimera.PackageChangeBroadcastReceiver
04-27 15:06:39.147 W/BroadcastQueue( 1693): Background execution not allowed: receiving Intent { act=android.intent.action.PACKAGE_REPLACED dat=package:favdemo.taobao.com.fav_demo flg=0x4000010 (has extras) } to com.google.android.gms/.chimera.GmsIntentOperationService$PersistentTrustedReceiver
04-27 15:06:39.147 W/BroadcastQueue( 1693): Background execution not allowed: receiving Intent { act=android.intent.action.PACKAGE_REPLACED dat=package:favdemo.taobao.com.fav_demo flg=0x4000010 (has extras) } to com.ss.android.article.news/com.ss.android.downloadlib.core.download.DownloadReceiver
04-27 15:06:39.147 W/BroadcastQueue( 1693): Background execution not allowed: receiving Intent { act=com.miui.action.appcompatibility.update flg=0x10 } to com.xiaomi.gamecenter/.service.AppCompatibilityReceiver
04-27 15:06:39.178 W/Looper  ( 1693): Slow delivery took 208ms main h=android.app.ActivityThread$H c=android.app.-$$Lambda$LoadedApk$ReceiverDispatcher$Args$_BumDX2UKsnxLVrE6UJsJZkotuA@d03dab9 m=0
04-27 15:06:39.180 I/Telecom ( 1693): DefaultDialerCache: Refreshing default dialer for user 0: now com.android.contacts: DDC.oR@IaE
04-27 15:06:39.192 W/BroadcastQueue( 1693): Background execution not allowed: receiving Intent { act=android.search.action.SEARCHABLES_CHANGED flg=0x24000010 } to com.android.quicksearchbox/.CorporaUpdateReceiver
04-27 15:06:39.197 W/Looper  ( 1693): Drained
04-27 15:06:39.200 I/set_top_app( 1693): success /proc/13653/task/13653/top_app:1
04-27 15:06:39.206 V/UidProcStateHelper( 1693): foreground changed:[13653,10725,true]
04-27 15:06:39.208 W/BroadcastQueue( 1693): Background execution not allowed: receiving Intent { act=android.search.action.SEARCHABLES_CHANGED flg=0x24000010 } to com.android.quicksearchbox/.CorporaUpdateReceiver
04-27 15:06:39.210 W/ActivityManager( 1693): Receiver with filter android.content.IntentFilter@ed927f1 already registered for pid 5911, callerPackage is com.xiaomi.joyose
04-27 15:06:39.210 I/Timeline( 1693): Timeline: App_transition_ready time:558419843
04-27 15:06:39.211 D/AutofillManagerServiceImpl( 1693): Set component for user 0 as AutofillServiceInfo[ServiceInfo{8f6144 com.miui.contentcatcher.autofill.services.MiuiAutofillService}, settings:com.miui.contentcatcher.autofill.activitys.AutofillSettingActivity, hasCompatPckgs:false]
04-27 15:06:39.211 W/GeofenceProxy( 1693): Odd, no component found for service com.android.location.service.GeofenceProvider
04-27 15:06:39.212 W/ActivityRecognitionProxy( 1693): Odd, no component found for service com.android.location.service.ActivityRecognitionProvider
04-27 15:06:39.212 D/AutofillUI( 1693): destroySaveUiUiThread(): already destroyed
04-27 15:06:39.760 I/Timeline( 1693): Timeline: App_transition_stopped time:558420393
04-27 15:06:39.955 I/SplashScreenServiceDelegate( 1693): None for com.lbe.security.miui
04-27 15:06:39.955 I/ActivityManager( 1693): START u0 {act=android.content.pm.action.REQUEST_PERMISSIONS pkg=com.lbe.security.miui cmp=com.lbe.security.miui/com.android.packageinstaller.permission.ui.GrantPermissionsActivity (has extras)} from uid 10725
04-27 15:06:39.982 I/set_top_app( 1693): success /proc/13653/task/13738/top_app:2
04-27 15:06:39.989 V/UiModeManager( 1693): switch night mode to 1
04-27 15:06:39.994 I/set_top_app( 1693): success /proc/23149/task/23149/top_app:1
04-27 15:06:39.994 I/set_top_app( 1693): success /proc/23149/task/23201/top_app:2
04-27 15:06:39.996 I/set_top_app( 1693): success /proc/13653/task/13653/top_app:0
04-27 15:06:39.996 I/set_top_app( 1693): success /proc/13653/task/13738/top_app:0
04-27 15:06:40.001 I/Timeline( 1693): Timeline: App_transition_ready time:558420634
04-27 15:06:40.003 V/UidProcStateHelper( 1693): foreground changed:[23149,10003,true]
04-27 15:06:40.005 W/ActivityManager( 1693): Receiver with filter android.content.IntentFilter@f25aa86 already registered for pid 5911, callerPackage is com.xiaomi.joyose
04-27 15:06:40.050 V/UiModeManager( 1693): switch night mode to 1
04-27 15:06:40.053 I/set_top_app( 1693): success /proc/23149/task/23149/top_app:0
04-27 15:06:40.053 I/set_top_app( 1693): success /proc/23149/task/23201/top_app:0
04-27 15:06:40.054 I/set_top_app( 1693): success /proc/13653/task/13653/top_app:1
04-27 15:06:40.054 I/set_top_app( 1693): success /proc/13653/task/13738/top_app:2
04-27 15:06:40.059 I/Timeline( 1693): Timeline: App_transition_ready time:558420692
04-27 15:06:40.059 I/Timeline( 1693): Timeline: App_transition_stopped time:558420692
04-27 15:06:40.062 W/ActivityManager( 1693): Receiver with filter android.content.IntentFilter@7afa374 already registered for pid 5911, callerPackage is com.xiaomi.joyose
04-27 15:06:40.192 I/Timeline( 1693): Timeline: Activity_windows_visible id: ActivityRecord{ae52f89 u0 favdemo.taobao.com.fav_demo/.MainActivity t5335} time:558420825
04-27 15:06:40.195 V/UiModeManager( 1693): switch night mode to 1
04-27 15:06:40.205 I/SplashScreenServiceDelegate( 1693): None for favdemo.taobao.com.fav_demo
04-27 15:06:40.209 I/SplashScreenServiceDelegate( 1693): None for com.lbe.security.miui
04-27 15:06:40.214 V/UidProcStateHelper( 1693): foreground changed:[23149,10003,false]
04-27 15:06:40.214 I/SplashScreenServiceDelegate( 1693): None for favdemo.taobao.com.fav_demo
04-27 15:06:40.232 V/UidProcStateHelper( 1693): foreground changed:[2641,10024,false]
04-27 15:06:42.642 I/SplashScreenServiceDelegate( 1693): None for com.lbe.security.miui
04-27 15:06:42.642 I/ActivityManager( 1693): START u0 {act=android.content.pm.action.REQUEST_PERMISSIONS pkg=com.lbe.security.miui cmp=com.lbe.security.miui/com.android.packageinstaller.permission.ui.GrantPermissionsActivity (has extras)} from uid 10725
04-27 15:06:42.685 I/set_top_app( 1693): success /proc/23149/task/23149/top_app:1
04-27 15:06:42.685 I/set_top_app( 1693): success /proc/23149/task/23201/top_app:2
04-27 15:06:42.686 I/set_top_app( 1693): success /proc/13653/task/13653/top_app:0
04-27 15:06:42.686 I/set_top_app( 1693): success /proc/13653/task/13738/top_app:0
04-27 15:06:42.693 I/Timeline( 1693): Timeline: App_transition_ready time:558423326
04-27 15:06:42.694 V/UidProcStateHelper( 1693): foreground changed:[23149,10003,true]
04-27 15:06:42.695 W/ActivityManager( 1693): Receiver with filter android.content.IntentFilter@e6be837 already registered for pid 5911, callerPackage is com.xiaomi.joyose
04-27 15:06:42.724 V/UiModeManager( 1693): switch night mode to 1
04-27 15:06:42.728 I/set_top_app( 1693): success /proc/23149/task/23149/top_app:0
04-27 15:06:42.729 I/set_top_app( 1693): success /proc/23149/task/23201/top_app:0
04-27 15:06:42.730 I/set_top_app( 1693): success /proc/13653/task/13653/top_app:1
04-27 15:06:42.730 I/set_top_app( 1693): success /proc/13653/task/13738/top_app:2
04-27 15:06:42.734 I/Timeline( 1693): Timeline: App_transition_ready time:558423367
04-27 15:06:42.734 I/Timeline( 1693): Timeline: App_transition_stopped time:558423367
04-27 15:06:42.736 W/ActivityManager( 1693): Receiver with filter android.content.IntentFilter@89d6b0d already registered for pid 5911, callerPackage is com.xiaomi.joyose
04-27 15:06:42.741 V/UiModeManager( 1693): switch night mode to 1
04-27 15:06:42.757 I/SplashScreenServiceDelegate( 1693): None for favdemo.taobao.com.fav_demo
04-27 15:06:42.760 I/SplashScreenServiceDelegate( 1693): None for com.lbe.security.miui
04-27 15:06:42.761 V/UidProcStateHelper( 1693): foreground changed:[23149,10003,false]
04-27 15:06:43.513 W/ActivityManager( 1693): Unable to start service Intent { act=action_save_camera_info cmp=com.miui.klo.bugreport/.service.ReceiveCameraInfoService (has extras) } U=0: not found
04-27 15:06:50.619 D/com.android.server.pm.PackageManagerServiceInjector( 1693): FirstUseActivity packageName = favdemo.taobao.com.fav_demo is compiled using filter = speed-profile, success = true
04-27 15:06:58.119 E/storaged(  912): getDiskStats failed with result NOT_SUPPORTED and size 0
04-27 15:07:24.512 D/AutomaticBrightnessController( 1693): updateAutoBrightness: mScreenAutoBrightness=871, newScreenAutoBrightness=873
04-27 15:07:24.514 D/DisplayPowerController( 1693): Animating brightness: target=16, rate=4932
04-27 15:07:24.516 V/SettingsProvider( 1693): Notifying for 0: content://settings/system/screen_brightness
04-27 15:07:33.705 W/BaseMiuiPhoneWindowManager( 1693): keyCode:4 down:true eventTime:558474337 downTime:558474337 policyFlags:22000002 flags:48 deviceId:7 isScreenOn:true keyguardActive:false repeatCount:0
04-27 15:07:33.712 D/DisplayPowerController( 1693): Animating brightness: target=873, rate=4932
04-27 15:07:33.905 W/BaseMiuiPhoneWindowManager( 1693): keyCode:4 down:false eventTime:558474537 downTime:558474337 policyFlags:22000002 flags:48 deviceId:7 isScreenOn:true keyguardActive:false repeatCount:0
04-27 15:07:33.905 D/AutofillManagerService( 1693): onBackKeyPressed()
04-27 15:07:34.075 W/ActivityManager( 1693): Unable to start service Intent { act=action_save_camera_info cmp=com.miui.klo.bugreport/.service.ReceiveCameraInfoService (has extras) } U=0: not found
04-27 15:07:36.513 I/SplashScreenServiceDelegate( 1693): None for com.lbe.security.miui
04-27 15:07:36.513 I/ActivityManager( 1693): START u0 {act=android.content.pm.action.REQUEST_PERMISSIONS pkg=com.lbe.security.miui cmp=com.lbe.security.miui/com.android.packageinstaller.permission.ui.GrantPermissionsActivity (has extras)} from uid 10725
04-27 15:07:36.526 I/set_top_app( 1693): success /proc/23149/task/23149/top_app:1
04-27 15:07:36.526 I/set_top_app( 1693): success /proc/23149/task/23201/top_app:2
04-27 15:07:36.528 I/set_top_app( 1693): success /proc/13653/task/13653/top_app:0
04-27 15:07:36.528 I/set_top_app( 1693): success /proc/13653/task/13738/top_app:0
04-27 15:07:36.536 I/Timeline( 1693): Timeline: App_transition_ready time:558477169
04-27 15:07:36.537 V/UidProcStateHelper( 1693): foreground changed:[23149,10003,true]
04-27 15:07:36.539 W/ActivityManager( 1693): Receiver with filter android.content.IntentFilter@d335872 already registered for pid 5911, callerPackage is com.xiaomi.joyose
04-27 15:07:36.576 V/UiModeManager( 1693): switch night mode to 1
04-27 15:07:36.582 I/set_top_app( 1693): success /proc/23149/task/23149/top_app:0
04-27 15:07:36.582 I/set_top_app( 1693): success /proc/23149/task/23201/top_app:0
04-27 15:07:36.584 I/set_top_app( 1693): success /proc/13653/task/13653/top_app:1
04-27 15:07:36.584 I/set_top_app( 1693): success /proc/13653/task/13738/top_app:2
04-27 15:07:36.598 I/Timeline( 1693): Timeline: App_transition_ready time:558477231
04-27 15:07:36.599 I/Timeline( 1693): Timeline: App_transition_stopped time:558477232
04-27 15:07:36.602 W/ActivityManager( 1693): Receiver with filter android.content.IntentFilter@d43f140 already registered for pid 5911, callerPackage is com.xiaomi.joyose
04-27 15:07:36.621 V/UiModeManager( 1693): switch night mode to 1
04-27 15:07:36.633 I/SplashScreenServiceDelegate( 1693): None for favdemo.taobao.com.fav_demo
04-27 15:07:36.636 I/SplashScreenServiceDelegate( 1693): None for com.lbe.security.miui
04-27 15:07:36.638 V/UidProcStateHelper( 1693): foreground changed:[23149,10003,false]
04-27 15:07:36.785 W/ActivityManager( 1693): Unable to start service Intent { act=action_save_camera_info cmp=com.miui.klo.bugreport/.service.ReceiveCameraInfoService (has extras) } U=0: not found
04-27 15:07:39.427 W/BaseMiuiPhoneWindowManager( 1693): keyCode:4 down:true eventTime:558480060 downTime:558480060 policyFlags:22000002 flags:48 deviceId:7 isScreenOn:true keyguardActive:false repeatCount:0
04-27 15:07:39.611 W/BaseMiuiPhoneWindowManager( 1693): keyCode:4 down:false eventTime:558480244 downTime:558480060 policyFlags:22000002 flags:48 deviceId:7 isScreenOn:true keyguardActive:false repeatCount:0
04-27 15:07:39.612 D/AutofillManagerService( 1693): onBackKeyPressed()
04-27 15:07:41.951 I/SplashScreenServiceDelegate( 1693): None for com.lbe.security.miui
04-27 15:07:41.951 I/ActivityManager( 1693): START u0 {act=android.content.pm.action.REQUEST_PERMISSIONS pkg=com.lbe.security.miui cmp=com.lbe.security.miui/com.android.packageinstaller.permission.ui.GrantPermissionsActivity (has extras)} from uid 10725
04-27 15:07:41.964 I/set_top_app( 1693): success /proc/23149/task/23149/top_app:1
04-27 15:07:41.964 I/set_top_app( 1693): success /proc/23149/task/23201/top_app:2
04-27 15:07:41.966 I/set_top_app( 1693): success /proc/13653/task/13653/top_app:0
04-27 15:07:41.966 I/set_top_app( 1693): success /proc/13653/task/13738/top_app:0
04-27 15:07:41.973 I/Timeline( 1693): Timeline: App_transition_ready time:558482606
04-27 15:07:41.974 V/UidProcStateHelper( 1693): foreground changed:[23149,10003,true]
04-27 15:07:41.975 W/ActivityManager( 1693): Receiver with filter android.content.IntentFilter@fcc1296 already registered for pid 5911, callerPackage is com.xiaomi.joyose
04-27 15:07:42.013 V/UiModeManager( 1693): switch night mode to 1
04-27 15:07:42.018 I/set_top_app( 1693): success /proc/23149/task/23149/top_app:0
04-27 15:07:42.018 I/set_top_app( 1693): success /proc/23149/task/23201/top_app:0
04-27 15:07:42.020 I/set_top_app( 1693): success /proc/13653/task/13653/top_app:1
04-27 15:07:42.020 I/set_top_app( 1693): success /proc/13653/task/13738/top_app:2
04-27 15:07:42.023 I/Timeline( 1693): Timeline: App_transition_ready time:558482656
04-27 15:07:42.023 I/Timeline( 1693): Timeline: App_transition_stopped time:558482656
04-27 15:07:42.028 W/ActivityManager( 1693): Receiver with filter android.content.IntentFilter@33173ed already registered for pid 5911, callerPackage is com.xiaomi.joyose
04-27 15:07:42.033 V/UiModeManager( 1693): switch night mode to 1
04-27 15:07:42.033 I/SplashScreenServiceDelegate( 1693): None for favdemo.taobao.com.fav_demo
04-27 15:07:42.037 I/SplashScreenServiceDelegate( 1693): None for com.lbe.security.miui
04-27 15:07:42.038 V/UidProcStateHelper( 1693): foreground changed:[23149,10003,false]
04-27 15:07:42.229 W/ActivityManager( 1693): Unable to start service Intent { act=action_save_camera_info cmp=com.miui.klo.bugreport/.service.ReceiveCameraInfoService (has extras) } U=0: not found
04-27 15:07:44.341 W/BaseMiuiPhoneWindowManager( 1693): keyCode:4 down:true eventTime:558484973 downTime:558484973 policyFlags:22000002 flags:48 deviceId:7 isScreenOn:true keyguardActive:false repeatCount:0
04-27 15:07:44.550 W/BaseMiuiPhoneWindowManager( 1693): keyCode:4 down:false eventTime:558485183 downTime:558484973 policyFlags:22000002 flags:48 deviceId:7 isScreenOn:true keyguardActive:false repeatCount:0
04-27 15:07:44.551 D/AutofillManagerService( 1693): onBackKeyPressed()
04-27 15:07:45.417 W/BaseMiuiPhoneWindowManager( 1693): keyCode:3 down:true eventTime:558486049 downTime:558486049 policyFlags:22000002 flags:48 deviceId:0 isScreenOn:true keyguardActive:false repeatCount:0
04-27 15:07:45.633 W/BaseMiuiPhoneWindowManager( 1693): keyCode:3 down:false eventTime:558486266 downTime:558486049 policyFlags:22000002 flags:48 deviceId:0 isScreenOn:true keyguardActive:false repeatCount:0
04-27 15:07:45.640 D/AutofillManagerService( 1693): Close system dialogs
04-27 15:07:45.642 I/SplashScreenServiceDelegate( 1693): None for com.miui.home
04-27 15:07:45.642 I/ActivityManager( 1693): START u0 {act=android.intent.action.MAIN cat=[android.intent.category.HOME] flg=0x10200000 cmp=com.miui.home/.launcher.Launcher (has extras)} from uid 1000
04-27 15:07:45.658 I/set_top_app( 1693): success /proc/2641/task/2641/top_app:1
04-27 15:07:45.658 I/set_top_app( 1693): success /proc/2641/task/3366/top_app:2
04-27 15:07:45.660 I/set_top_app( 1693): success /proc/13653/task/13653/top_app:0
04-27 15:07:45.660 I/set_top_app( 1693): success /proc/13653/task/13738/top_app:0
04-27 15:07:45.668 I/Timeline( 1693): Timeline: App_transition_ready time:558486301
04-27 15:07:45.670 V/UidProcStateHelper( 1693): foreground changed:[2641,10024,true]
04-27 15:07:45.670 W/ActivityManager( 1693): Receiver with filter android.content.IntentFilter@64b7d9c already registered for pid 5911, callerPackage is com.xiaomi.joyose
04-27 15:07:45.675 I/Timeline( 1693): Timeline: App_transition_ready time:558486308
04-27 15:07:45.679 I/Timeline( 1693): Timeline: App_transition_ready time:558486312
04-27 15:07:45.682 I/Timeline( 1693): Timeline: App_transition_ready time:558486315
04-27 15:07:45.687 W/WallpaperManagerService( 1693): Cannot extract colors because wallpaper could not be read.
04-27 15:07:45.687 W/WallpaperManagerService( 1693): Cannot get theme colors because WallpaperColors is null.
04-27 15:07:45.688 V/UiModeManager( 1693): switch night mode to 1
04-27 15:07:45.695 I/Timeline( 1693): Timeline: App_transition_ready time:558486328
04-27 15:07:45.701 I/Timeline( 1693): Timeline: App_transition_ready time:558486334
04-27 15:07:45.725 I/Timeline( 1693): Timeline: App_transition_ready time:558486358
04-27 15:07:45.743 I/Timeline( 1693): Timeline: App_transition_ready time:558486376
04-27 15:07:45.747 V/UidProcStateHelper( 1693): foreground changed:[13653,10725,false]
04-27 15:07:45.754 I/SplashScreenServiceDelegate( 1693): None for com.miui.home
04-27 15:07:46.039 I/Timeline( 1693): Timeline: Activity_windows_visible id: ActivityRecord{8c8bb33 u0 com.miui.home/.launcher.Launcher t1} time:558486672
04-27 15:07:46.042 I/Timeline( 1693): Timeline: App_transition_stopped time:558486675
04-27 15:07:46.061 W/BaseMiuiPhoneWindowManager( 1693): keyCode:82 down:true eventTime:558486694 downTime:558486694 policyFlags:22000002 flags:48 deviceId:7 isScreenOn:true keyguardActive:false repeatCount:0
04-27 15:07:46.228 W/BaseMiuiPhoneWindowManager( 1693): keyCode:82 down:false eventTime:558486861 downTime:558486694 policyFlags:22000002 flags:48 deviceId:7 isScreenOn:true keyguardActive:false repeatCount:0
04-27 15:07:46.230 D/AutofillManagerService( 1693): Close system dialogs
04-27 15:07:46.242 I/SplashScreenServiceDelegate( 1693): None for com.android.systemui
04-27 15:07:46.242 I/ActivityManager( 1693): START u0 {flg=0x10884000 cmp=com.android.systemui/.recents.RecentsActivity} from uid 1000
04-27 15:07:46.247 I/ActivityManager( 1693): Ignoring FLAG_ACTIVITY_NEW_DOCUMENT, launchMode is "singleInstance" or "singleTask"
04-27 15:07:46.260 I/set_top_app( 1693): success /proc/2641/task/2641/top_app:0
04-27 15:07:46.261 I/set_top_app( 1693): success /proc/2641/task/3366/top_app:0
04-27 15:07:46.264 I/set_top_app( 1693): success /proc/25857/task/25857/top_app:1
04-27 15:07:46.264 I/set_top_app( 1693): success /proc/25857/task/25944/top_app:2
04-27 15:07:46.269 I/Timeline( 1693): Timeline: App_transition_ready time:558486902
04-27 15:07:46.272 I/Timeline( 1693): Timeline: App_transition_ready time:558486905
04-27 15:07:46.273 W/ActivityManager( 1693): Receiver with filter android.content.IntentFilter@cb1bf1e already registered for pid 5911, callerPackage is com.xiaomi.joyose
04-27 15:07:46.279 D/AutofillManagerService( 1693): Close system dialogs
04-27 15:07:46.285 V/UiModeManager( 1693): switch night mode to 1
04-27 15:07:46.289 I/Timeline( 1693): Timeline: App_transition_ready time:558486922
04-27 15:07:46.294 I/Timeline( 1693): Timeline: App_transition_ready time:558486927
04-27 15:07:46.298 V/UidProcStateHelper( 1693): foreground changed:[2641,10024,false]
04-27 15:07:46.305 I/Timeline( 1693): Timeline: App_transition_ready time:558486938
04-27 15:07:46.310 I/Timeline( 1693): Timeline: App_transition_ready time:558486943
04-27 15:07:46.320 I/SplashScreenServiceDelegate( 1693): None for com.android.systemui
04-27 15:07:46.470 I/Timeline( 1693): Timeline: Activity_windows_visible id: ActivityRecord{bf86ed4 u0 com.android.systemui/.recents.RecentsActivity t4369} time:558487103
04-27 15:07:46.472 I/Timeline( 1693): Timeline: App_transition_stopped time:558487105
04-27 15:07:47.307 D/RecentsActivity(25857): removeTask: [id=5335 stackId=978 windowingMode=1 user=0 lastActiveTime=1747125166] IDle MM Demo
04-27 15:07:47.307 I/ProcessManager( 1693): Kill reason SwipeUpClean from pid=25857
04-27 15:07:47.312 I/SplashScreenServiceDelegate( 1693): None for favdemo.taobao.com.fav_demo
04-27 15:07:47.320 I/ProcessManager( 1693): SwipeUpClean: force-stop favdemo.taobao.com.fav_demo Adj=900 State=17
04-27 15:07:47.325 I/ActivityManager( 1693): Force stopping favdemo.taobao.com.fav_demo appid=10725 user=0: SwipeUpClean
04-27 15:07:47.325 I/AutoStartManagerService( 1693): MIUILOG- Reject RestartService packageName :favdemo.taobao.com.fav_demo uid : 10725
04-27 15:07:47.326 D/AutoStartManagerService( 1693): prepare force stop p:13653 s: 19
04-27 15:07:47.328 I/ActivityManager( 1693): Killing 13653:favdemo.taobao.com.fav_demo/u0a725 (adj 900): stop favdemo.taobao.com.fav_demo: SwipeUpClean
04-27 15:07:47.361 V/UidProcStateHelper( 1693): process died:[13653,10725]
04-27 15:07:47.368 D/PowerKeeper.Sensor( 3075): setUidState, uid = 10725 allow = false
04-27 15:07:47.370 D/PowerKeeper.AppStandby( 3075): setUidState, uid = 10725 allow = false
04-27 15:07:47.400 W/ActivityManager( 1693): setHasOverlayUi called on unknown pid: 13653
04-27 15:07:47.656 D/AutofillManagerService( 1693): Close system dialogs
04-27 15:07:47.665 I/SplashScreenServiceDelegate( 1693): None for com.miui.home
04-27 15:07:47.665 I/ActivityManager( 1693): START u0 {act=android.intent.action.MAIN cat=[android.intent.category.HOME] flg=0x10200000 cmp=com.miui.home/.launcher.Launcher} from uid 1000
04-27 15:07:47.676 I/set_top_app( 1693): success /proc/2641/task/2641/top_app:1
04-27 15:07:47.676 I/set_top_app( 1693): success /proc/2641/task/3366/top_app:2
04-27 15:07:47.678 D/ActivityManagerServiceInjector( 1693): Begin to report package foreground events...
04-27 15:07:47.683 I/Timeline( 1693): Timeline: App_transition_ready time:558488316
04-27 15:07:47.684 V/UidProcStateHelper( 1693): foreground changed:[2641,10024,true]
04-27 15:07:47.687 I/set_top_app( 1693): success /proc/25857/task/25857/top_app:0
04-27 15:07:47.687 I/set_top_app( 1693): success /proc/25857/task/25944/top_app:0
04-27 15:07:47.687 I/Timeline( 1693): Timeline: App_transition_ready time:558488320
04-27 15:07:47.691 W/ActivityManager( 1693): Receiver with filter android.content.IntentFilter@43be6a6 already registered for pid 5911, callerPackage is com.xiaomi.joyose
04-27 15:07:47.692 I/Timeline( 1693): Timeline: App_transition_ready time:558488325
04-27 15:07:47.695 I/Timeline( 1693): Timeline: App_transition_ready time:558488328
04-27 15:07:47.700 W/WallpaperManagerService( 1693): Cannot extract colors because wallpaper could not be read.
04-27 15:07:47.700 W/WallpaperManagerService( 1693): Cannot get theme colors because WallpaperColors is null.
04-27 15:07:47.700 V/UiModeManager( 1693): switch night mode to 1
04-27 15:07:47.713 I/Timeline( 1693): Timeline: App_transition_ready time:558488346
04-27 15:07:47.717 I/Timeline( 1693): Timeline: App_transition_ready time:558488350
04-27 15:07:47.719 I/Timeline( 1693): Timeline: App_transition_ready time:558488352
04-27 15:07:47.721 I/Timeline( 1693): Timeline: App_transition_ready time:558488354
04-27 15:07:47.724 I/Timeline( 1693): Timeline: App_transition_ready time:558488357
04-27 15:07:47.728 I/Timeline( 1693): Timeline: App_transition_ready time:558488361
04-27 15:07:47.738 I/Timeline( 1693): Timeline: App_transition_ready time:558488371
04-27 15:07:47.758 I/SplashScreenServiceDelegate( 1693): None for com.miui.home
04-27 15:07:47.875 I/Timeline( 1693): Timeline: Activity_windows_visible id: ActivityRecord{8c8bb33 u0 com.miui.home/.launcher.Launcher t1} time:558488508
04-27 15:07:47.876 I/Timeline( 1693): Timeline: App_transition_stopped time:558488509
04-27 15:07:49.186 I/Timeline( 2641): Timeline: Activity_launch_request time:558489819
04-27 15:07:49.188 I/SplashScreenServiceDelegate( 1693): None for favdemo.taobao.com.fav_demo
04-27 15:07:49.189 I/ActivityManager( 1693): START u0 {act=android.intent.action.MAIN cat=[android.intent.category.LAUNCHER] flg=0x10200000 cmp=favdemo.taobao.com.fav_demo/.MainActivity bnds=[331,703][499,871] (has extras)} from uid 10024
04-27 15:07:49.208 I/set_top_app( 1693): success /proc/2641/task/2641/top_app:0
04-27 15:07:49.209 I/set_top_app( 1693): success /proc/2641/task/3366/top_app:0
04-27 15:07:49.216 D/Boost   ( 1693): hostingType=activity, hostingName=favdemo.taobao.com.fav_demo/.MainActivity, callerPackage=com.miui.home, isSystem=true, isBoostNeeded=false.
04-27 15:07:49.217 I/ActivityManager( 1693): Start proc 15401:favdemo.taobao.com.fav_demo/u0a725 for activity favdemo.taobao.com.fav_demo/.MainActivity caller=com.miui.home
04-27 15:07:49.260 I/set_top_app( 1693): success /proc/15401/task/15401/top_app:1
04-27 15:07:49.263 V/UidProcStateHelper( 1693): foreground changed:[15401,10725,true]
04-27 15:07:49.264 W/ActivityManager( 1693): Receiver with filter android.content.IntentFilter@a4ac692 already registered for pid 5911, callerPackage is com.xiaomi.joyose
04-27 15:07:49.265 D/PowerKeeper.Sensor( 3075): setUidState, uid = 10725 allow = true
04-27 15:07:49.266 D/PowerKeeper.AppStandby( 3075): setUidState, uid = 10725 allow = true
04-27 15:07:49.269 I/Timeline( 1693): Timeline: App_transition_ready time:558489902
04-27 15:07:49.556 I/SplashScreenServiceDelegate( 1693): None for com.lbe.security.miui
04-27 15:07:49.556 I/ActivityManager( 1693): START u0 {act=android.content.pm.action.REQUEST_PERMISSIONS pkg=com.lbe.security.miui cmp=com.lbe.security.miui/com.android.packageinstaller.permission.ui.GrantPermissionsActivity (has extras)} from uid 10725
04-27 15:07:49.567 I/Timeline( 1693): Timeline: App_transition_stopped time:558490199
04-27 15:07:49.591 I/set_top_app( 1693): success /proc/15401/task/15468/top_app:2
04-27 15:07:49.603 V/UiModeManager( 1693): switch night mode to 1
04-27 15:07:49.606 I/set_top_app( 1693): success /proc/23149/task/23149/top_app:1
04-27 15:07:49.606 I/set_top_app( 1693): success /proc/23149/task/23201/top_app:2
04-27 15:07:49.608 I/set_top_app( 1693): success /proc/15401/task/15401/top_app:0
04-27 15:07:49.608 I/set_top_app( 1693): success /proc/15401/task/15468/top_app:0
04-27 15:07:49.614 I/Timeline( 1693): Timeline: App_transition_ready time:558490247
04-27 15:07:49.614 V/UidProcStateHelper( 1693): foreground changed:[23149,10003,true]
04-27 15:07:49.616 W/ActivityManager( 1693): Receiver with filter android.content.IntentFilter@3a30053 already registered for pid 5911, callerPackage is com.xiaomi.joyose
04-27 15:07:49.645 I/Timeline( 1693): Timeline: App_transition_ready time:558490278
04-27 15:07:49.648 I/Timeline( 1693): Timeline: App_transition_ready time:558490281
04-27 15:07:49.668 V/UiModeManager( 1693): switch night mode to 1
04-27 15:07:49.672 I/set_top_app( 1693): success /proc/23149/task/23149/top_app:0
04-27 15:07:49.672 I/set_top_app( 1693): success /proc/23149/task/23201/top_app:0
04-27 15:07:49.673 I/set_top_app( 1693): success /proc/15401/task/15401/top_app:1
04-27 15:07:49.674 I/set_top_app( 1693): success /proc/15401/task/15468/top_app:2
04-27 15:07:49.679 I/Timeline( 1693): Timeline: App_transition_ready time:558490312
04-27 15:07:49.679 I/Timeline( 1693): Timeline: App_transition_stopped time:558490312
04-27 15:07:49.681 W/ActivityManager( 1693): Receiver with filter android.content.IntentFilter@607568e already registered for pid 5911, callerPackage is com.xiaomi.joyose
04-27 15:07:49.779 I/Timeline( 1693): Timeline: Activity_windows_visible id: ActivityRecord{28ba92e u0 favdemo.taobao.com.fav_demo/.MainActivity t5336} time:558490412
04-27 15:07:49.782 V/UiModeManager( 1693): switch night mode to 1
04-27 15:07:49.827 I/SplashScreenServiceDelegate( 1693): None for favdemo.taobao.com.fav_demo
04-27 15:07:49.830 I/SplashScreenServiceDelegate( 1693): None for com.lbe.security.miui
04-27 15:07:49.836 V/UidProcStateHelper( 1693): foreground changed:[23149,10003,false]
04-27 15:07:49.836 I/SplashScreenServiceDelegate( 1693): None for favdemo.taobao.com.fav_demo
04-27 15:07:49.866 V/UidProcStateHelper( 1693): foreground changed:[2641,10024,false]
04-27 15:07:53.571 I/SplashScreenServiceDelegate( 1693): None for com.lbe.security.miui
04-27 15:07:53.571 I/ActivityManager( 1693): START u0 {act=android.content.pm.action.REQUEST_PERMISSIONS pkg=com.lbe.security.miui cmp=com.lbe.security.miui/com.android.packageinstaller.permission.ui.GrantPermissionsActivity (has extras)} from uid 10725
04-27 15:07:53.580 I/set_top_app( 1693): success /proc/23149/task/23149/top_app:1
04-27 15:07:53.581 I/set_top_app( 1693): success /proc/23149/task/23201/top_app:2
04-27 15:07:53.582 I/set_top_app( 1693): success /proc/15401/task/15401/top_app:0
04-27 15:07:53.582 I/set_top_app( 1693): success /proc/15401/task/15468/top_app:0
04-27 15:07:53.587 I/Timeline( 1693): Timeline: App_transition_ready time:558494220
04-27 15:07:53.587 V/UidProcStateHelper( 1693): foreground changed:[23149,10003,true]
04-27 15:07:53.589 W/ActivityManager( 1693): Receiver with filter android.content.IntentFilter@13c7f3e already registered for pid 5911, callerPackage is com.xiaomi.joyose
04-27 15:07:53.597 I/Timeline( 1693): Timeline: App_transition_ready time:558494230
04-27 15:07:53.631 V/UiModeManager( 1693): switch night mode to 1
04-27 15:07:53.636 I/set_top_app( 1693): success /proc/23149/task/23149/top_app:0
04-27 15:07:53.637 I/set_top_app( 1693): success /proc/23149/task/23201/top_app:0
04-27 15:07:53.638 I/set_top_app( 1693): success /proc/15401/task/15401/top_app:1
04-27 15:07:53.638 I/set_top_app( 1693): success /proc/15401/task/15468/top_app:2
04-27 15:07:53.643 I/Timeline( 1693): Timeline: App_transition_ready time:558494276
04-27 15:07:53.643 I/Timeline( 1693): Timeline: App_transition_stopped time:558494276
04-27 15:07:53.646 W/ActivityManager( 1693): Receiver with filter android.content.IntentFilter@581a6b5 already registered for pid 5911, callerPackage is com.xiaomi.joyose
04-27 15:07:53.687 V/UiModeManager( 1693): switch night mode to 1
04-27 15:07:53.695 I/SplashScreenServiceDelegate( 1693): None for favdemo.taobao.com.fav_demo
04-27 15:07:53.698 I/SplashScreenServiceDelegate( 1693): None for com.lbe.security.miui
04-27 15:07:53.700 V/UidProcStateHelper( 1693): foreground changed:[23149,10003,false]
04-27 15:07:54.397 W/ActivityManager( 1693): Unable to start service Intent { act=action_save_camera_info cmp=com.miui.klo.bugreport/.service.ReceiveCameraInfoService (has extras) } U=0: not found
04-27 15:07:58.120 E/storaged(  912): getDiskStats failed with result NOT_SUPPORTED and size 0
04-27 15:08:35.434 D/AutomaticBrightnessController( 1693): updateAutoBrightness: mScreenAutoBrightness=873, newScreenAutoBrightness=868
04-27 15:08:35.435 D/DisplayPowerController( 1693): Animating brightness: target=16, rate=4932
04-27 15:08:35.437 V/SettingsProvider( 1693): Notifying for 0: content://settings/system/screen_brightness
04-27 15:08:54.917 W/ActivityManager( 1693): Background start not allowed: service Intent { act=com.google.android.chimera.container.NEW_MODULE_TIMEOUT cat=[targeted_intent_op_prefix:com.google.android.chimera.container.ConfigurationManager$IntentHandler] flg=0x4 cmp=com.google.android.gms/.chimera.GmsIntentOperationService (has extras) } to com.google.android.gms/.chimera.GmsIntentOperationService from pid=-1 uid=10381 pkg=com.google.android.gms startFg?=false
04-27 15:08:58.121 E/storaged(  912): getDiskStats failed with result NOT_SUPPORTED and size 0
04-27 15:09:39.109 I/ActivityManager( 1693): Idle maintenance over +30m0s12ms low RAM for 0
04-27 15:09:39.115 I/MountServiceIdlerInjector( 1693): sNextTrimDuration :  900000
04-27 15:09:41.258 I/UsageStatsService( 1693): User[0] Flushing usage stats to disk
04-27 15:09:46.951 D/Boost   ( 1693): hostingType=service, hostingName=com.xiaomi.market/.receiver.AutoUpdateScheduler, callerPackage=android, isSystem=true, isBoostNeeded=false.
04-27 15:09:46.957 I/ActivityManager( 1693): Start proc 17443:com.xiaomi.market/u0a81 for service com.xiaomi.market/.receiver.AutoUpdateScheduler caller=android
04-27 15:09:47.714 I/NotificationService( 1693): Cannot find enqueued record for key: 0|com.xiaomi.market|100|null|10081
04-27 15:09:50.945 I/NotificationService( 1693): Cannot find enqueued record for key: 0|com.xiaomi.market|100|null|10081
04-27 15:09:52.727 W/BroadcastQueue( 1693): Background execution not allowed: receiving Intent { act=android.intent.action.DROPBOX_ENTRY_ADDED flg=0x10 (has extras) } to com.google.android.gms/.stats.service.DropBoxEntryAddedReceiver
04-27 15:09:52.727 W/BroadcastQueue( 1693): Background execution not allowed: receiving Intent { act=android.intent.action.DROPBOX_ENTRY_ADDED flg=0x10 (has extras) } to com.google.android.gms/.chimera.GmsIntentOperationService$PersistentTrustedReceiver
04-27 15:09:54.864 I/ActivityManager( 1693): Force stopping favdemo.taobao.com.fav_demo appid=10725 user=0: from process:17661
04-27 15:09:54.865 I/AutoStartManagerService( 1693): MIUILOG- Reject RestartService packageName :favdemo.taobao.com.fav_demo uid : 10725
04-27 15:09:54.865 D/AutoStartManagerService( 1693): prepare force stop p:15401 s: 19
04-27 15:09:54.866 I/ActivityManager( 1693): Killing 15401:favdemo.taobao.com.fav_demo/u0a725 (adj 0): stop favdemo.taobao.com.fav_demo: from process:17661
04-27 15:09:54.867 W/ActivityManager( 1693): Force removing ActivityRecord{28ba92e u0 favdemo.taobao.com.fav_demo/.MainActivity t5336}: app died, no saved state
04-27 15:09:54.890 I/set_top_app( 1693): success /proc/2641/task/2641/top_app:1
04-27 15:09:54.891 I/set_top_app( 1693): success /proc/2641/task/3366/top_app:2
04-27 15:09:54.897 I/Timeline( 1693): Timeline: App_transition_ready time:558615530
04-27 15:09:54.899 I/Timeline( 1693): Timeline: App_transition_ready time:558615532
04-27 15:09:54.900 V/UidProcStateHelper( 1693): process died:[15401,10725]
04-27 15:09:54.900 V/UidProcStateHelper( 1693): foreground changed:[2641,10024,true]
04-27 15:09:54.902 W/ActivityManager( 1693): Receiver with filter android.content.IntentFilter@c6e80e5 already registered for pid 5911, callerPackage is com.xiaomi.joyose
04-27 15:09:54.912 W/ActivityManager( 1693): setHasOverlayUi called on unknown pid: 15401
04-27 15:09:54.915 W/WallpaperManagerService( 1693): Cannot extract colors because wallpaper could not be read.
04-27 15:09:54.915 W/WallpaperManagerService( 1693): Cannot get theme colors because WallpaperColors is null.
04-27 15:09:54.916 V/UiModeManager( 1693): switch night mode to 1
04-27 15:09:54.922 D/PowerKeeper.Sensor( 3075): setUidState, uid = 10725 allow = false
04-27 15:09:54.923 D/PowerKeeper.AppStandby( 3075): setUidState, uid = 10725 allow = false
04-27 15:09:54.923 I/Timeline( 1693): Timeline: App_transition_ready time:558615556
04-27 15:09:54.925 I/Timeline( 1693): Timeline: App_transition_ready time:558615558
04-27 15:09:54.930 D/PowerKeeper.Sensor( 3075): setUidState, uid = 10725 allow = true
04-27 15:09:54.931 D/PowerKeeper.AppStandby( 3075): setUidState, uid = 10725 allow = true
04-27 15:09:54.964 I/Timeline( 1693): Timeline: App_transition_ready time:558615597
04-27 15:09:54.975 I/SplashScreenServiceDelegate( 1693): None for com.miui.home
04-27 15:09:55.011 W/ProcessCpuTracker( 1693): Skipping unknown process pid 17667
04-27 15:09:55.011 W/ProcessCpuTracker( 1693): Skipping unknown process pid 17671
04-27 15:09:55.108 I/Timeline( 1693): Timeline: Activity_windows_visible id: ActivityRecord{8c8bb33 u0 com.miui.home/.launcher.Launcher t1} time:558615741
04-27 15:09:55.111 I/Timeline( 1693): Timeline: App_transition_stopped time:558615744
04-27 15:09:55.122 I/InstallationStatistic( 1693): beginInstallSession: 1525566288
04-27 15:09:55.839 D/Boost   ( 1693): hostingType=service, hostingName=com.miui.weather2/.service.job.ScheduleCheckService, callerPackage=android, isSystem=true, isBoostNeeded=false.
04-27 15:09:55.841 I/ActivityManager( 1693): Start proc 17739:com.miui.weather2/u0a45 for service com.miui.weather2/.service.job.ScheduleCheckService caller=android
04-27 15:09:57.385 W/BroadcastQueue( 1693): Background execution not allowed: receiving Intent { act=android.intent.action.DROPBOX_ENTRY_ADDED flg=0x10 (has extras) } to com.google.android.gms/.stats.service.DropBoxEntryAddedReceiver
04-27 15:09:57.385 W/BroadcastQueue( 1693): Background execution not allowed: receiving Intent { act=android.intent.action.DROPBOX_ENTRY_ADDED flg=0x10 (has extras) } to com.google.android.gms/.chimera.GmsIntentOperationService$PersistentTrustedReceiver
04-27 15:09:57.659 I/ActivityManager( 1693): Force stopping favdemo.taobao.com.fav_demo appid=10725 user=-1: installPackageLI
04-27 15:09:57.760 I/PackageManager( 1693): Update package favdemo.taobao.com.fav_demo code path from /data/app/favdemo.taobao.com.fav_demo-u4-KNdpB-t2crk-D7GZEXA== to /data/app/favdemo.taobao.com.fav_demo-V2H44PKVwZalRZPwaywOHw==; Retain data and using new
04-27 15:09:57.760 I/PackageManager( 1693): Update package favdemo.taobao.com.fav_demo resource path from /data/app/favdemo.taobao.com.fav_demo-u4-KNdpB-t2crk-D7GZEXA== to /data/app/favdemo.taobao.com.fav_demo-V2H44PKVwZalRZPwaywOHw==; Retain data and using new
04-27 15:09:57.892 D/PackageManager( 1693): Instant App installer not found with android.intent.action.INSTALL_INSTANT_APP_PACKAGE
04-27 15:09:57.892 D/PackageManager( 1693): Clear ephemeral installer activity
04-27 15:09:57.892 I/InstallationStatistic( 1693): favdemo.taobao.com.fav_demo|null|2770|2101|64|0|0|0
04-27 15:09:58.122 E/storaged(  912): getDiskStats failed with result NOT_SUPPORTED and size 0
04-27 15:09:58.188 D/AutomaticBrightnessController( 1693): updateAutoBrightness: mScreenAutoBrightness=868, newScreenAutoBrightness=863
04-27 15:09:58.189 D/DisplayPowerController( 1693): Animating brightness: target=863, rate=4932
04-27 15:09:58.190 V/SettingsProvider( 1693): Notifying for 0: content://settings/system/screen_brightness
04-27 15:09:58.221 I/ActivityManager( 1693): Force stopping favdemo.taobao.com.fav_demo appid=10725 user=0: pkg removed
04-27 15:09:58.222 I/AutoStartManagerService( 1693): MIUILOG- Reject RestartService packageName :favdemo.taobao.com.fav_demo uid : 10725
04-27 15:09:58.233 W/BroadcastQueue( 1693): Background execution not allowed: receiving Intent { act=android.intent.action.PACKAGE_REMOVED dat=package:favdemo.taobao.com.fav_demo flg=0x4000010 (has extras) } to com.lbe.security.miui/com.lbe.security.service.BootReceiver
04-27 15:09:58.238 V/LocationPolicy( 1693): ACTION_PACKAGE_ADDED for uid=10725
04-27 15:09:58.288 W/BroadcastQueue( 1693): Background execution not allowed: receiving Intent { act=android.intent.action.PACKAGE_REMOVED dat=package:favdemo.taobao.com.fav_demo flg=0x4000010 (has extras) } to com.android.providers.downloads/.receiver.ApplicationInstallReceiver
04-27 15:09:58.296 W/BroadcastQueue( 1693): Background execution not allowed: receiving Intent { act=android.intent.action.PACKAGE_REMOVED dat=package:favdemo.taobao.com.fav_demo flg=0x4000010 (has extras) } to com.android.settings/.search.provider.UpdateReceiver
04-27 15:09:58.296 W/BroadcastQueue( 1693): Background execution not allowed: receiving Intent { act=android.intent.action.PACKAGE_REMOVED dat=package:favdemo.taobao.com.fav_demo flg=0x4000010 (has extras) } to com.miui.audioeffect/com.android.musicfx.Compatibility$Receiver
04-27 15:09:58.296 W/BroadcastQueue( 1693): Background execution not allowed: receiving Intent { act=android.intent.action.PACKAGE_REMOVED dat=package:favdemo.taobao.com.fav_demo flg=0x4000010 (has extras) } to com.xiaomi.gamecenter/.broadcast.receiver.AppReceiver
04-27 15:09:58.296 W/BroadcastQueue( 1693): Background execution not allowed: receiving Intent { act=android.intent.action.PACKAGE_REMOVED dat=package:favdemo.taobao.com.fav_demo flg=0x4000010 (has extras) } to com.xiaomi.gamecenter/.service.GlobalReceiver
04-27 15:09:58.296 W/BroadcastQueue( 1693): Background execution not allowed: receiving Intent { act=android.intent.action.PACKAGE_REMOVED dat=package:favdemo.taobao.com.fav_demo flg=0x4000010 (has extras) } to com.xiaomi.market/.data.MyPackageMonitor
04-27 15:09:58.296 W/BroadcastQueue( 1693): Background execution not allowed: receiving Intent { act=android.intent.action.PACKAGE_REMOVED dat=package:favdemo.taobao.com.fav_demo flg=0x4000010 (has extras) } to com.xiaomi.misettings/.usagestats.AppTimerReceiver
04-27 15:09:58.327 W/BroadcastQueue( 1693): Background execution not allowed: receiving Intent { act=android.intent.action.PACKAGE_REMOVED dat=package:favdemo.taobao.com.fav_demo flg=0x4000010 (has extras) } to com.xiaomi.providers.appindex/.PackageChangeReceiver
04-27 15:09:58.327 W/BroadcastQueue( 1693): Background execution not allowed: receiving Intent { act=android.intent.action.PACKAGE_REMOVED dat=package:favdemo.taobao.com.fav_demo flg=0x4000010 (has extras) } to com.xiaomi.xmsf/.pushcontrol.PkgUninstallReceiver
04-27 15:09:58.328 W/BroadcastQueue( 1693): Background execution not allowed: receiving Intent { act=android.intent.action.PACKAGE_REMOVED dat=package:favdemo.taobao.com.fav_demo flg=0x4000010 (has extras) } to com.xiaomi.xmsf/com.xiaomi.push.service.receivers.PkgUninstallReceiver
04-27 15:09:58.328 W/BroadcastQueue( 1693): Background execution not allowed: receiving Intent { act=android.intent.action.PACKAGE_REMOVED dat=package:favdemo.taobao.com.fav_demo flg=0x4000010 (has extras) } to com.alibaba.wireless/com.taobao.accs.EventReceiver
04-27 15:09:58.328 W/BroadcastQueue( 1693): Background execution not allowed: receiving Intent { act=android.intent.action.PACKAGE_REMOVED dat=package:favdemo.taobao.com.fav_demo flg=0x4000010 (has extras) } to com.alibaba.wireless/com.huawei.android.pushagent.PushEventReceiver
04-27 15:09:58.329 W/BroadcastQueue( 1693): Background execution not allowed: receiving Intent { act=android.intent.action.PACKAGE_REMOVED dat=package:favdemo.taobao.com.fav_demo flg=0x4000010 (has extras) } to com.alibaba.wireless/com.taobao.agoo.AgooCommondReceiver
04-27 15:09:58.337 I/SplashScreenServiceDelegate( 1693): None for favdemo.taobao.com.fav_demo
04-27 15:09:58.337 I/ActivityManager( 1693): START u0 {act=android.intent.action.RUN flg=0x30000000 cmp=favdemo.taobao.com.fav_demo/.MainActivity (has extras)} from uid 0
04-27 15:09:58.376 W/FileUtils( 1693): Slow Operation: fsync took 154ms
04-27 15:09:58.376 W/FileUtils( 1693): Slow Operation: fsync took 266ms
04-27 15:09:58.401 I/set_top_app( 1693): success /proc/2641/task/2641/top_app:0
04-27 15:09:58.401 I/set_top_app( 1693): success /proc/2641/task/3366/top_app:0
04-27 15:09:58.406 W/BroadcastQueue( 1693): Background execution not allowed: receiving Intent { act=android.intent.action.PACKAGE_REMOVED dat=package:favdemo.taobao.com.fav_demo flg=0x4000010 (has extras) } to com.android.vending/com.google.android.finsky.packagemanager.impl.PackageMonitorReceiverImpl$RegisteredReceiver
04-27 15:09:58.414 W/BroadcastQueue( 1693): Background execution not allowed: receiving Intent { act=android.intent.action.PACKAGE_REMOVED dat=package:favdemo.taobao.com.fav_demo flg=0x4000010 (has extras) } to com.android.vending/com.google.android.finsky.instantapps.appmanagement.InstantAppRemoveMonitor
04-27 15:09:58.415 W/BroadcastQueue( 1693): Background execution not allowed: receiving Intent { act=android.intent.action.PACKAGE_REMOVED dat=package:favdemo.taobao.com.fav_demo flg=0x4000010 (has extras) } to com.facebook.katana/com.facebook.feed.platformads.AppInstallReceiver
04-27 15:09:58.415 W/BroadcastQueue( 1693): Background execution not allowed: receiving Intent { act=android.intent.action.PACKAGE_REMOVED dat=package:favdemo.taobao.com.fav_demo flg=0x4000010 (has extras) } to com.facebook.katana/com.facebook.games.packagecontroller.PackageChangeReceiver
04-27 15:09:58.415 W/BroadcastQueue( 1693): Background execution not allowed: receiving Intent { act=android.intent.action.PACKAGE_REMOVED dat=package:favdemo.taobao.com.fav_demo flg=0x4000010 (has extras) } to com.google.android.gms/.games.chimera.GamesSystemBroadcastReceiverProxy
04-27 15:09:58.415 W/BroadcastQueue( 1693): Background execution not allowed: receiving Intent { act=android.intent.action.PACKAGE_REMOVED dat=package:favdemo.taobao.com.fav_demo flg=0x4000010 (has extras) } to com.google.android.gms/.chimera.GmsIntentOperationService$PersistentTrustedReceiver
04-27 15:09:58.415 W/BroadcastQueue( 1693): Background execution not allowed: receiving Intent { act=android.intent.action.PACKAGE_REMOVED dat=package:favdemo.taobao.com.fav_demo flg=0x4000010 (has extras) } to com.ss.android.article.news/com.huawei.android.pushagent.PushEventReceiver
04-27 15:09:58.415 W/BroadcastQueue( 1693): Background execution not allowed: receiving Intent { act=android.intent.action.PACKAGE_REMOVED dat=package:favdemo.taobao.com.fav_demo flg=0x4000010 (has extras) } to com.ss.android.article.news/com.taobao.accs.EventReceiver
04-27 15:09:58.415 W/BroadcastQueue( 1693): Background execution not allowed: receiving Intent { act=android.intent.action.PACKAGE_REMOVED dat=package:favdemo.taobao.com.fav_demo flg=0x4000010 (has extras) } to com.ss.android.article.news/com.taobao.agoo.AgooCommondReceiver
04-27 15:09:58.415 W/BroadcastQueue( 1693): Background execution not allowed: receiving Intent { act=android.intent.action.PACKAGE_REMOVED dat=package:favdemo.taobao.com.fav_demo flg=0x4000010 (has extras) } to com.ss.android.article.news/com.ss.android.message.MessageReceiver
04-27 15:09:58.415 W/BroadcastQueue( 1693): Background execution not allowed: receiving Intent { act=android.intent.action.PACKAGE_REMOVED dat=package:favdemo.taobao.com.fav_demo flg=0x4000010 (has extras) } to com.ss.android.article.news/com.baidu.android.pushservice.RegistrationReceiver
04-27 15:09:58.415 W/BroadcastQueue( 1693): Background execution not allowed: receiving Intent { act=android.intent.action.PACKAGE_REMOVED dat=package:favdemo.taobao.com.fav_demo flg=0x4000010 (has extras) } to com.ss.android.article.news/com.ss.android.message.bangtui.PackageUninstallReceiver
04-27 15:09:58.415 W/BroadcastQueue( 1693): Background execution not allowed: receiving Intent { act=android.intent.action.PACKAGE_REMOVED dat=package:favdemo.taobao.com.fav_demo flg=0x4000010 (has extras) } to com.taobao.idlefish.debug/com.taobao.accs.EventReceiver
04-27 15:09:58.415 W/BroadcastQueue( 1693): Background execution not allowed: receiving Intent { act=android.intent.action.PACKAGE_REMOVED dat=package:favdemo.taobao.com.fav_demo flg=0x4000010 (has extras) } to com.taobao.idlefish.debug/com.taobao.agoo.AgooCommondReceiver
04-27 15:09:58.415 W/BroadcastQueue( 1693): Background execution not allowed: receiving Intent { act=android.intent.action.PACKAGE_REMOVED dat=package:favdemo.taobao.com.fav_demo flg=0x4000010 (has extras) } to video.vue.android/cn.jpush.android.service.PushReceiver
04-27 15:09:58.416 W/BroadcastQueue( 1693): Background execution not allowed: receiving Intent { act=android.intent.action.PACKAGE_ADDED dat=package:favdemo.taobao.com.fav_demo flg=0x4000010 (has extras) } to com.lbe.security.miui/com.lbe.security.service.BootReceiver
04-27 15:09:58.426 D/Boost   ( 1693): hostingType=activity, hostingName=favdemo.taobao.com.fav_demo/.MainActivity, callerPackage=null, isSystem=true, isBoostNeeded=false.
04-27 15:09:58.428 W/BroadcastQueue( 1693): Background execution not allowed: receiving Intent { act=android.intent.action.PACKAGE_ADDED dat=package:favdemo.taobao.com.fav_demo flg=0x4000010 (has extras) } to com.android.providers.downloads/.receiver.ApplicationInstallReceiver
04-27 15:09:58.430 I/ActivityManager( 1693): Start proc 18001:favdemo.taobao.com.fav_demo/u0a725 for activity favdemo.taobao.com.fav_demo/.MainActivity caller=null
04-27 15:09:58.431 W/BroadcastQueue( 1693): Background execution not allowed: receiving Intent { act=android.intent.action.PACKAGE_ADDED dat=package:favdemo.taobao.com.fav_demo flg=0x4000010 (has extras) } to com.android.settings/.search.provider.UpdateReceiver
04-27 15:09:58.433 W/BroadcastQueue( 1693): Background execution not allowed: receiving Intent { act=android.intent.action.PACKAGE_ADDED dat=package:favdemo.taobao.com.fav_demo flg=0x4000010 (has extras) } to com.miui.audioeffect/com.android.musicfx.Compatibility$Receiver
04-27 15:09:58.437 W/BroadcastQueue( 1693): Background execution not allowed: receiving Intent { act=android.intent.action.PACKAGE_ADDED dat=package:favdemo.taobao.com.fav_demo flg=0x4000010 (has extras) } to com.xiaomi.gamecenter/.broadcast.receiver.AppReceiver
04-27 15:09:58.439 W/BroadcastQueue( 1693): Background execution not allowed: receiving Intent { act=android.intent.action.PACKAGE_ADDED dat=package:favdemo.taobao.com.fav_demo flg=0x4000010 (has extras) } to com.xiaomi.gamecenter/.service.GlobalReceiver
