04-27 15:59:46.835 I/ShortCutsAdapter( 2641): bindDataToView position = 1 item = {"name":"wx_paycode", "drawableId":453379082, "uri":"#Intent;launchFlags=0x10000000;component=com.tencent.mm/com.tencent.mm.plugin.offline.ui.WalletOfflineCoinPurseUI;i.key_entry_scene=2;end", "packageName":"com.tencent.mm", "className":"", "id":"61", "drawableName":"wx_fukuan", "isXspace":"false", "appName":"wx_parent", "groupId":"0"}
04-27 15:59:46.837 I/ShortCutsAdapter( 2641): bindDataToView position = 2 item = {"name":"alipay_scan", "drawableId":453378238, "uri":"alipays://platformapi/startapp?appId=10000007&sourceId=xiaomiLeft&source=shortcut&showOthers=true&chInfo=ch_xiaomiLeft", "packageName":"com.eg.android.AlipayGphone", "className":"", "id":"70", "drawableName":"alipay_scan", "isXspace":"false", "appName":"paycode_parent", "groupId":"0"}
04-27 15:59:46.838 W/BroadcastQueue( 1693): Background execution not allowed: receiving Intent { act=android.intent.action.PACKAGE_REMOVED dat=package:com.ideashower.readitlater.pro flg=0x4000010 (has extras) } to com.xiaomi.gamecenter/.broadcast.receiver.AppReceiver
04-27 15:59:46.838 W/BroadcastQueue( 1693): Background execution not allowed: receiving Intent { act=android.intent.action.PACKAGE_REMOVED dat=package:com.ideashower.readitlater.pro flg=0x4000010 (has extras) } to com.xiaomi.gamecenter/.service.GlobalReceiver
04-27 15:59:46.839 I/ShortCutsAdapter( 2641): bindDataToView position = 3 item = {"name":"wx_paycode", "drawableId":453378109, "uri":"", "packageName":"com.alipay.sdk.formi", "className":"", "id":"101", "drawableName":"alipay_fukuan", "isXspace":"false", "appName":"paycode_sdk_parent_title", "groupId":"0"}
04-27 15:59:46.840 I/ShortCutsAdapter( 2641): bindDataToView position = 4 item = {"name":"calc_name", "drawableId":453378335, "uri":"", "packageName":"com.miui.calculator", "className":"com.miui.calculator.cal.AllInOneCalculatorActivity", "id":"50", "drawableName":"calculator_scientific", "isXspace":"false", "appName":"calc_parent", "groupId":"2"}
04-27 15:59:46.842 I/ListLayout( 2641): bindView: item count 5, view count 5
04-27 15:59:46.842 W/BroadcastQueue( 1693): Background execution not allowed: receiving Intent { act=android.intent.action.PACKAGE_REMOVED dat=package:com.ideashower.readitlater.pro flg=0x4000010 (has extras) } to com.xiaomi.market/.data.MyPackageMonitor
04-27 15:59:46.847 I/Finsky  ( 1040): [2] lmt.c(2): Frosting ID looked up on UI thread. Caller should move to a background thread.
04-27 15:59:46.848 I/tycenter.remot( 6145): Background concurrent copying GC freed 113374(5MB) AllocSpace objects, 2(40KB) LOS objects, 49% free, 5MB/10MB, paused 111us total 186.435ms
04-27 15:59:46.864 I/Finsky  ( 1040): [9702] erx.a(3): Cancelled 0 ongoing asset module downloads for package com.ideashower.readitlater.pro due to a concurrent app update.
04-27 15:59:46.867 I/Finsky  ( 1040): [9702] ert.a(15): Asset module broadcast after update successful for package com.ideashower.readitlater.pro. 0 sessions broadcast.
04-27 15:59:46.876 I/PackageInstallReceiver( 2641): action = android.intent.action.PACKAGE_REPLACED packageName = com.ideashower.readitlater.pro
04-27 15:59:46.877 I/ShortCutsCardView( 2641): onAppChanged com.ideashower.readitlater.pro
04-27 15:59:46.877 I/ShortCutsAdapter( 2641): bindDataToView position = 0 item = {"name":"wx_scan", "drawableId":453379084, "uri":"", "packageName":"com.tencent.mm", "className":"com.tencent.mm.plugin.scanner.ui.BaseScanUI", "id":"60", "drawableName":"wx_scan", "isXspace":"false", "appName":"wx_parent", "groupId":"0"}
04-27 15:59:46.878 D/AppInstalledReceiver( 6145): receive broadcast
04-27 15:59:46.878 I/ShortCutsAdapter( 2641): bindDataToView position = 1 item = {"name":"wx_paycode", "drawableId":453379082, "uri":"#Intent;launchFlags=0x10000000;component=com.tencent.mm/com.tencent.mm.plugin.offline.ui.WalletOfflineCoinPurseUI;i.key_entry_scene=2;end", "packageName":"com.tencent.mm", "className":"", "id":"61", "drawableName":"wx_fukuan", "isXspace":"false", "appName":"wx_parent", "groupId":"0"}
04-27 15:59:46.879 W/BroadcastQueue( 1693): Background execution not allowed: receiving Intent { act=android.intent.action.PACKAGE_REMOVED dat=package:com.ideashower.readitlater.pro flg=0x4000010 (has extras) } to com.xiaomi.misettings/.usagestats.AppTimerReceiver
04-27 15:59:46.879 I/ShortCutsAdapter( 2641): bindDataToView position = 2 item = {"name":"alipay_scan", "drawableId":453378238, "uri":"alipays://platformapi/startapp?appId=10000007&sourceId=xiaomiLeft&source=shortcut&showOthers=true&chInfo=ch_xiaomiLeft", "packageName":"com.eg.android.AlipayGphone", "className":"", "id":"70", "drawableName":"alipay_scan", "isXspace":"false", "appName":"paycode_parent", "groupId":"0"}
04-27 15:59:46.879 W/System.err(12999): java.io.FileNotFoundException: /storage/emulated/0/mipush/lcfp.lock: open failed: EACCES (Permission denied)
04-27 15:59:46.880 W/System.err(12999): 	at libcore.io.IoBridge.open(IoBridge.java:485)
04-27 15:59:46.880 W/System.err(12999): 	at java.io.RandomAccessFile.<init>(RandomAccessFile.java:288)
04-27 15:59:46.880 W/System.err(12999): 	at com.xiaomi.push.ah.a(Unknown Source:15)
04-27 15:59:46.880 W/System.err(12999): 	at com.xiaomi.push.em.a(Unknown Source:21)
04-27 15:59:46.880 W/System.err(12999): 	at com.xiaomi.push.em.b(Unknown Source:282)
04-27 15:59:46.880 W/System.err(12999): 	at com.xiaomi.push.em.a(Unknown Source:0)
04-27 15:59:46.880 W/System.err(12999): 	at com.xiaomi.push.en.run(Unknown Source:6)
04-27 15:59:46.880 W/System.err(12999): 	at java.util.concurrent.Executors$RunnableAdapter.call(Executors.java:458)
04-27 15:59:46.880 W/System.err(12999): 	at java.util.concurrent.FutureTask.run(FutureTask.java:266)
04-27 15:59:46.880 W/System.err(12999): 	at java.util.concurrent.ScheduledThreadPoolExecutor$ScheduledFutureTask.run(ScheduledThreadPoolExecutor.java:301)
04-27 15:59:46.880 W/System.err(12999): 	at java.util.concurrent.ThreadPoolExecutor.runWorker(ThreadPoolExecutor.java:1167)
04-27 15:59:46.880 W/System.err(12999): 	at java.util.concurrent.ThreadPoolExecutor$Worker.run(ThreadPoolExecutor.java:641)
04-27 15:59:46.880 W/System.err(12999): 	at java.lang.Thread.run(Thread.java:764)
04-27 15:59:46.880 W/System.err(12999): Caused by: android.system.ErrnoException: open failed: EACCES (Permission denied)
04-27 15:59:46.880 W/System.err(12999): 	at libcore.io.Linux.open(Native Method)
04-27 15:59:46.880 W/System.err(12999): 	at libcore.io.BlockGuardOs.open(BlockGuardOs.java:210)
04-27 15:59:46.880 W/System.err(12999): 	at libcore.io.IoBridge.open(IoBridge.java:471)
04-27 15:59:46.880 W/System.err(12999): 	... 12 more
04-27 15:59:46.881 I/ShortCutsAdapter( 2641): bindDataToView position = 3 item = {"name":"wx_paycode", "drawableId":453378109, "uri":"", "packageName":"com.alipay.sdk.formi", "className":"", "id":"101", "drawableName":"alipay_fukuan", "isXspace":"false", "appName":"paycode_sdk_parent_title", "groupId":"0"}
04-27 15:59:46.881 D/CarrierConfigLoader( 2626): mHandler: 9 phoneId: 0
04-27 15:59:46.881 I/ShortCutsAdapter( 2641): bindDataToView position = 4 item = {"name":"calc_name", "drawableId":453378335, "uri":"", "packageName":"com.miui.calculator", "className":"com.miui.calculator.cal.AllInOneCalculatorActivity", "id":"50", "drawableName":"calculator_scientific", "isXspace":"false", "appName":"calc_parent", "groupId":"2"}
04-27 15:59:46.882 I/Finsky  ( 1040): [2] ruz.d(9): Invalidating cached PackageState for com.ideashower.readitlater.pro
04-27 15:59:46.883 I/ListLayout( 2641): bindView: item count 5, view count 5
04-27 15:59:46.883 I/ShortCutsAdapter( 2641): bindDataToView position = 0 item = {"name":"wx_scan", "drawableId":453379084, "uri":"", "packageName":"com.tencent.mm", "className":"com.tencent.mm.plugin.scanner.ui.BaseScanUI", "id":"60", "drawableName":"wx_scan", "isXspace":"false", "appName":"wx_parent", "groupId":"0"}
04-27 15:59:46.885 I/ShortCutsAdapter( 2641): bindDataToView position = 1 item = {"name":"wx_paycode", "drawableId":453379082, "uri":"#Intent;launchFlags=0x10000000;component=com.tencent.mm/com.tencent.mm.plugin.offline.ui.WalletOfflineCoinPurseUI;i.key_entry_scene=2;end", "packageName":"com.tencent.mm", "className":"", "id":"61", "drawableName":"wx_fukuan", "isXspace":"false", "appName":"wx_parent", "groupId":"0"}
04-27 15:59:46.886 I/ShortCutsAdapter( 2641): bindDataToView position = 2 item = {"name":"alipay_scan", "drawableId":453378238, "uri":"alipays://platformapi/startapp?appId=10000007&sourceId=xiaomiLeft&source=shortcut&showOthers=true&chInfo=ch_xiaomiLeft", "packageName":"com.eg.android.AlipayGphone", "className":"", "id":"70", "drawableName":"alipay_scan", "isXspace":"false", "appName":"paycode_parent", "groupId":"0"}
04-27 15:59:46.886 W/BroadcastQueue( 1693): Background execution not allowed: receiving Intent { act=android.intent.action.PACKAGE_REMOVED dat=package:com.ideashower.readitlater.pro flg=0x4000010 (has extras) } to com.xiaomi.providers.appindex/.PackageChangeReceiver
04-27 15:59:46.886 W/Finsky  ( 1040): [9718] rrv.b(7): Unexpected error abandoning session=574299876. exception=java.lang.SecurityException: Caller has no access to session 574299876
04-27 15:59:46.886 W/BroadcastQueue( 1693): Background execution not allowed: receiving Intent { act=android.intent.action.PACKAGE_REMOVED dat=package:com.ideashower.readitlater.pro flg=0x4000010 (has extras) } to com.xiaomi.xmsf/.pushcontrol.PkgUninstallReceiver
04-27 15:59:46.886 W/BroadcastQueue( 1693): Background execution not allowed: receiving Intent { act=android.intent.action.PACKAGE_REMOVED dat=package:com.ideashower.readitlater.pro flg=0x4000010 (has extras) } to com.xiaomi.xmsf/com.xiaomi.push.service.receivers.PkgUninstallReceiver
04-27 15:59:46.886 D/RegisteredServicesCache( 3883): Intent action: android.intent.action.PACKAGE_ADDED
04-27 15:59:46.886 W/BroadcastQueue( 1693): Background execution not allowed: receiving Intent { act=android.intent.action.PACKAGE_REMOVED dat=package:com.ideashower.readitlater.pro flg=0x4000010 (has extras) } to com.alibaba.wireless/com.taobao.accs.EventReceiver
04-27 15:59:46.886 W/BroadcastQueue( 1693): Background execution not allowed: receiving Intent { act=android.intent.action.PACKAGE_REMOVED dat=package:com.ideashower.readitlater.pro flg=0x4000010 (has extras) } to com.alibaba.wireless/com.huawei.android.pushagent.PushEventReceiver
04-27 15:59:46.887 I/ShortCutsAdapter( 2641): bindDataToView position = 3 item = {"name":"wx_paycode", "drawableId":453378109, "uri":"", "packageName":"com.alipay.sdk.formi", "className":"", "id":"101", "drawableName":"alipay_fukuan", "isXspace":"false", "appName":"paycode_sdk_parent_title", "groupId":"0"}
04-27 15:59:46.887 D/RegisteredServicesCache( 3883): Ignoring package intent due to package being replaced.
04-27 15:59:46.888 D/RegisteredServicesCache( 3883): Intent action: android.intent.action.PACKAGE_REPLACED
04-27 15:59:46.893 W/BroadcastQueue( 1693): Background execution not allowed: receiving Intent { act=android.intent.action.PACKAGE_REMOVED dat=package:com.ideashower.readitlater.pro flg=0x4000010 (has extras) } to com.alibaba.wireless/com.taobao.agoo.AgooCommondReceiver
04-27 15:59:46.895 I/Finsky  ( 1040): [2] lmt.c(2): Frosting ID looked up on UI thread. Caller should move to a background thread.
04-27 15:59:46.896 E/RegisteredServicesCache( 3883): Skipping application component ComponentInfo{com.taobao.homeai/com.alibaba.ariver.commonability.device.jsapi.nfc.service.TinyAppHostApduService}: it must request the permission android.permission.NFC
04-27 15:59:46.896 I/ShortCutsAdapter( 2641): bindDataToView position = 4 item = {"name":"calc_name", "drawableId":453378335, "uri":"", "packageName":"com.miui.calculator", "className":"com.miui.calculator.cal.AllInOneCalculatorActivity", "id":"50", "drawableName":"calculator_scientific", "isXspace":"false", "appName":"calc_parent", "groupId":"2"}
04-27 15:59:46.897 I/ListLayout( 2641): bindView: item count 5, view count 5
04-27 15:59:46.898 I/chatty  ( 1693): uid=1000(system) ActivityManager expire 18 lines
04-27 15:59:46.901 I/chatty  ( 1693): uid=1000(system) Binder:1693_19 expire 9 lines
04-27 15:59:46.905 D/AppVerDbManager(20951): will add
04-27 15:59:46.908 I/Finsky  ( 1040): [2] nbw.a(214): Installer: found apps to install. isMultiUserMode=false, apps=[]
04-27 15:59:46.910 E/RegisteredServicesCache( 3883): Skipping application component ComponentInfo{com.taobao.taobao/com.alibaba.ariver.commonability.device.jsapi.nfc.service.TinyAppHostApduService}: it must request the permission android.permission.NFC
04-27 15:59:46.911 W/BroadcastQueue( 1693): Background execution not allowed: receiving Intent { act=android.intent.action.PACKAGE_REMOVED dat=package:com.ideashower.readitlater.pro flg=0x4000010 (has extras) } to com.android.vending/com.google.android.finsky.packagemanager.impl.PackageMonitorReceiverImpl$RegisteredReceiver
04-27 15:59:46.912 W/BroadcastQueue( 1693): Background execution not allowed: receiving Intent { act=android.intent.action.PACKAGE_REMOVED dat=package:com.ideashower.readitlater.pro flg=0x4000010 (has extras) } to com.android.vending/com.google.android.finsky.instantapps.appmanagement.InstantAppRemoveMonitor
04-27 15:59:46.912 W/BroadcastQueue( 1693): Background execution not allowed: receiving Intent { act=android.intent.action.PACKAGE_REMOVED dat=package:com.ideashower.readitlater.pro flg=0x4000010 (has extras) } to com.facebook.katana/com.facebook.feed.platformads.AppInstallReceiver
04-27 15:59:46.912 W/BroadcastQueue( 1693): Background execution not allowed: receiving Intent { act=android.intent.action.PACKAGE_REMOVED dat=package:com.ideashower.readitlater.pro flg=0x4000010 (has extras) } to com.facebook.katana/com.facebook.games.packagecontroller.PackageChangeReceiver
04-27 15:59:46.912 W/BroadcastQueue( 1693): Background execution not allowed: receiving Intent { act=android.intent.action.PACKAGE_REMOVED dat=package:com.ideashower.readitlater.pro flg=0x4000010 (has extras) } to com.google.android.gms/.games.chimera.GamesSystemBroadcastReceiverProxy
04-27 15:59:46.913 D/IdProviderImpl(20951): getOAID
04-27 15:59:46.913 W/BroadcastQueue( 1693): Background execution not allowed: receiving Intent { act=android.intent.action.PACKAGE_REMOVED dat=package:com.ideashower.readitlater.pro flg=0x4000010 (has extras) } to com.google.android.gms/.chimera.GmsIntentOperationService$PersistentTrustedReceiver
04-27 15:59:46.913 W/BroadcastQueue( 1693): Background execution not allowed: receiving Intent { act=android.intent.action.PACKAGE_REMOVED dat=package:com.ideashower.readitlater.pro flg=0x4000010 (has extras) } to com.ss.android.article.news/com.huawei.android.pushagent.PushEventReceiver
04-27 15:59:46.913 W/BroadcastQueue( 1693): Background execution not allowed: receiving Intent { act=android.intent.action.PACKAGE_REMOVED dat=package:com.ideashower.readitlater.pro flg=0x4000010 (has extras) } to com.ss.android.article.news/com.taobao.accs.EventReceiver
04-27 15:59:46.914 W/BroadcastQueue( 1693): Background execution not allowed: receiving Intent { act=android.intent.action.PACKAGE_REMOVED dat=package:com.ideashower.readitlater.pro flg=0x4000010 (has extras) } to com.ss.android.article.news/com.taobao.agoo.AgooCommondReceiver
04-27 15:59:46.914 W/BroadcastQueue( 1693): Background execution not allowed: receiving Intent { act=android.intent.action.PACKAGE_REMOVED dat=package:com.ideashower.readitlater.pro flg=0x4000010 (has extras) } to com.ss.android.article.news/com.ss.android.message.MessageReceiver
04-27 15:59:46.914 D/RegisteredServicesCache( 3883): Adding service: ComponentInfo{com.alibaba.wireless/com.alibaba.ariver.commonability.device.jsapi.nfc.service.TinyAppHostApduService} AIDs: []
04-27 15:59:46.914 D/RegisteredServicesCache( 3883): Adding service: ComponentInfo{com.eg.android.AlipayGphone/com.alipay.android.phone.offlinepay.nfc.CardService} AIDs: [B06937896756002478]
04-27 15:59:46.914 D/RegisteredServicesCache( 3883): Adding service: ComponentInfo{com.eg.android.AlipayGphone/com.alibaba.ariver.commonability.device.jsapi.nfc.service.TinyAppHostApduService} AIDs: []
04-27 15:59:46.914 D/RegisteredServicesCache( 3883): Adding service: ComponentInfo{com.eg.android.AlipayGphone/com.alipay.mobile.aompdevice.nfc.service.TinyAppHostApduService} AIDs: []
04-27 15:59:46.914 D/RegisteredServicesCache( 3883): Adding service: ComponentInfo{com.taobao.idlefish/com.alibaba.ariver.commonability.device.jsapi.nfc.service.TinyAppHostApduService} AIDs: []
04-27 15:59:46.914 D/RegisteredServicesCache( 3883): Adding service: ComponentInfo{com.tencent.mm/com.tencent.mm.plugin.appbrand.jsapi.nfc.hce.HCEService} AIDs: [F123456789]
04-27 15:59:46.914 D/RegisteredServicesCache( 3883):  Reading service state data always from file
04-27 15:59:46.914 W/BroadcastQueue( 1693): Background execution not allowed: receiving Intent { act=android.intent.action.PACKAGE_REMOVED dat=package:com.ideashower.readitlater.pro flg=0x4000010 (has extras) } to com.ss.android.article.news/com.baidu.android.pushservice.RegistrationReceiver
04-27 15:59:46.916 D/RegisteredServicesCache( 3883): ServiceStateFileVersion=1.0
04-27 15:59:46.916 E/RegisteredServicesCache( 3883): Next Tag=services
04-27 15:59:46.916 W/BroadcastQueue( 1693): Background execution not allowed: receiving Intent { act=android.intent.action.PACKAGE_REMOVED dat=package:com.ideashower.readitlater.pro flg=0x4000010 (has extras) } to com.ss.android.article.news/com.ss.android.message.bangtui.PackageUninstallReceiver
04-27 15:59:46.916 W/BroadcastQueue( 1693): Background execution not allowed: receiving Intent { act=android.intent.action.PACKAGE_REMOVED dat=package:com.ideashower.readitlater.pro flg=0x4000010 (has extras) } to video.vue.android/cn.jpush.android.service.PushReceiver
04-27 15:59:46.916 E/RegisteredServicesCache( 3883): 1invalidateCache:WriteServiceStateToFile
04-27 15:59:46.916 E/RegisteredServicesCache( 3883):  Writing service state Data Always
04-27 15:59:46.920 D/CardEmulationManager( 3883): Current default: ComponentInfo{com.tencent.mm/com.tencent.mm.plugin.appbrand.jsapi.nfc.hce.HCEService}
04-27 15:59:46.920 D/CardEmulationManager( 3883): Default payment service still ok.
04-27 15:59:46.920 D/RegisteredAidCache( 3883): onServicesUpdated
04-27 15:59:46.921 D/RegisteredAidCache( 3883): generateServiceMap component: ComponentInfo{com.alibaba.wireless/com.alibaba.ariver.commonability.device.jsapi.nfc.service.TinyAppHostApduService}
04-27 15:59:46.921 D/RegisteredAidCache( 3883): generateServiceMap component: ComponentInfo{com.eg.android.AlipayGphone/com.alipay.android.phone.offlinepay.nfc.CardService}
04-27 15:59:46.921 D/RegisteredAidCache( 3883): generateServiceMap component: ComponentInfo{com.eg.android.AlipayGphone/com.alibaba.ariver.commonability.device.jsapi.nfc.service.TinyAppHostApduService}
04-27 15:59:46.921 D/RegisteredAidCache( 3883): generateServiceMap component: ComponentInfo{com.eg.android.AlipayGphone/com.alipay.mobile.aompdevice.nfc.service.TinyAppHostApduService}
04-27 15:59:46.921 D/RegisteredAidCache( 3883): generateServiceMap component: ComponentInfo{com.taobao.idlefish/com.alibaba.ariver.commonability.device.jsapi.nfc.service.TinyAppHostApduService}
04-27 15:59:46.921 D/RegisteredAidCache( 3883): generateServiceMap component: ComponentInfo{com.tencent.mm/com.tencent.mm.plugin.appbrand.jsapi.nfc.hce.HCEService}
04-27 15:59:46.921 D/RegisteredAidCache( 3883): generateAidCacheLocked: starting with aid B06937896756002478
04-27 15:59:46.921 D/RegisteredAidCache( 3883): Exact AID, resolving.
04-27 15:59:46.921 D/RegisteredAidCache( 3883): resolveAidLocked: (Ignoring handling service ComponentInfo{com.eg.android.AlipayGphone/com.alipay.android.phone.offlinepay.nfc.CardService} because it's not the payment default.)
04-27 15:59:46.921 D/RegisteredAidCache( 3883): resolveAidLocked: DECISION: routing to all matching services
04-27 15:59:46.921 D/RegisteredAidCache( 3883): AIDs: [B06937896756002478] were resolved.
04-27 15:59:46.921 D/RegisteredAidCache( 3883): generateAidCacheLocked: starting with aid F123456789
04-27 15:59:46.921 D/RegisteredAidCache( 3883): Exact AID, resolving.
04-27 15:59:46.921 D/RegisteredAidCache( 3883): resolveAidLocked: DECISION: routing to payment default default ApduService: ComponentInfo{com.tencent.mm/com.tencent.mm.plugin.appbrand.jsapi.nfc.hce.HCEService}, description: , Static AID Groups: Category: payment, AIDs:F123456789, , Dynamic AID Groups: 
04-27 15:59:46.921 D/RegisteredAidCache( 3883): AIDs: [F123456789] were resolved.
04-27 15:59:46.921 D/RegisteredAidCache( 3883): Exact or Prefix AID.F123456789
04-27 15:59:46.921 D/RegisteredAidCache( 3883): AIDs: [F123456789] were resolved.
04-27 15:59:46.921 D/RegisteredAidCache( 3883): Exact or Prefix AID.B06937896756002478
04-27 15:59:46.921 D/RegisteredAidCache( 3883): AIDs: [B06937896756002478] were resolved.
04-27 15:59:46.921 D/RegisteredAidCache( 3883): Not updating routing table because NFC is off.
04-27 15:59:46.921 D/RegisteredServicesCache( 3883): ApduService: ComponentInfo{com.alibaba.wireless/com.alibaba.ariver.commonability.device.jsapi.nfc.service.TinyAppHostApduService}, description: , Static AID Groups: , Dynamic AID Groups: 
04-27 15:59:46.921 D/RegisteredServicesCache( 3883): ApduService: ComponentInfo{com.eg.android.AlipayGphone/com.alipay.android.phone.offlinepay.nfc.CardService}, description: , Static AID Groups: Category: payment, AIDs:B06937896756002478, , Dynamic AID Groups: 
04-27 15:59:46.922 D/RegisteredServicesCache( 3883): ApduService: ComponentInfo{com.eg.android.AlipayGphone/com.alibaba.ariver.commonability.device.jsapi.nfc.service.TinyAppHostApduService}, description: (Alipay) NFC, Static AID Groups: , Dynamic AID Groups: 
04-27 15:59:46.922 D/RegisteredServicesCache( 3883): ApduService: ComponentInfo{com.eg.android.AlipayGphone/com.alipay.mobile.aompdevice.nfc.service.TinyAppHostApduService}, description: (Alipay) NFC, Static AID Groups: , Dynamic AID Groups: 
04-27 15:59:46.922 D/RegisteredServicesCache( 3883): ApduService: ComponentInfo{com.taobao.idlefish/com.alibaba.ariver.commonability.device.jsapi.nfc.service.TinyAppHostApduService}, description: , Static AID Groups: , Dynamic AID Groups: 
04-27 15:59:46.922 D/RegisteredServicesCache( 3883): ApduService: ComponentInfo{com.tencent.mm/com.tencent.mm.plugin.appbrand.jsapi.nfc.hce.HCEService}, description: , Static AID Groups: Category: payment, AIDs:F123456789, , Dynamic AID Groups: 
04-27 15:59:46.922 I/Finsky  ( 1040): [2] rtw.a(19): PackageMonitor - Received: android.intent.action.PACKAGE_ADDED, [11pPut60BeQpi1U66Ef5688PSdn_YpxTPxeZiA18Z_0]
04-27 15:59:46.923 I/Finsky  ( 1040): [2] ruz.d(9): Invalidating cached PackageState for com.ideashower.readitlater.pro
04-27 15:59:46.923 D/RegisteredNfcFServicesCache( 3883): Service unchanged, not updating
04-27 15:59:46.925 I/Finsky  ( 1040): [9699] lmp.run(16): Wrote row to frosting DB: 824
04-27 15:59:46.926 I/Finsky  ( 1040): [2] rtw.a(23): PackageMonitor - Deduping intent android.intent.action.PACKAGE_ADDED
04-27 15:59:46.927 I/Finsky  ( 1040): [2] nei.c(4): IT: Successful install of com.ideashower.readitlater.pro (isid: HOFAuGYITuqaZ7Eezk_fAg)
04-27 15:59:46.938 I/Finsky  ( 1040): [2] lmt.c(2): Frosting ID looked up on UI thread. Caller should move to a background thread.
04-27 15:59:46.942 I/Finsky  ( 1040): [2] neq.a(120): IT: com.ideashower.readitlater.pro to state 70
04-27 15:59:46.943 I/Finsky  ( 1040): [2] ruz.d(9): Invalidating cached PackageState for com.ideashower.readitlater.pro
04-27 15:59:46.944 I/Finsky  ( 1040): [2] lmt.c(2): Frosting ID looked up on UI thread. Caller should move to a background thread.
04-27 15:59:46.951 I/Finsky  ( 1040): [2] neq.d(26): IT: Cleaning up task: com.ideashower.readitlater.pro
04-27 15:59:46.964 I/Finsky  ( 1040): [2] nbw.a(190): Installer: Notifying status update. package=com.ideashower.readitlater.pro, status=INSTALLED
04-27 15:59:46.996 W/Looper  ( 1693): Slow dispatch took 162ms main h=android.app.ActivityThread$H c=android.app.-$$Lambda$LoadedApk$ReceiverDispatcher$Args$_BumDX2UKsnxLVrE6UJsJZkotuA@e302d52 m=0
04-27 15:59:47.014 I/chatty  ( 1693): uid=1000(system) android.bg expire 7 lines
04-27 15:59:47.028 W/TextServicesManagerService( 1693): no available spell checker services found
04-27 15:59:47.050 I/Telecom ( 1693): DefaultDialerCache: Refreshing default dialer for user 0: now com.android.contacts: DDC.oR@Icc
04-27 15:59:47.091 I/Auth    (23325): [SupervisedAccountIntentOperation] onHandleIntent(): android.intent.action.PACKAGE_ADDED
04-27 15:59:47.102 I/Auth    (23325): [SupervisedAccountIntentOperation] This operation is disabled
04-27 15:59:47.104 D/AutofillUI( 1693): destroySaveUiUiThread(): already destroyed
04-27 15:59:47.104 I/ChromeSync(23325): [Sync,SyncIntentOperation] Handling the intent: Intent { act=android.intent.action.PACKAGE_ADDED dat=package:com.ideashower.readitlater.pro flg=0x4000010 cmp=com.google.android.gms/.chimera.GmsIntentOperationService (has extras) }.
04-27 15:59:47.105 D/AutofillManagerServiceImpl( 1693): Set component for user 0 as AutofillServiceInfo[ServiceInfo{8046f10 com.miui.contentcatcher.autofill.services.MiuiAutofillService}, settings:com.miui.contentcatcher.autofill.activitys.AutofillSettingActivity, hasCompatPckgs:false]
04-27 15:59:47.106 W/GeofenceProxy( 1693): Odd, no component found for service com.android.location.service.GeofenceProvider
04-27 15:59:47.106 W/ActivityRecognitionProxy( 1693): Odd, no component found for service com.android.location.service.ActivityRecognitionProvider
04-27 15:59:47.107 D/Launcher.Model( 2641): LauncherAppsCallback onPackageChanged|com.ideashower.readitlater.pro|UserHandle{0}
04-27 15:59:47.107 D/Launcher.Model( 2641): Got broadcast:Intent { act=android.intent.action.PACKAGE_CHANGED dat=package:com.ideashower.readitlater.pro (has extras) }
04-27 15:59:47.111 I/Launcher.ScreenUtils( 2641): searching DB find item 624 intent: #Intent;action=android.intent.action.MAIN;category=android.intent.category.LAUNCHER;launchFlags=0x10200000;component=com.ideashower.readitlater.pro/com.ideashower.readitlater.activity.AppCacheCheckActivity;end serialNumber: 0
04-27 15:59:47.123 D/Launcher.AllAppsList( 2641): Loaded activity com.ideashower.readitlater.activity.AppCacheCheckActivity at (0, 0) of screen 3 under container -100
04-27 15:59:47.129 D/MarketManager( 2641): isFirstBoot: false
04-27 15:59:47.129 D/Launcher.Model( 2641): onReceiveBackground, mAllAppsList=add=[(0, ShortcutInfo, id=624, itemType=0, user=UserHandle{0}, mIconType=0, mTitle=Pocket, mLabel=Pocket, pkgName=com.ideashower.readitlater.pro, className=com.ideashower.readitlater.activity.AppCacheCheckActivity, screenId=3, container=-100, cellX=0, cellY=0, spanX=1, spanY=1, isLandscapePos=false)] remove=[(0, packageName=com.ideashower.readitlater.pro, user=UserHandle{0})]
04-27 15:59:47.130 D/Launcher( 2641): remove icon when bind apps removed:ShortcutInfo, id=624, itemType=0, user=UserHandle{0}, mIconType=0, mTitle=Pocket, mLabel=Pocket, pkgName=com.ideashower.readitlater.pro, className=com.ideashower.readitlater.activity.AppCacheCheckActivity, screenId=3, container=-100, cellX=0, cellY=0, spanX=1, spanY=1, isLandscapePos=false
04-27 15:59:47.132 D/Launcher( 2641): removeShortcutIcon, remove icon from CellLayout, info=ShortcutInfo, id=624, itemType=0, user=UserHandle{0}, mIconType=0, mTitle=Pocket, mLabel=Pocket, pkgName=com.ideashower.readitlater.pro, className=com.ideashower.readitlater.activity.AppCacheCheckActivity, screenId=3, container=-100, cellX=0, cellY=0, spanX=1, spanY=1, isLandscapePos=false
04-27 15:59:47.132 D/Launcher.CellLayout( 2641): remove icon for ShortcutInfo, id=624, itemType=0, user=UserHandle{0}, mIconType=0, mTitle=Pocket, mLabel=Pocket, pkgName=com.ideashower.readitlater.pro, className=com.ideashower.readitlater.activity.AppCacheCheckActivity, screenId=3, container=-100, cellX=0, cellY=0, spanX=1, spanY=1, isLandscapePos=false
04-27 15:59:47.132 D/Launcher.CellLayout( 2641): updateCellOccupiedMarks, remove, ShortcutInfo, id=624, itemType=0, user=UserHandle{0}, mIconType=0, mTitle=Pocket, mLabel=Pocket, pkgName=com.ideashower.readitlater.pro, className=com.ideashower.readitlater.activity.AppCacheCheckActivity, screenId=3, container=-100, cellX=0, cellY=0, spanX=1, spanY=1, isLandscapePos=false
04-27 15:59:47.132 D/EventBus( 2641): No subscribers registered for event class com.miui.home.launcher.common.messages.CellLayoutMessage
04-27 15:59:47.132 D/EventBus( 2641): No subscribers registered for event class org.greenrobot.eventbus.NoSubscriberEvent
04-27 15:59:47.133 D/Launcher.ShortcutInfo( 2641): onReplaced, old=ShortcutInfo, id=624, itemType=0, user=UserHandle{0}, mIconType=0, mTitle=Pocket, mLabel=Pocket, pkgName=com.ideashower.readitlater.pro, className=com.ideashower.readitlater.activity.AppCacheCheckActivity, screenId=3, container=-100, cellX=0, cellY=0, spanX=1, spanY=1, isLandscapePos=false
04-27 15:59:47.133 D/Launcher.ShortcutInfo( 2641): onReplaced, new=ShortcutInfo, id=624, itemType=0, user=UserHandle{0}, mIconType=0, mTitle=Pocket, mLabel=Pocket, pkgName=com.ideashower.readitlater.pro, className=com.ideashower.readitlater.activity.AppCacheCheckActivity, screenId=3, container=-100, cellX=0, cellY=0, spanX=1, spanY=1, isLandscapePos=false
04-27 15:59:47.134 I/ActivityThread(23325): com.google.android.gsf.gservices acquiringCount 2
04-27 15:59:47.140 I/chatty  ( 1693): uid=1000(system) Binder:1693_A expire 10 lines
04-27 15:59:47.142 D/PerfShielderService( 1693): com.miui.home|com.miui.home/com.miui.home.launcher.Launcher|320|561607394645871|196|0|3
04-27 15:59:47.142 W/Looper  ( 1693): Drained
04-27 15:59:47.145 W/MiuiPerfServiceClient( 3850): interceptAndQueuing:2641|com.miui.home|320|196|unknown|null|com.miui.home/com.miui.home.launcher.Launcher|561607394645871|Slow main thread|3
04-27 15:59:47.156 D/Launcher( 2641): add item to launcher when bind apps added, info=ShortcutInfo, id=624, itemType=0, user=UserHandle{0}, mIconType=0, mTitle=Pocket, mLabel=Pocket, pkgName=com.ideashower.readitlater.pro, className=com.ideashower.readitlater.activity.AppCacheCheckActivity, screenId=3, container=-100, cellX=0, cellY=0, spanX=1, spanY=1, isLandscapePos=false
04-27 15:59:47.160 I/Finsky  ( 1040): [2] neq.a(120): IT: com.ideashower.readitlater.pro to state 80
04-27 15:59:47.160 D/TypefaceUtils( 2641): getProperWeight, fontNames = [mipro], style = 1, idx = 4, weight = 500
04-27 15:59:47.160 I/Finsky  ( 1040): [2] nbw.b(18): Installer: stopping tracking of task: com.ideashower.readitlater.pro
04-27 15:59:47.163 D/Launcher.CellLayout( 2641): updateCellOccupiedMarks, update, ShortcutInfo, id=624, itemType=0, user=UserHandle{0}, mIconType=0, mTitle=Pocket, mLabel=Pocket, pkgName=com.ideashower.readitlater.pro, className=com.ideashower.readitlater.activity.AppCacheCheckActivity, screenId=3, container=-100, cellX=0, cellY=0, spanX=1, spanY=1, isLandscapePos=false
04-27 15:59:47.164 D/EventBus( 2641): No subscribers registered for event class com.miui.home.launcher.common.messages.CellLayoutMessage
04-27 15:59:47.164 D/EventBus( 2641): No subscribers registered for event class org.greenrobot.eventbus.NoSubscriberEvent
04-27 15:59:47.165 I/Finsky  ( 1040): [9670] aaqz.call(3): No update discovered for com.ideashower.readitlater.pro
04-27 15:59:47.179 I/Finsky  ( 1040): [2] rtw.a(19): PackageMonitor - Received: android.intent.action.PACKAGE_REMOVED, [11pPut60BeQpi1U66Ef5688PSdn_YpxTPxeZiA18Z_0]
04-27 15:59:47.180 I/Finsky  ( 1040): [2] ruz.d(9): Invalidating cached PackageState for com.ideashower.readitlater.pro
04-27 15:59:47.207 I/Telescope(32687): [memory] memoryRecord.dalvikPss:|4|memoryRecord.nativePss:|10|memoryRecord.totalPss:|44
04-27 15:59:47.208 V/SuperLog-native(32687): appendBytesBody byte array
04-27 15:59:47.210 I/Finsky  ( 1040): [2] lmt.c(2): Frosting ID looked up on UI thread. Caller should move to a background thread.
04-27 15:59:47.211 D/IconCustomizer( 2641): Content Ratio = -1.0
04-27 15:59:47.213 D/IconCustomizer( 2641): Generate customized icon for com.ideashower.readitlater.pro.png
04-27 15:59:47.219 I/Finsky  ( 1040): [2] nbw.b(5): Installer: package com.ideashower.readitlater.pro was removed. replacing: true
04-27 15:59:47.222 I/Finsky  ( 1040): [2] nbw.a(190): Installer: Notifying status update. package=com.ideashower.readitlater.pro, status=UNINSTALLED
04-27 15:59:47.226 I/chatty  ( 1693): uid=1000(system) Binder:1693_E expire 16 lines
04-27 15:59:47.231 I/Finsky  ( 1040): [2] nbw.a(214): Installer: found apps to install. isMultiUserMode=false, apps=[]
04-27 15:59:47.232 I/Finsky  ( 1040): [9699] lmp.run(16): Wrote row to frosting DB: 825
04-27 15:59:47.235 I/Finsky  ( 1040): [2] nbw.a(214): Installer: found apps to install. isMultiUserMode=false, apps=[]
04-27 15:59:47.237 I/Finsky  ( 1040): [9702] erx.a(3): Cancelled 0 ongoing asset module downloads for package com.ideashower.readitlater.pro due to a concurrent app update.
04-27 15:59:47.237 I/Finsky  ( 1040): [9707] nol.b(41): IQ: Notifying installation update. package=com.ideashower.readitlater.pro, status=INSTALLED
04-27 15:59:47.250 W/BroadcastQueue( 1693): Background execution not allowed: receiving Intent { act=android.intent.action.PACKAGE_ADDED dat=package:com.ideashower.readitlater.pro flg=0x4000010 (has extras) } to com.lbe.security.miui/com.lbe.security.service.BootReceiver
04-27 15:59:47.252 W/BroadcastQueue( 1693): Background execution not allowed: receiving Intent { act=android.intent.action.PACKAGE_ADDED dat=package:com.ideashower.readitlater.pro flg=0x4000010 (has extras) } to com.android.providers.downloads/.receiver.ApplicationInstallReceiver
04-27 15:59:47.253 W/BroadcastQueue( 1693): Background execution not allowed: receiving Intent { act=android.intent.action.PACKAGE_ADDED dat=package:com.ideashower.readitlater.pro flg=0x4000010 (has extras) } to com.android.settings/.search.provider.UpdateReceiver
04-27 15:59:47.253 W/BroadcastQueue( 1693): Background execution not allowed: receiving Intent { act=android.intent.action.PACKAGE_ADDED dat=package:com.ideashower.readitlater.pro flg=0x4000010 (has extras) } to com.miui.audioeffect/com.android.musicfx.Compatibility$Receiver
04-27 15:59:47.253 W/BroadcastQueue( 1693): Background execution not allowed: receiving Intent { act=android.intent.action.PACKAGE_ADDED dat=package:com.ideashower.readitlater.pro flg=0x4000010 (has extras) } to com.xiaomi.gamecenter/.broadcast.receiver.AppReceiver
04-27 15:59:47.253 W/BroadcastQueue( 1693): Background execution not allowed: receiving Intent { act=android.intent.action.PACKAGE_ADDED dat=package:com.ideashower.readitlater.pro flg=0x4000010 (has extras) } to com.xiaomi.gamecenter/.service.GlobalReceiver
04-27 15:59:47.253 W/BroadcastQueue( 1693): Background execution not allowed: receiving Intent { act=android.intent.action.PACKAGE_ADDED dat=package:com.ideashower.readitlater.pro flg=0x4000010 (has extras) } to com.xiaomi.market/.data.MyPackageMonitor
04-27 15:59:47.253 W/BroadcastQueue( 1693): Background execution not allowed: receiving Intent { act=android.intent.action.PACKAGE_ADDED dat=package:com.ideashower.readitlater.pro flg=0x4000010 (has extras) } to com.xiaomi.misettings/.usagestats.AppTimerReceiver
04-27 15:59:47.253 W/BroadcastQueue( 1693): Background execution not allowed: receiving Intent { act=android.intent.action.PACKAGE_ADDED dat=package:com.ideashower.readitlater.pro flg=0x4000010 (has extras) } to com.xiaomi.providers.appindex/.PackageChangeReceiver
04-27 15:59:47.254 W/BroadcastQueue( 1693): Background execution not allowed: receiving Intent { act=android.intent.action.PACKAGE_ADDED dat=package:com.ideashower.readitlater.pro flg=0x4000010 (has extras) } to com.alibaba.wireless/com.huawei.android.pushagent.PushEventReceiver
04-27 15:59:47.254 W/BroadcastQueue( 1693): Background execution not allowed: receiving Intent { act=android.intent.action.PACKAGE_ADDED dat=package:com.ideashower.readitlater.pro flg=0x4000010 (has extras) } to com.android.vending/com.google.android.finsky.packagemanager.impl.PackageMonitorReceiverImpl$RegisteredReceiver
04-27 15:59:47.254 W/BroadcastQueue( 1693): Background execution not allowed: receiving Intent { act=android.intent.action.PACKAGE_ADDED dat=package:com.ideashower.readitlater.pro flg=0x4000010 (has extras) } to com.facebook.katana/com.facebook.feed.platformads.AppInstallReceiver
04-27 15:59:47.254 W/BroadcastQueue( 1693): Background execution not allowed: receiving Intent { act=android.intent.action.PACKAGE_ADDED dat=package:com.ideashower.readitlater.pro flg=0x4000010 (has extras) } to com.facebook.katana/com.facebook.games.packagecontroller.PackageChangeReceiver
04-27 15:59:47.254 W/BroadcastQueue( 1693): Background execution not allowed: receiving Intent { act=android.intent.action.PACKAGE_ADDED dat=package:com.ideashower.readitlater.pro flg=0x4000010 (has extras) } to com.google.android.gms/.games.chimera.GamesSystemBroadcastReceiverProxy
04-27 15:59:47.254 W/BroadcastQueue( 1693): Background execution not allowed: receiving Intent { act=android.intent.action.PACKAGE_ADDED dat=package:com.ideashower.readitlater.pro flg=0x4000010 (has extras) } to com.google.android.gms/.gass.chimera.PackageChangeBroadcastReceiver
04-27 15:59:47.254 W/BroadcastQueue( 1693): Background execution not allowed: receiving Intent { act=android.intent.action.PACKAGE_ADDED dat=package:com.ideashower.readitlater.pro flg=0x4000010 (has extras) } to com.google.android.gms/.chimera.GmsIntentOperationService$PersistentTrustedReceiver
04-27 15:59:47.254 W/BroadcastQueue( 1693): Background execution not allowed: receiving Intent { act=android.intent.action.PACKAGE_ADDED dat=package:com.ideashower.readitlater.pro flg=0x4000010 (has extras) } to com.ss.android.article.news/com.ss.android.newmedia.sec.HotsoonReceiverWrap
04-27 15:59:47.254 W/BroadcastQueue( 1693): Background execution not allowed: receiving Intent { act=android.intent.action.PACKAGE_ADDED dat=package:com.ideashower.readitlater.pro flg=0x4000010 (has extras) } to com.ss.android.article.news/com.ss.android.downloadlib.core.download.DownloadReceiver
04-27 15:59:47.255 W/BroadcastQueue( 1693): Background execution not allowed: receiving Intent { act=android.intent.action.PACKAGE_ADDED dat=package:com.ideashower.readitlater.pro flg=0x4000010 (has extras) } to com.ss.android.article.news/com.huawei.android.pushagent.PushEventReceiver
04-27 15:59:47.255 W/BroadcastQueue( 1693): Background execution not allowed: receiving Intent { act=android.intent.action.PACKAGE_ADDED dat=package:com.ideashower.readitlater.pro flg=0x4000010 (has extras) } to com.ss.android.article.news/com.ss.android.message.MessageReceiver
04-27 15:59:47.255 W/BroadcastQueue( 1693): Background execution not allowed: receiving Intent { act=android.intent.action.PACKAGE_ADDED dat=package:com.ideashower.readitlater.pro flg=0x4000010 (has extras) } to video.vue.android/cn.jpush.android.service.PushReceiver
04-27 15:59:47.262 I/Finsky  ( 1040): [9707] nol.b(27): IQ: No matching installs to run for jobs: []
04-27 15:59:47.267 D/Boost   ( 1693): hostingType=broadcast, hostingName=com.miui.cloudservice/.finddevice.FindDeviceGuideNotificationReceiver, callerPackage=com.xiaomi.finddevice, isSystem=true, isBoostNeeded=false.
04-27 15:59:47.272 I/ActivityManager( 1693): Start proc 2509:com.miui.cloudservice/u0a59 for broadcast com.miui.cloudservice/.finddevice.FindDeviceGuideNotificationReceiver caller=com.xiaomi.finddevice
04-27 15:59:47.273 I/Finsky  ( 1040): [9707] nol.b(41): IQ: Notifying installation update. package=com.ideashower.readitlater.pro, status=UNINSTALLED
04-27 15:59:47.290 I/chatty  ( 1693): uid=1000(system) Binder:1693_B expire 9 lines
04-27 15:59:47.293 I/Finsky  ( 1040): [9707] nol.b(27): IQ: No matching installs to run for jobs: []
04-27 15:59:47.297 I/Finsky  ( 1040): [2] mwu.a(4): previousAllInstallsDone is true, allInstallationsDone is true
04-27 15:59:47.297 I/Finsky  ( 1040): [2] mwu.a(6): Updating installations status false cross profiles
04-27 15:59:47.297 I/Finsky  ( 1040): [2] gzj.a(1): Binding for 262504890
04-27 15:59:47.297 I/Finsky  ( 1040): [2] gzj.a(3): Skipping binding because it's already bound.
04-27 15:59:47.302 I/Finsky  ( 1040): [2] gzd.b(15): User UserHandle{0} is not in installation anymore, removing profile.
04-27 15:59:47.302 I/Finsky  ( 1040): [2] gzd.b(23): Notifying user UserHandle{0} that all installs are finished
04-27 15:59:47.303 I/Finsky  ( 1040): [2] gzj.c(1): unbinding for 262504890
04-27 15:59:47.306 I/Finsky  ( 1040): [9709] gzd.b(5): Removing listener for user UserHandle{0} and listener 259668381
04-27 15:59:47.340 I/chatty  ( 1693): uid=1000(system) Binder:1693_18 expire 12 lines
04-27 15:59:47.367 I/ui.cloudservic( 2509): The ClassLoaderContext is a special shared library.
04-27 15:59:47.380 I/ownload_servic( 2405): ProcessProfilingInfo new_methods=0 is saved saved_to_disk=0 resolve_classes_delay=8000
04-27 15:59:47.392 I/Perf    ( 2509): Connecting to perf service.
04-27 15:59:47.416 I/Finsky  ( 1040): [9672] qwv.a(226): UpdateImportanceScores for packageName com.ideashower.readitlater.pro = UpdateImportanceScores{packageName=com.ideashower.readitlater.pro, updateUsefulnessScore=0.26894134, manualActionNeededScore=0.0, updateNotificationUserClickability=1.0, appUsageStats=packageName=com.ideashower.readitlater.pro, lastUsedTimestampMs=0, usageIntervalStartTimestampMs=1587522683419, usageIntervalEndTimestampMs=1587609083418, foregroundTimeMs=0, activeSubIntervals=0}
04-27 15:59:47.424 E/ui.cloudservic( 2509): Invalid ID 0x00000000.
04-27 15:59:47.430 D/miuisdk ( 2509): current sdk level is 17
04-27 15:59:47.430 I/miuisdk ( 2509): setup class hook.
04-27 15:59:47.430 D/        ( 2509): InitMiuiSdkHookClasses
04-27 15:59:47.431 I/        ( 2509): create_mem miui-classproxy page:0x7631063000, size:4096
04-27 15:59:47.431 I/        ( 2509): Jit enabled JitInlinerInsertMethod for jit inline
04-27 15:59:47.433 I/chatty  ( 2509): uid=10059(com.miui.micloudsync) com.miui.cloudservice identical 38 lines
04-27 15:59:47.433 I/        ( 2509): Jit enabled JitInlinerInsertMethod for jit inline
04-27 15:59:47.434 I/        ( 2509): Never hook EnableMethodTracing
04-27 15:59:47.434 I/        ( 2509): Never hook DisableMethodTracing
04-27 15:59:47.434 I/        ( 2509): sConfigureStubsHookFlag is 0x3, so we must hook ConfigureStubs for methodtracing
04-27 15:59:47.434 I/        ( 2509): Hook ConfigureStubs
04-27 15:59:47.435 I/        ( 2509): create_mem miui-classproxy page:0x7630df7000, size:4096
04-27 15:59:47.437 I/        ( 2509): HookArtPluginInitialize
04-27 15:59:47.444 E/ui.cloudservic( 2509): Invalid ID 0x00000000.
04-27 15:59:47.448 I/Icing   (23325): IndexChimeraService.getServiceInterface callingPackage=com.google.android.gms componentName=AppsCorpus serviceId=36
04-27 15:59:47.450 I/miuisdk ( 2509): loading module: com.miui.system
04-27 15:59:47.453 E/ui.cloudservic( 2509): Invalid ID 0x00000000.
04-27 15:59:47.461 E/ui.cloudservic( 2509): Invalid ID 0x00000000.
04-27 15:59:47.465 D/miuisdk ( 2509): process com.miui.system successful
04-27 15:59:47.465 I/miuisdk ( 2509): loading module: com.xiaomi.micloud.sdk
04-27 15:59:47.469 E/ui.cloudservic( 2509): Invalid ID 0x00000000.
04-27 15:59:47.474 E/ui.cloudservic( 2509): Invalid ID 0x00000000.
04-27 15:59:47.481 W/ui.cloudservic( 2509): ClassLoaderContext classpath size mismatch for position 0. expected=0, found=3 (PCL[] | PCL[/system/priv-app/RtMiCloudSDK/RtMiCloudSDK.apk*3442133318:/system/framework/org.apache.http.legacy.boot.jar*969600061:/system/app/CloudService/CloudService.apk*4092950653])
04-27 15:59:47.481 W/ui.cloudservic( 2509): Found duplicate classes, falling back to extracting from APK : /system/priv-app/RtMiCloudSDK/RtMiCloudSDK.apk
04-27 15:59:47.482 W/ui.cloudservic( 2509): NOTE: This wastes RAM and hurts startup performance.
04-27 15:59:47.482 W/ui.cloudservic( 2509): Found duplicated class when checking oat files: 'Lcom/xiaomi/accountsdk/activate/ActivateIntent;' in /system/priv-app/RtMiCloudSDK/RtMiCloudSDK.apk and /system/priv-app/RtMiCloudSDK/RtMiCloudSDK.apk
04-27 15:59:47.482 W/ui.cloudservic( 2509): 
04-27 15:59:47.491 D/miuisdk ( 2509): process com.xiaomi.micloud.sdk successful
04-27 15:59:47.491 D/miuisdk ( 2509): process modules finished
04-27 15:59:47.495 W/Icing   (23325): No valid account for uploading user actions
04-27 15:59:47.513 V/CloudApp( 2509): has telephony feature
04-27 15:59:47.562 V/xiaomi  ( 2509): [Thread:32133] sdk_version = 3_7_0
04-27 15:59:47.563 I/FindDeviceGPN( 2509): getLastNotificationState: NotificationState{count=7, lastTime=2019322 4:22:45}. 
04-27 15:59:47.576 I/Icing   (23325): IndexChimeraService.getServiceInterface callingPackage=com.google.android.gms componentName=null serviceId=30
04-27 15:59:47.594 I/##XLogger##( 2509): com.miui.cloudservice.sync.IntelligentSyncService::maybeScheduleIntelligentSyncJob@IntelligentSyncService.java:88, thread:2--IntelligentSyncService, Schedule an intelligent sync job.
04-27 15:59:47.601 W/ActivityManager( 1693): Background start not allowed: service Intent { cmp=com.miui.cloudservice/com.xiaomi.mipush.sdk.PushMessageHandler } to com.miui.cloudservice/com.xiaomi.mipush.sdk.PushMessageHandler from pid=2509 uid=10059 pkg=com.miui.cloudservice startFg?=false
04-27 15:59:47.602 V/xiaomi  ( 2509): [Thread:32133] Not allowed to start service Intent { cmp=com.miui.cloudservice/com.xiaomi.mipush.sdk.PushMessageHandler }: app is in background uid UidRecord{53a9207 u0a59 RCVR idle change:uncached procs:1 seq(0,0,0)}
04-27 15:59:47.602 I/##XLogger##( 2509): com.miui.cloudservice.sync.IntelligentSyncService::maybeScheduleIntelligentSyncJob@IntelligentSyncService.java:93, thread:2--IntelligentSyncService, There has been existing an intelligent job! Do not schedule again.
04-27 15:59:47.603 D/Boost   ( 1693): hostingType=service, hostingName=com.xiaomi.simactivate.service/com.xiaomi.activate.ActivateService, callerPackage=com.miui.cloudservice, isSystem=true, isBoostNeeded=false.
04-27 15:59:47.605 I/ActivityManager( 1693): Start proc 2583:com.xiaomi.simactivate.service/u0a113 for service com.xiaomi.simactivate.service/com.xiaomi.activate.ActivateService caller=com.miui.cloudservice
04-27 15:59:47.606 I/FindDeviceGNReceiver( 2509): Received miui.android.intent.action.PACKAGE_ADDED. 
04-27 15:59:47.609 W/PushService( 3940): 2020-04-27 15:59:47,609 - [WARN::PushService] - [Thread:2] onStart() with intent.Action = null, chid = null, pkg = null|com.miui.cloudservice, from-bridge = null
04-27 15:59:47.611 I/FindDeviceGNReceiver( 2509): isReplace: true, open: false. 
04-27 15:59:47.613 I/Finsky  ( 1040): [2] rtw.a(19): PackageMonitor - Received: android.intent.action.PACKAGE_ADDED, [11pPut60BeQpi1U66Ef5688PSdn_YpxTPxeZiA18Z_0]
04-27 15:59:47.613 I/Finsky  ( 1040): [2] ruz.d(9): Invalidating cached PackageState for com.ideashower.readitlater.pro
04-27 15:59:47.617 W/PushService( 3940): 2020-04-27 15:59:47,616 - [WARN::PushService] - [Thread:2] onStart() with intent.Action = null, chid = null, pkg = null|com.miui.cloudservice, from-bridge = null
04-27 15:59:47.617 I/Finsky  ( 1040): [2] addb.a(10): Do not start WearSupportService due to Wear service optimization
04-27 15:59:47.623 I/##XLogger##( 2509): com.miui.cloudservice.push.MiPushMessageReceiver::onCommandResult@MiPushMessageReceiver.java:55, thread:32141--onCommandResult is called, command: register, resultCode: 0, reason: null, category: null
04-27 15:59:47.627 I/Finsky  ( 1040): [2] lmt.c(2): Frosting ID looked up on UI thread. Caller should move to a background thread.
04-27 15:59:47.631 I/FindDeviceGPN( 2509): ns: NotificationState{count=7, lastTime=2019322 4:22:45}, open: false. 
04-27 15:59:47.633 W/BroadcastQueue( 1693): Background execution not allowed: receiving Intent { act=com.miui.action.appcompatibility.update flg=0x10 } to com.xiaomi.gamecenter/.service.AppCompatibilityReceiver
04-27 15:59:47.633 I/FindDeviceGPN( 2509): Delay: -2.777778E-7h. 
04-27 15:59:47.633 I/FindDeviceGPN( 2509): saveLastNotificationState: NotificationState{count=7, lastTime=2019322 4:22:45}. 
04-27 15:59:47.634 I/##XLogger##( 2509): com.miui.cloudservice.push.MiPushMessageReceiver::onCommandResult@MiPushMessageReceiver.java:113, thread:32141--register_success
04-27 15:59:47.634 V/xiaomi  ( 2509): [Thread:32141] ASSEMBLE_PUSH : assemble push register
04-27 15:59:47.637 W/BroadcastQueue( 1693): Background execution not allowed: receiving Intent { act=android.intent.action.PACKAGE_REPLACED dat=package:com.ideashower.readitlater.pro flg=0x4000010 (has extras) } to com.miui.audioeffect/com.android.musicfx.Compatibility$Receiver
04-27 15:59:47.637 W/BroadcastQueue( 1693): Background execution not allowed: receiving Intent { act=android.intent.action.PACKAGE_REPLACED dat=package:com.ideashower.readitlater.pro flg=0x4000010 (has extras) } to com.xiaomi.gamecenter/.broadcast.receiver.AppReceiver
04-27 15:59:47.637 W/BroadcastQueue( 1693): Background execution not allowed: receiving Intent { act=android.intent.action.PACKAGE_REPLACED dat=package:com.ideashower.readitlater.pro flg=0x4000010 (has extras) } to com.xiaomi.gamecenter/.service.GlobalReceiver
04-27 15:59:47.638 W/BroadcastQueue( 1693): Background execution not allowed: receiving Intent { act=android.intent.action.PACKAGE_REPLACED dat=package:com.ideashower.readitlater.pro flg=0x4000010 (has extras) } to com.facebook.katana/com.facebook.games.packagecontroller.PackageChangeReceiver
04-27 15:59:47.638 W/BroadcastQueue( 1693): Background execution not allowed: receiving Intent { act=android.intent.action.PACKAGE_REPLACED dat=package:com.ideashower.readitlater.pro flg=0x4000010 (has extras) } to com.google.android.gms/.gass.chimera.PackageChangeBroadcastReceiver
