04-27 15:21:54.054 W/ActivityManager( 1693): Background start not allowed: service Intent { act=com.google.android.chimera.container.NEW_MODULE_TIMEOUT cat=[targeted_intent_op_prefix:com.google.android.chimera.container.ConfigurationManager$IntentHandler] flg=0x4 cmp=com.google.android.gms/.chimera.GmsIntentOperationService (has extras) } to com.google.android.gms/.chimera.GmsIntentOperationService from pid=-1 uid=10381 pkg=com.google.android.gms startFg?=false
04-27 15:21:58.254 E/storaged(  912): getDiskStats failed with result NOT_SUPPORTED and size 0
04-27 15:22:58.256 E/storaged(  912): getDiskStats failed with result NOT_SUPPORTED and size 0
04-27 15:23:58.266 E/storaged(  912): getDiskStats failed with result NOT_SUPPORTED and size 0
04-27 15:24:58.267 E/storaged(  912): getDiskStats failed with result NOT_SUPPORTED and size 0
04-27 15:25:24.472 W/ActivityManager( 1693): Background start not allowed: service Intent { act=com.google.android.chimera.container.NEW_MODULE_TIMEOUT cat=[targeted_intent_op_prefix:com.google.android.chimera.container.ConfigurationManager$IntentHandler] flg=0x4 cmp=com.google.android.gms/.chimera.GmsIntentOperationService (has extras) } to com.google.android.gms/.chimera.GmsIntentOperationService from pid=-1 uid=10381 pkg=com.google.android.gms startFg?=false
04-27 15:25:58.755 E/storaged(  912): getDiskStats failed with result NOT_SUPPORTED and size 0
04-27 15:26:58.756 E/storaged(  912): getDiskStats failed with result NOT_SUPPORTED and size 0
04-27 15:27:58.759 E/storaged(  912): getDiskStats failed with result NOT_SUPPORTED and size 0
04-27 15:28:04.474 W/ActivityManager( 1693): Background start not allowed: service Intent { act=com.google.android.chimera.container.NEW_MODULE_TIMEOUT cat=[targeted_intent_op_prefix:com.google.android.chimera.container.ConfigurationManager$IntentHandler] flg=0x4 cmp=com.google.android.gms/.chimera.GmsIntentOperationService (has extras) } to com.google.android.gms/.chimera.GmsIntentOperationService from pid=-1 uid=10381 pkg=com.google.android.gms startFg?=false
04-27 15:28:32.397 D/ConnectivityService( 1693): Returning BLOCKED NetworkInfo to uid=10072
04-27 15:28:56.293 W/BroadcastQueue( 1693): Background execution not allowed: receiving Intent { act=android.intent.action.DROPBOX_ENTRY_ADDED flg=0x10 (has extras) } to com.google.android.gms/.stats.service.DropBoxEntryAddedReceiver
04-27 15:28:56.293 W/BroadcastQueue( 1693): Background execution not allowed: receiving Intent { act=android.intent.action.DROPBOX_ENTRY_ADDED flg=0x10 (has extras) } to com.google.android.gms/.chimera.GmsIntentOperationService$PersistentTrustedReceiver
04-27 15:28:56.484 W/BroadcastQueue( 1693): Background execution not allowed: receiving Intent { act=android.intent.action.DROPBOX_ENTRY_ADDED flg=0x10 (has extras) } to com.google.android.gms/.stats.service.DropBoxEntryAddedReceiver
04-27 15:28:56.484 W/BroadcastQueue( 1693): Background execution not allowed: receiving Intent { act=android.intent.action.DROPBOX_ENTRY_ADDED flg=0x10 (has extras) } to com.google.android.gms/.chimera.GmsIntentOperationService$PersistentTrustedReceiver
04-27 15:28:56.722 W/BroadcastQueue( 1693): Background execution not allowed: receiving Intent { act=android.intent.action.DROPBOX_ENTRY_ADDED flg=0x10 (has extras) } to com.google.android.gms/.stats.service.DropBoxEntryAddedReceiver
04-27 15:28:56.723 W/BroadcastQueue( 1693): Background execution not allowed: receiving Intent { act=android.intent.action.DROPBOX_ENTRY_ADDED flg=0x10 (has extras) } to com.google.android.gms/.chimera.GmsIntentOperationService$PersistentTrustedReceiver
04-27 15:28:58.763 E/storaged(  912): getDiskStats failed with result NOT_SUPPORTED and size 0
04-27 15:29:42.262 I/UsageStatsService( 1693): User[0] Flushing usage stats to disk
04-27 15:29:48.563 I/TelecomFramework( 2626): PstnIncomingCallNotifier: Unregistering: slot 1, Handler (com.qualcomm.qti.internal.telephony.QtiGsmCdmaPhone) {63a8a1a}
04-27 15:29:48.565 I/TelecomFramework( 2626): TelecomAccountRegistry: setupAccounts, Phone with subscription id: 2147483643 slotId: 0 provisionStatus: -2
04-27 15:29:48.567 I/TelecomFramework( 2626): TelecomAccountRegistry: setupAccounts, Phone with subscription id: 3 slotId: 1 provisionStatus: 1
04-27 15:29:48.590 I/Telecom ( 1693): PhoneAccountRegistrar: Modify account: [ComponentInfo{com.android.phone/com.android.services.telephony.TelephonyConnectionService}, ***, UserHandle{0}]: TSI.rPA@IbY
04-27 15:29:48.596 I/TelecomFramework( 2626): AccountEntry: Registered phoneAccount: [[ ] PhoneAccount: ComponentInfo{com.android.phone/com.android.services.telephony.TelephonyConnectionService}, ***, UserHandle{0} Capabilities: SuppVideo CallProvider MultiUser PlaceEmerg SimSub  Audio Routes: BESW Schemes: tel voicemail  Extras: Bundle[{android.telecom.extra.SUPPORTS_VIDEO_CALLING_FALLBACK=true, android.telecom.extra.SORT_ORDER=1}] GroupId: ***] with handle: ComponentInfo{com.android.phone/com.android.services.telephony.TelephonyConnectionService}, ***, UserHandle{0}
04-27 15:29:48.597 I/TelecomFramework( 2626): PstnIncomingCallNotifier: Registering: slot 1, Handler (com.qualcomm.qti.internal.telephony.QtiGsmCdmaPhone) {63a8a1a}
04-27 15:29:48.657 I/TelecomFramework( 2626): PstnPhoneCapabilitiesNotifier: handleVideoCapabilitesChanged. Video capability - false
04-27 15:29:48.679 I/Telecom ( 1693): PhoneAccountRegistrar: Modify account: [ComponentInfo{com.android.phone/com.android.services.telephony.TelephonyConnectionService}, ***, UserHandle{0}]: TSI.rPA@Ib8
04-27 15:29:58.765 E/storaged(  912): getDiskStats failed with result NOT_SUPPORTED and size 0
04-27 15:30:44.478 W/ActivityManager( 1693): Background start not allowed: service Intent { act=com.google.android.chimera.container.NEW_MODULE_TIMEOUT cat=[targeted_intent_op_prefix:com.google.android.chimera.container.ConfigurationManager$IntentHandler] flg=0x4 cmp=com.google.android.gms/.chimera.GmsIntentOperationService (has extras) } to com.google.android.gms/.chimera.GmsIntentOperationService from pid=-1 uid=10381 pkg=com.google.android.gms startFg?=false
04-27 15:30:57.560 D/LocationPolicy( 1693): [uid = 10724, op = 1] is blocked by location policy
04-27 15:30:57.570 D/LocationPolicy( 1693): [uid = 10724, op = 1] is blocked by location policy
04-27 15:30:57.579 D/LocationPolicy( 1693): [uid = 10724, op = 1] is blocked by location policy
04-27 15:30:57.835 W/AppOps  ( 1693): Bad call: specified package  under uid 10724 but it is really -1
04-27 15:30:57.835 W/AppOps  ( 1693): java.lang.RuntimeException: here
04-27 15:30:57.835 W/AppOps  ( 1693): 	at com.android.server.AppOpsService.getOpsRawLocked(AppOpsService.java:2113)
04-27 15:30:57.835 W/AppOps  ( 1693): 	at com.android.server.AppOpsService.noteOperationUnchecked(AppOpsService.java:1643)
04-27 15:30:57.835 W/AppOps  ( 1693): 	at com.android.server.AppOpsService.noteOperation(AppOpsService.java:1632)
04-27 15:30:57.835 W/AppOps  ( 1693): 	at com.android.internal.app.IAppOpsService$Stub.onTransact(IAppOpsService.java:69)
04-27 15:30:57.835 W/AppOps  ( 1693): 	at android.os.Binder.execTransact(Binder.java:726)
04-27 15:30:57.848 W/AppOps  ( 1693): Bad call: specified package  under uid 10724 but it is really -1
04-27 15:30:57.848 W/AppOps  ( 1693): java.lang.RuntimeException: here
04-27 15:30:57.848 W/AppOps  ( 1693): 	at com.android.server.AppOpsService.getOpsRawLocked(AppOpsService.java:2113)
04-27 15:30:57.848 W/AppOps  ( 1693): 	at com.android.server.AppOpsService.noteOperationUnchecked(AppOpsService.java:1643)
04-27 15:30:57.848 W/AppOps  ( 1693): 	at com.android.server.AppOpsService.noteOperation(AppOpsService.java:1632)
04-27 15:30:57.848 W/AppOps  ( 1693): 	at com.android.internal.app.IAppOpsService$Stub.onTransact(IAppOpsService.java:69)
04-27 15:30:57.848 W/AppOps  ( 1693): 	at android.os.Binder.execTransact(Binder.java:726)
04-27 15:30:58.767 E/storaged(  912): getDiskStats failed with result NOT_SUPPORTED and size 0
04-27 15:30:58.777 W/Looper  (21596): Slow Looper main: Long Msg: seq=19857 plan=15:30:57.482  late=0ms wall=1292ms running=0ms h=com.taobao.idlefish.lbs.FishLbsService$4 w=1
04-27 15:30:59.115 W/AppOps  ( 1693): Bad call: specified package  under uid 10724 but it is really -1
04-27 15:30:59.115 W/AppOps  ( 1693): java.lang.RuntimeException: here
04-27 15:30:59.115 W/AppOps  ( 1693): 	at com.android.server.AppOpsService.getOpsRawLocked(AppOpsService.java:2113)
04-27 15:30:59.115 W/AppOps  ( 1693): 	at com.android.server.AppOpsService.noteOperationUnchecked(AppOpsService.java:1643)
04-27 15:30:59.115 W/AppOps  ( 1693): 	at com.android.server.AppOpsService.noteOperation(AppOpsService.java:1632)
04-27 15:30:59.115 W/AppOps  ( 1693): 	at com.android.internal.app.IAppOpsService$Stub.onTransact(IAppOpsService.java:69)
04-27 15:30:59.115 W/AppOps  ( 1693): 	at android.os.Binder.execTransact(Binder.java:726)
04-27 15:30:59.130 W/AppOps  ( 1693): Bad call: specified package  under uid 10724 but it is really -1
04-27 15:30:59.130 W/AppOps  ( 1693): java.lang.RuntimeException: here
04-27 15:30:59.130 W/AppOps  ( 1693): 	at com.android.server.AppOpsService.getOpsRawLocked(AppOpsService.java:2113)
04-27 15:30:59.130 W/AppOps  ( 1693): 	at com.android.server.AppOpsService.noteOperationUnchecked(AppOpsService.java:1643)
04-27 15:30:59.130 W/AppOps  ( 1693): 	at com.android.server.AppOpsService.noteOperation(AppOpsService.java:1632)
04-27 15:30:59.130 W/AppOps  ( 1693): 	at com.android.internal.app.IAppOpsService$Stub.onTransact(IAppOpsService.java:69)
04-27 15:30:59.130 W/AppOps  ( 1693): 	at android.os.Binder.execTransact(Binder.java:726)
04-27 15:31:58.769 E/storaged(  912): getDiskStats failed with result NOT_SUPPORTED and size 0
04-27 15:32:58.771 E/storaged(  912): getDiskStats failed with result NOT_SUPPORTED and size 0
04-27 15:33:32.488 D/ConnectivityService( 1693): Returning UNBLOCKED NetworkInfo to uid=10072
04-27 15:33:52.421 D/AutomaticBrightnessControllerInjector( 1693): AmbientLux=64.18591, mAmbientDarkeningThreshold=16.046478, mAmbientBrighteningThreshold=128.37183, angle_xy2horizon=66.17713
04-27 15:33:52.421 D/AutomaticBrightnessController( 1693): updateAutoBrightness: mScreenAutoBrightness=868, newScreenAutoBrightness=688
04-27 15:33:52.428 V/SettingsProvider( 1693): Notifying for 0: content://settings/system/screen_brightness
04-27 15:33:52.429 V/BackupManagerConstants( 1693): getKeyValueBackupIntervalMilliseconds(...) returns 14400000
04-27 15:33:52.429 V/BackupManagerConstants( 1693): getKeyValueBackupFuzzMilliseconds(...) returns 600000
04-27 15:33:52.429 V/BackupManagerConstants( 1693): getKeyValueBackupRequiredNetworkType(...) returns 1
04-27 15:33:52.429 V/BackupManagerConstants( 1693): getKeyValueBackupRequireCharging(...) returns true
04-27 15:33:52.429 V/KeyValueBackupJob( 1693): Scheduling k/v pass in 246 minutes
04-27 15:33:53.479 W/ActivityManager( 1693): Unable to start service Intent { act=com.taobao.idlefish.debug.intent.action.COCKROACH flg=0x4 (has extras) } U=0: not found
04-27 15:33:53.481 W/ActivityManager( 1693): Background start not allowed: service Intent { act=com.google.android.chimera.container.NEW_MODULE_TIMEOUT cat=[targeted_intent_op_prefix:com.google.android.chimera.container.ConfigurationManager$IntentHandler] flg=0x4 cmp=com.google.android.gms/.chimera.GmsIntentOperationService (has extras) } to com.google.android.gms/.chimera.GmsIntentOperationService from pid=-1 uid=10381 pkg=com.google.android.gms startFg?=false
04-27 15:33:53.491 D/PowerManagerServiceInjector( 1693): wakeLock:[PARTIAL_WAKE_LOCK              '*alarm*' ACQ=0 (uid=1000 pid=1693 ws=WorkSource{10724})] is disabled by policy
04-27 15:33:58.772 E/storaged(  912): getDiskStats failed with result NOT_SUPPORTED and size 0
04-27 15:34:10.919 D/AutomaticBrightnessControllerInjector( 1693): AmbientLux=136.59053, mAmbientDarkeningThreshold=34.147633, mAmbientBrighteningThreshold=204.8858, angle_xy2horizon=66.625854
04-27 15:34:10.919 D/AutomaticBrightnessController( 1693): updateAutoBrightness: mScreenAutoBrightness=688, newScreenAutoBrightness=709
04-27 15:34:10.929 V/SettingsProvider( 1693): Notifying for 0: content://settings/system/screen_brightness
04-27 15:34:58.774 E/storaged(  912): getDiskStats failed with result NOT_SUPPORTED and size 0
04-27 15:35:58.776 E/storaged(  912): getDiskStats failed with result NOT_SUPPORTED and size 0
04-27 15:36:33.055 W/ActivityManager( 1693): Background start not allowed: service Intent { act=com.google.android.chimera.container.NEW_MODULE_TIMEOUT cat=[targeted_intent_op_prefix:com.google.android.chimera.container.ConfigurationManager$IntentHandler] flg=0x4 cmp=com.google.android.gms/.chimera.GmsIntentOperationService (has extras) } to com.google.android.gms/.chimera.GmsIntentOperationService from pid=-1 uid=10381 pkg=com.google.android.gms startFg?=false
04-27 15:36:58.351 E/storaged(  912): getDiskStats failed with result NOT_SUPPORTED and size 0
04-27 15:37:58.356 E/storaged(  912): getDiskStats failed with result NOT_SUPPORTED and size 0
04-27 15:38:58.358 E/storaged(  912): getDiskStats failed with result NOT_SUPPORTED and size 0
04-27 15:39:39.302 W/ActivityManager( 1693): Background start not allowed: service Intent { act=com.google.android.chimera.container.NEW_MODULE_TIMEOUT cat=[targeted_intent_op_prefix:com.google.android.chimera.container.ConfigurationManager$IntentHandler] flg=0x4 cmp=com.google.android.gms/.chimera.GmsIntentOperationService (has extras) } to com.google.android.gms/.chimera.GmsIntentOperationService from pid=-1 uid=10381 pkg=com.google.android.gms startFg?=false
04-27 15:39:39.314 I/ActivityManager( 1693): Idle maintenance over +30m0s32ms low RAM for 0
04-27 15:39:39.322 I/MountServiceIdlerInjector( 1693): sNextTrimDuration :  900000
04-27 15:39:58.361 E/storaged(  912): getDiskStats failed with result NOT_SUPPORTED and size 0
04-27 15:40:00.006 I/ActivityManager( 1693): Killing 17443:com.xiaomi.market/u0a81 (adj 906): empty for 1808s
04-27 15:40:00.126 V/UidProcStateHelper( 1693): process died:[17443,10081]
04-27 15:40:37.503 I/ActivityManager( 1693): Killing 11437:com.google.process.gapps/u0a381 (adj 906): empty for 1838s
04-27 15:40:37.531 V/UidProcStateHelper( 1693): process died:[11437,10381]
04-27 15:40:57.571 D/LocationPolicy( 1693): [uid = 10724, op = 1] is blocked by location policy
04-27 15:40:57.581 I/chatty  ( 1693): uid=1000(system) Binder:1693_1B identical 1 line
04-27 15:40:57.588 D/LocationPolicy( 1693): [uid = 10724, op = 1] is blocked by location policy
04-27 15:40:57.845 W/AppOps  ( 1693): Bad call: specified package  under uid 10724 but it is really -1
04-27 15:40:57.845 W/AppOps  ( 1693): java.lang.RuntimeException: here
04-27 15:40:57.845 W/AppOps  ( 1693): 	at com.android.server.AppOpsService.getOpsRawLocked(AppOpsService.java:2113)
04-27 15:40:57.845 W/AppOps  ( 1693): 	at com.android.server.AppOpsService.noteOperationUnchecked(AppOpsService.java:1643)
04-27 15:40:57.845 W/AppOps  ( 1693): 	at com.android.server.AppOpsService.noteOperation(AppOpsService.java:1632)
04-27 15:40:57.845 W/AppOps  ( 1693): 	at com.android.internal.app.IAppOpsService$Stub.onTransact(IAppOpsService.java:69)
04-27 15:40:57.845 W/AppOps  ( 1693): 	at android.os.Binder.execTransact(Binder.java:726)
04-27 15:40:57.858 W/AppOps  ( 1693): Bad call: specified package  under uid 10724 but it is really -1
04-27 15:40:57.858 W/AppOps  ( 1693): java.lang.RuntimeException: here
04-27 15:40:57.858 W/AppOps  ( 1693): 	at com.android.server.AppOpsService.getOpsRawLocked(AppOpsService.java:2113)
04-27 15:40:57.858 W/AppOps  ( 1693): 	at com.android.server.AppOpsService.noteOperationUnchecked(AppOpsService.java:1643)
04-27 15:40:57.858 W/AppOps  ( 1693): 	at com.android.server.AppOpsService.noteOperation(AppOpsService.java:1632)
04-27 15:40:57.858 W/AppOps  ( 1693): 	at com.android.internal.app.IAppOpsService$Stub.onTransact(IAppOpsService.java:69)
04-27 15:40:57.858 W/AppOps  ( 1693): 	at android.os.Binder.execTransact(Binder.java:726)
04-27 15:40:58.362 E/storaged(  912): getDiskStats failed with result NOT_SUPPORTED and size 0
04-27 15:40:59.178 W/Looper  (21596): Slow Looper main: Long Msg: seq=19870 plan=15:40:57.486  late=0ms wall=1688ms running=0ms h=com.taobao.idlefish.lbs.FishLbsService$4 w=1
04-27 15:40:59.532 W/AppOps  ( 1693): Bad call: specified package  under uid 10724 but it is really -1
04-27 15:40:59.532 W/AppOps  ( 1693): java.lang.RuntimeException: here
04-27 15:40:59.532 W/AppOps  ( 1693): 	at com.android.server.AppOpsService.getOpsRawLocked(AppOpsService.java:2113)
04-27 15:40:59.532 W/AppOps  ( 1693): 	at com.android.server.AppOpsService.noteOperationUnchecked(AppOpsService.java:1643)
04-27 15:40:59.532 W/AppOps  ( 1693): 	at com.android.server.AppOpsService.noteOperation(AppOpsService.java:1632)
04-27 15:40:59.532 W/AppOps  ( 1693): 	at com.android.internal.app.IAppOpsService$Stub.onTransact(IAppOpsService.java:69)
04-27 15:40:59.532 W/AppOps  ( 1693): 	at android.os.Binder.execTransact(Binder.java:726)
04-27 15:40:59.557 W/AppOps  ( 1693): Bad call: specified package  under uid 10724 but it is really -1
04-27 15:40:59.557 W/AppOps  ( 1693): java.lang.RuntimeException: here
04-27 15:40:59.557 W/AppOps  ( 1693): 	at com.android.server.AppOpsService.getOpsRawLocked(AppOpsService.java:2113)
04-27 15:40:59.557 W/AppOps  ( 1693): 	at com.android.server.AppOpsService.noteOperationUnchecked(AppOpsService.java:1643)
04-27 15:40:59.557 W/AppOps  ( 1693): 	at com.android.server.AppOpsService.noteOperation(AppOpsService.java:1632)
04-27 15:40:59.557 W/AppOps  ( 1693): 	at com.android.internal.app.IAppOpsService$Stub.onTransact(IAppOpsService.java:69)
04-27 15:40:59.557 W/AppOps  ( 1693): 	at android.os.Binder.execTransact(Binder.java:726)
04-27 15:41:58.363 E/storaged(  912): getDiskStats failed with result NOT_SUPPORTED and size 0
04-27 15:42:39.049 W/ActivityManager( 1693): Unable to start service Intent { act=com.alibaba.work.android.intent.action.COCKROACH flg=0x4 (has extras) } U=0: not found
04-27 15:42:39.050 D/PowerManagerServiceInjector( 1693): wakeLock:[PARTIAL_WAKE_LOCK              '*alarm*' (uid=1000 pid=1693 ws=WorkSource{10185})] is disabled by policy
04-27 15:42:39.060 W/ActivityManager( 1693): Background start not allowed: service Intent { act=com.google.android.chimera.container.NEW_MODULE_TIMEOUT cat=[targeted_intent_op_prefix:com.google.android.chimera.container.ConfigurationManager$IntentHandler] flg=0x4 cmp=com.google.android.gms/.chimera.GmsIntentOperationService (has extras) } to com.google.android.gms/.chimera.GmsIntentOperationService from pid=-1 uid=10381 pkg=com.google.android.gms startFg?=false
04-27 15:42:58.366 E/storaged(  912): getDiskStats failed with result NOT_SUPPORTED and size 0
04-27 15:43:27.451 W/Looper  ( 1693): Slow dispatch took 137ms android.fg h=android.os.Handler c=null m=613
04-27 15:43:32.161 D/ConnectivityService( 1693): Returning BLOCKED NetworkInfo to uid=10072
04-27 15:43:58.369 E/storaged(  912): getDiskStats failed with result NOT_SUPPORTED and size 0
04-27 15:44:58.381 E/storaged(  912): getDiskStats failed with result NOT_SUPPORTED and size 0
04-27 15:45:58.384 E/storaged(  912): getDiskStats failed with result NOT_SUPPORTED and size 0
04-27 15:46:29.649 W/ActivityManager( 1693): Background start not allowed: service Intent { act=com.google.android.chimera.container.NEW_MODULE_TIMEOUT cat=[targeted_intent_op_prefix:com.google.android.chimera.container.ConfigurationManager$IntentHandler] flg=0x4 cmp=com.google.android.gms/.chimera.GmsIntentOperationService (has extras) } to com.google.android.gms/.chimera.GmsIntentOperationService from pid=-1 uid=10381 pkg=com.google.android.gms startFg?=false
04-27 15:46:29.662 I/AutoStartManagerService( 1693): MIUILOG- Reject service :Intent { cmp=com.android.vending/com.google.android.finsky.scheduler.JobSchedulerEngine$PhoneskyJobSchedulerJobService } userId : 0 uid : 10652
04-27 15:46:29.673 I/JobServiceContext( 1693): MIUILOG- Reject Start Job, cancelJob uid : 10652 jobId :9006
04-27 15:46:29.673 D/JobScheduler( 1693): Error executing JobStatus{ac5f3c #u0a652/9006 com.android.vending/com.google.android.finsky.scheduler.JobSchedulerEngine$PhoneskyJobSchedulerJobService u=0 s=10652 TIME=-31ms:+11h59m59s969ms NET READY}
04-27 15:46:57.990 D/AutomaticBrightnessControllerInjector( 1693): AmbientLux=31.483152, mAmbientDarkeningThreshold=7.870788, mAmbientBrighteningThreshold=62.966305, angle_xy2horizon=67.19396
04-27 15:46:57.990 D/AutomaticBrightnessController( 1693): updateAutoBrightness: mScreenAutoBrightness=709, newScreenAutoBrightness=624
04-27 15:46:57.996 V/SettingsProvider( 1693): Notifying for 0: content://settings/system/screen_brightness
04-27 15:46:58.389 E/storaged(  912): getDiskStats failed with result NOT_SUPPORTED and size 0
04-27 15:47:02.492 D/AutomaticBrightnessControllerInjector( 1693): AmbientLux=84.02971, mAmbientDarkeningThreshold=21.007427, mAmbientBrighteningThreshold=168.05942, angle_xy2horizon=66.71612
04-27 15:47:02.492 D/AutomaticBrightnessController( 1693): updateAutoBrightness: mScreenAutoBrightness=624, newScreenAutoBrightness=688
04-27 15:47:02.498 V/SettingsProvider( 1693): Notifying for 0: content://settings/system/screen_brightness
04-27 15:47:54.239 F/libc    (22440): Fatal signal 11 (SIGSEGV), code 1 (SEGV_MAPERR), fault addr 0x6f0 in tid 22452 (Jit thread pool), pid 22440 (ao.com.fav_demo)
04-27 15:47:54.311 I/WindowManager( 1693): WIN DEATH: Window{6fe7700 u0 favdemo.taobao.com.fav_demo/favdemo.taobao.com.fav_demo.MainActivity}
04-27 15:47:54.311 I/ActivityManager( 1693): Process favdemo.taobao.com.fav_demo (pid 22440) has died: fore TOP 
04-27 15:47:54.312 W/ActivityManager( 1693): Force removing ActivityRecord{3a81d91 u0 favdemo.taobao.com.fav_demo/.MainActivity t5339}: app died, no saved state
04-27 15:47:54.312 V/UidProcStateHelper( 1693): process died:[22440,10725]
04-27 15:47:54.322 I/set_top_app( 1693): success /proc/2641/task/2641/top_app:1
04-27 15:47:54.322 I/set_top_app( 1693): success /proc/2641/task/3366/top_app:2
04-27 15:47:54.328 I/Timeline( 1693): Timeline: App_transition_ready time:560894788
04-27 15:47:54.330 I/Timeline( 1693): Timeline: App_transition_ready time:560894790
04-27 15:47:54.330 W/ActivityManager( 1693): setHasOverlayUi called on unknown pid: 22440
04-27 15:47:54.331 V/UidProcStateHelper( 1693): foreground changed:[2641,10024,true]
04-27 15:47:54.333 W/ActivityManager( 1693): Receiver with filter android.content.IntentFilter@c2b836 already registered for pid 5911, callerPackage is com.xiaomi.joyose
04-27 15:47:54.342 V/SettingsProvider( 1693): Notifying for 0: content://settings/secure/com.miui.newhome.preferences.key_tips_show_time
04-27 15:47:54.343 W/WallpaperManagerService( 1693): Cannot extract colors because wallpaper could not be read.
04-27 15:47:54.343 W/WallpaperManagerService( 1693): Cannot get theme colors because WallpaperColors is null.
04-27 15:47:54.345 I/Timeline( 1693): Timeline: App_transition_ready time:560894805
04-27 15:47:54.347 V/UiModeManager( 1693): switch night mode to 1
04-27 15:47:54.348 D/PowerKeeper.Sensor( 3075): setUidState, uid = 10725 allow = false
04-27 15:47:54.349 D/PowerKeeper.AppStandby( 3075): setUidState, uid = 10725 allow = false
04-27 15:47:54.352 I/Timeline( 1693): Timeline: App_transition_ready time:560894812
04-27 15:47:54.352 D/PowerKeeper.Sensor( 3075): setUidState, uid = 10725 allow = true
04-27 15:47:54.353 D/PowerKeeper.AppStandby( 3075): setUidState, uid = 10725 allow = true
04-27 15:47:54.362 I/Timeline( 1693): Timeline: App_transition_ready time:560894822
04-27 15:47:54.382 I/SplashScreenServiceDelegate( 1693): None for com.miui.home
04-27 15:47:54.384 I/Timeline( 1693): Timeline: App_transition_ready time:560894844
04-27 15:47:54.532 I/Timeline( 1693): Timeline: Activity_windows_visible id: ActivityRecord{8c8bb33 u0 com.miui.home/.launcher.Launcher t1} time:560894992
04-27 15:47:54.532 I/Timeline( 1693): Timeline: App_transition_stopped time:560894992
04-27 15:47:58.395 E/storaged(  912): getDiskStats failed with result NOT_SUPPORTED and size 0
04-27 15:48:32.197 D/ConnectivityService( 1693): Returning UNBLOCKED NetworkInfo to uid=10072
04-27 15:48:35.489 D/AutomaticBrightnessControllerInjector( 1693): AmbientLux=173.82729, mAmbientDarkeningThreshold=43.45682, mAmbientBrighteningThreshold=260.74094, angle_xy2horizon=66.71323
04-27 15:48:35.490 D/AutomaticBrightnessController( 1693): updateAutoBrightness: mScreenAutoBrightness=688, newScreenAutoBrightness=703
04-27 15:48:35.496 V/SettingsProvider( 1693): Notifying for 0: content://settings/system/screen_brightness
04-27 15:48:54.397 D/PowerKeeper.Location( 3075): setUidState, uid = 10725 allow = false
04-27 15:48:54.399 V/LocationPolicy( 1693): writePolicyLocked()
04-27 15:48:58.397 E/storaged(  912): getDiskStats failed with result NOT_SUPPORTED and size 0
04-27 15:49:14.116 W/ActivityManager( 1693): Background start not allowed: service Intent { act=com.google.android.chimera.container.NEW_MODULE_TIMEOUT cat=[targeted_intent_op_prefix:com.google.android.chimera.container.ConfigurationManager$IntentHandler] flg=0x4 cmp=com.google.android.gms/.chimera.GmsIntentOperationService (has extras) } to com.google.android.gms/.chimera.GmsIntentOperationService from pid=-1 uid=10381 pkg=com.google.android.gms startFg?=false
04-27 15:49:42.266 I/UsageStatsService( 1693): User[0] Flushing usage stats to disk
04-27 15:49:58.373 E/storaged(  912): getDiskStats failed with result NOT_SUPPORTED and size 0
04-27 15:50:54.416 D/PowerKeeper.Sensor( 3075): setUidState, uid = 10725 allow = false
04-27 15:50:54.418 D/PowerKeeper.AppStandby( 3075): setUidState, uid = 10725 allow = false
04-27 15:50:54.421 D/PowerKeeper.FrozenApp( 3075): setUidState, uid = 10725 allow = false
04-27 15:50:54.421 D/PowerKeeper.FrozenApp( 3075): >>> event = 18 >>> state = 2 uid 10725
04-27 15:50:54.426 D/PowerKeeper.FrozenApp( 3075): FrozenAPP, has no pids
04-27 15:50:54.426 D/PowerKeeper.FrozenApp( 3075): >>> event = 22 >>> state = 3 uid 10725
04-27 15:50:57.607 D/LocationPolicy( 1693): [uid = 10724, op = 1] is blocked by location policy
04-27 15:50:57.614 D/LocationPolicy( 1693): [uid = 10724, op = 1] is blocked by location policy
04-27 15:50:57.619 D/LocationPolicy( 1693): [uid = 10724, op = 1] is blocked by location policy
04-27 15:50:57.877 W/AppOps  ( 1693): Bad call: specified package  under uid 10724 but it is really -1
04-27 15:50:57.877 W/AppOps  ( 1693): java.lang.RuntimeException: here
04-27 15:50:57.877 W/AppOps  ( 1693): 	at com.android.server.AppOpsService.getOpsRawLocked(AppOpsService.java:2113)
04-27 15:50:57.877 W/AppOps  ( 1693): 	at com.android.server.AppOpsService.noteOperationUnchecked(AppOpsService.java:1643)
04-27 15:50:57.877 W/AppOps  ( 1693): 	at com.android.server.AppOpsService.noteOperation(AppOpsService.java:1632)
04-27 15:50:57.877 W/AppOps  ( 1693): 	at com.android.internal.app.IAppOpsService$Stub.onTransact(IAppOpsService.java:69)
04-27 15:50:57.877 W/AppOps  ( 1693): 	at android.os.Binder.execTransact(Binder.java:726)
04-27 15:50:57.891 W/AppOps  ( 1693): Bad call: specified package  under uid 10724 but it is really -1
04-27 15:50:57.891 W/AppOps  ( 1693): java.lang.RuntimeException: here
04-27 15:50:57.891 W/AppOps  ( 1693): 	at com.android.server.AppOpsService.getOpsRawLocked(AppOpsService.java:2113)
04-27 15:50:57.891 W/AppOps  ( 1693): 	at com.android.server.AppOpsService.noteOperationUnchecked(AppOpsService.java:1643)
04-27 15:50:57.891 W/AppOps  ( 1693): 	at com.android.server.AppOpsService.noteOperation(AppOpsService.java:1632)
04-27 15:50:57.891 W/AppOps  ( 1693): 	at com.android.internal.app.IAppOpsService$Stub.onTransact(IAppOpsService.java:69)
04-27 15:50:57.891 W/AppOps  ( 1693): 	at android.os.Binder.execTransact(Binder.java:726)
04-27 15:50:58.374 E/storaged(  912): getDiskStats failed with result NOT_SUPPORTED and size 0
04-27 15:50:58.828 W/Looper  (21596): Slow Looper main: Long Msg: seq=19879 plan=15:50:57.507  late=0ms wall=1316ms running=0ms h=com.taobao.idlefish.lbs.FishLbsService$4 w=1
04-27 15:50:59.124 W/AppOps  ( 1693): Bad call: specified package  under uid 10724 but it is really -1
04-27 15:50:59.124 W/AppOps  ( 1693): java.lang.RuntimeException: here
04-27 15:50:59.124 W/AppOps  ( 1693): 	at com.android.server.AppOpsService.getOpsRawLocked(AppOpsService.java:2113)
04-27 15:50:59.124 W/AppOps  ( 1693): 	at com.android.server.AppOpsService.noteOperationUnchecked(AppOpsService.java:1643)
04-27 15:50:59.124 W/AppOps  ( 1693): 	at com.android.server.AppOpsService.noteOperation(AppOpsService.java:1632)
04-27 15:50:59.124 W/AppOps  ( 1693): 	at com.android.internal.app.IAppOpsService$Stub.onTransact(IAppOpsService.java:69)
04-27 15:50:59.124 W/AppOps  ( 1693): 	at android.os.Binder.execTransact(Binder.java:726)
04-27 15:50:59.138 W/AppOps  ( 1693): Bad call: specified package  under uid 10724 but it is really -1
04-27 15:50:59.138 W/AppOps  ( 1693): java.lang.RuntimeException: here
04-27 15:50:59.138 W/AppOps  ( 1693): 	at com.android.server.AppOpsService.getOpsRawLocked(AppOpsService.java:2113)
04-27 15:50:59.138 W/AppOps  ( 1693): 	at com.android.server.AppOpsService.noteOperationUnchecked(AppOpsService.java:1643)
04-27 15:50:59.138 W/AppOps  ( 1693): 	at com.android.server.AppOpsService.noteOperation(AppOpsService.java:1632)
04-27 15:50:59.138 W/AppOps  ( 1693): 	at com.android.internal.app.IAppOpsService$Stub.onTransact(IAppOpsService.java:69)
04-27 15:50:59.138 W/AppOps  ( 1693): 	at android.os.Binder.execTransact(Binder.java:726)
04-27 15:51:54.093 W/ActivityManager( 1693): Background start not allowed: service Intent { act=com.google.android.chimera.container.NEW_MODULE_TIMEOUT cat=[targeted_intent_op_prefix:com.google.android.chimera.container.ConfigurationManager$IntentHandler] flg=0x4 cmp=com.google.android.gms/.chimera.GmsIntentOperationService (has extras) } to com.google.android.gms/.chimera.GmsIntentOperationService from pid=-1 uid=10381 pkg=com.google.android.gms startFg?=false
04-27 15:51:54.474 D/PowerKeeper.FrozenApp( 3075): FrozenAPP, has no pids
04-27 15:51:54.474 D/PowerKeeper.FrozenApp( 3075): >>> event = 22 >>> state = 3 uid 10725
04-27 15:51:58.375 E/storaged(  912): getDiskStats failed with result NOT_SUPPORTED and size 0
04-27 15:52:54.515 D/PowerKeeper.FrozenApp( 3075): FrozenAPP, has no pids
04-27 15:52:54.517 D/PowerKeeper.FrozenApp( 3075): >>> event = 22 >>> state = 3 uid 10725
04-27 15:52:58.379 E/storaged(  912): getDiskStats failed with result NOT_SUPPORTED and size 0
04-27 15:53:58.381 E/storaged(  912): getDiskStats failed with result NOT_SUPPORTED and size 0
04-27 15:54:58.385 E/storaged(  912): getDiskStats failed with result NOT_SUPPORTED and size 0
04-27 15:55:10.065 W/BroadcastQueue( 1693): Background execution not allowed: receiving Intent { act=android.intent.action.DROPBOX_ENTRY_ADDED flg=0x10 (has extras) } to com.google.android.gms/.stats.service.DropBoxEntryAddedReceiver
04-27 15:55:10.065 W/BroadcastQueue( 1693): Background execution not allowed: receiving Intent { act=android.intent.action.DROPBOX_ENTRY_ADDED flg=0x10 (has extras) } to com.google.android.gms/.chimera.GmsIntentOperationService$PersistentTrustedReceiver
04-27 15:55:23.998 W/ActivityManager( 1693): Background start not allowed: service Intent { act=com.google.android.chimera.container.NEW_MODULE_TIMEOUT cat=[targeted_intent_op_prefix:com.google.android.chimera.container.ConfigurationManager$IntentHandler] flg=0x4 cmp=com.google.android.gms/.chimera.GmsIntentOperationService (has extras) } to com.google.android.gms/.chimera.GmsIntentOperationService from pid=-1 uid=10381 pkg=com.google.android.gms startFg?=false
04-27 15:55:58.391 E/storaged(  912): getDiskStats failed with result NOT_SUPPORTED and size 0
04-27 15:56:42.812 D/Boost   ( 1693): hostingType=service, hostingName=com.miui.yellowpage/.job.YellowPageJobService, callerPackage=android, isSystem=true, isBoostNeeded=false.
04-27 15:56:42.819 D/PowerChecker_CloudJob( 3075): circle job is scheduled
04-27 15:56:42.821 I/ActivityManager( 1693): Start proc 32583:com.miui.yellowpage/u0a1 for service com.miui.yellowpage/.job.YellowPageJobService caller=android
04-27 15:56:42.829 D/PowerKeeper.CloudControl( 3075): circle job is scheduled
04-27 15:56:43.168 I/ActivityManager( 1693): Killing 17739:com.miui.weather2/u0a45 (adj 906): empty for 2801s
04-27 15:56:43.237 V/UidProcStateHelper( 1693): process died:[17739,10045]
04-27 15:56:58.393 E/storaged(  912): getDiskStats failed with result NOT_SUPPORTED and size 0
04-27 15:57:12.806 W/ActivityManager( 1693): Background start not allowed: service Intent { act=com.google.android.chimera.container.NEW_MODULE_TIMEOUT cat=[targeted_intent_op_prefix:com.google.android.chimera.container.ConfigurationManager$IntentHandler] flg=0x4 cmp=com.google.android.gms/.chimera.GmsIntentOperationService (has extras) } to com.google.android.gms/.chimera.GmsIntentOperationService from pid=-1 uid=10381 pkg=com.google.android.gms startFg?=false
04-27 15:57:12.825 D/PowerKeeper.Setting( 3075): Analysis job is scheduled
04-27 15:57:58.397 E/storaged(  912): getDiskStats failed with result NOT_SUPPORTED and size 0
04-27 15:58:56.258 W/BroadcastQueue( 1693): Background execution not allowed: receiving Intent { act=android.intent.action.DROPBOX_ENTRY_ADDED flg=0x10 (has extras) } to com.google.android.gms/.stats.service.DropBoxEntryAddedReceiver
04-27 15:58:56.259 W/BroadcastQueue( 1693): Background execution not allowed: receiving Intent { act=android.intent.action.DROPBOX_ENTRY_ADDED flg=0x10 (has extras) } to com.google.android.gms/.chimera.GmsIntentOperationService$PersistentTrustedReceiver
04-27 15:58:56.757 W/BroadcastQueue( 1693): Background execution not allowed: receiving Intent { act=android.intent.action.DROPBOX_ENTRY_ADDED flg=0x10 (has extras) } to com.google.android.gms/.stats.service.DropBoxEntryAddedReceiver
04-27 15:58:56.758 W/BroadcastQueue( 1693): Background execution not allowed: receiving Intent { act=android.intent.action.DROPBOX_ENTRY_ADDED flg=0x10 (has extras) } to com.google.android.gms/.chimera.GmsIntentOperationService$PersistentTrustedReceiver
04-27 15:58:57.150 W/BroadcastQueue( 1693): Background execution not allowed: receiving Intent { act=android.intent.action.DROPBOX_ENTRY_ADDED flg=0x10 (has extras) } to com.google.android.gms/.stats.service.DropBoxEntryAddedReceiver
04-27 15:58:57.150 W/BroadcastQueue( 1693): Background execution not allowed: receiving Intent { act=android.intent.action.DROPBOX_ENTRY_ADDED flg=0x10 (has extras) } to com.google.android.gms/.chimera.GmsIntentOperationService$PersistentTrustedReceiver
04-27 15:58:58.399 E/storaged(  912): getDiskStats failed with result NOT_SUPPORTED and size 0
04-27 15:59:14.602 D/AutomaticBrightnessController( 1693): updateAutoBrightness: mScreenAutoBrightness=703, newScreenAutoBrightness=688
04-27 15:59:14.603 D/DisplayPowerController( 1693): Animating brightness: target=688, rate=4932
04-27 15:59:14.605 V/SettingsProvider( 1693): Notifying for 0: content://settings/system/screen_brightness
04-27 15:59:14.688 I/Timeline( 2641): Timeline: Activity_launch_request time:561575175
04-27 15:59:14.691 I/SplashScreenServiceDelegate( 1693): None for com.taobao.idlefish.debug
04-27 15:59:14.691 I/ActivityManager( 1693): START u0 {act=android.intent.action.MAIN cat=[android.intent.category.LAUNCHER] flg=0x10200000 cmp=com.taobao.idlefish.debug/com.taobao.fleamarket.home.activity.InitActivity bnds=[82,703][250,871] (has extras)} from uid 10024
04-27 15:59:14.724 D/PowerManagerServiceInjector( 1693): wakeLock:[PARTIAL_WAKE_LOCK              '*launch*' (uid=1000 pid=1693 ws=WorkSource{10724})] is disabled by policy
04-27 15:59:14.740 I/set_top_app( 1693): success /proc/2641/task/2641/top_app:0
04-27 15:59:14.740 I/set_top_app( 1693): success /proc/2641/task/3366/top_app:0
04-27 15:59:14.748 I/set_top_app( 1693): success /proc/21596/task/21596/top_app:1
04-27 15:59:14.748 I/set_top_app( 1693): success /proc/21596/task/21857/top_app:2
04-27 15:59:14.752 D/PowerKeeper.FrozenApp( 3075): >>> event = 17 >>> state = 1 uid 10724
04-27 15:59:14.752 D/PowerKeeper.FrozenApp( 3075): updateWakelockBlockedUid, uid = 10724, isBlocked = false
04-27 15:59:14.752 V/LocationPolicy( 1693): writePolicyLocked()
04-27 15:59:14.753 I/Timeline( 1693): Timeline: App_transition_ready time:561575240
04-27 15:59:14.753 D/PowerKeeperPolicy( 1693): Caller[1000] updateWakelockBlockedUid:uid=10724, tag=null, block=false
04-27 15:59:14.753 D/PowerManagerServiceInjector( 1693): set partial wakelock enabled:[PARTIAL_WAKE_LOCK              '*launch*' (uid=1000 pid=1693 ws=WorkSource{10724})]
04-27 15:59:14.753 V/UidProcStateHelper( 1693): foreground changed:[21596,10724,true]
04-27 15:59:14.755 W/ActivityManager( 1693): Receiver with filter android.content.IntentFilter@9ffd18d already registered for pid 5911, callerPackage is com.xiaomi.joyose
04-27 15:59:14.760 D/PowerKeeper.FrozenApp( 3075): setUidState, uid = 10724 allow = true
04-27 15:59:14.760 D/PowerKeeper.Location( 3075): setUidState, uid = 10724 allow = true
04-27 15:59:14.762 V/LocationPolicy( 1693): writePolicyLocked()
04-27 15:59:14.769 D/PowerKeeper.Sensor( 3075): setUidState, uid = 10724 allow = true
04-27 15:59:14.769 D/PowerKeeper.AppStandby( 3075): setUidState, uid = 10724 allow = true
04-27 15:59:14.770 V/UiModeManager( 1693): switch night mode to 1
04-27 15:59:14.775 I/Timeline( 1693): Timeline: App_transition_ready time:561575262
04-27 15:59:14.809 V/UiModeManager( 1693): switch night mode to 1
04-27 15:59:14.845 I/Timeline( 1693): Timeline: App_transition_ready time:561575333
04-27 15:59:14.907 I/Timeline( 1693): Timeline: App_transition_ready time:561575394
04-27 15:59:14.909 I/SplashScreenServiceDelegate( 1693): None for com.taobao.idlefish.debug
04-27 15:59:15.028 W/AppOps  ( 1693): Bad call: specified package  under uid 10724 but it is really -1
04-27 15:59:15.028 W/AppOps  ( 1693): java.lang.RuntimeException: here
04-27 15:59:15.028 W/AppOps  ( 1693): 	at com.android.server.AppOpsService.getOpsRawLocked(AppOpsService.java:2113)
04-27 15:59:15.028 W/AppOps  ( 1693): 	at com.android.server.AppOpsService.noteOperationUnchecked(AppOpsService.java:1643)
04-27 15:59:15.028 W/AppOps  ( 1693): 	at com.android.server.AppOpsService.noteOperation(AppOpsService.java:1632)
04-27 15:59:15.028 W/AppOps  ( 1693): 	at com.android.internal.app.IAppOpsService$Stub.onTransact(IAppOpsService.java:69)
04-27 15:59:15.028 W/AppOps  ( 1693): 	at android.os.Binder.execTransact(Binder.java:726)
04-27 15:59:15.034 W/AppOps  ( 1693): Bad call: specified package  under uid 10724 but it is really -1
04-27 15:59:15.034 W/AppOps  ( 1693): java.lang.RuntimeException: here
04-27 15:59:15.034 W/AppOps  ( 1693): 	at com.android.server.AppOpsService.getOpsRawLocked(AppOpsService.java:2113)
04-27 15:59:15.034 W/AppOps  ( 1693): 	at com.android.server.AppOpsService.noteOperationUnchecked(AppOpsService.java:1643)
04-27 15:59:15.034 W/AppOps  ( 1693): 	at com.android.server.AppOpsService.noteOperation(AppOpsService.java:1632)
04-27 15:59:15.034 W/AppOps  ( 1693): 	at com.android.internal.app.IAppOpsService$Stub.onTransact(IAppOpsService.java:69)
04-27 15:59:15.034 W/AppOps  ( 1693): 	at android.os.Binder.execTransact(Binder.java:726)
04-27 15:59:15.200 I/Timeline( 1693): Timeline: Activity_windows_visible id: ActivityRecord{852d24f u0 com.taobao.idlefish.debug/com.taobao.fleamarket.home.activity.MainActivity t5325} time:561575687
04-27 15:59:15.202 I/Timeline( 1693): Timeline: App_transition_stopped time:561575689
04-27 15:59:15.204 I/SplashScreenServiceDelegate( 1693): None for com.taobao.idlefish.debug
04-27 15:59:15.236 V/UidProcStateHelper( 1693): foreground changed:[2641,10024,false]
04-27 15:59:18.723 W/BaseMiuiPhoneWindowManager( 1693): keyCode:3 down:true eventTime:561579209 downTime:561579209 policyFlags:22000002 flags:48 deviceId:0 isScreenOn:true keyguardActive:false repeatCount:0
04-27 15:59:18.820 W/BaseMiuiPhoneWindowManager( 1693): keyCode:3 down:false eventTime:561579306 downTime:561579209 policyFlags:22000002 flags:48 deviceId:0 isScreenOn:true keyguardActive:false repeatCount:0
04-27 15:59:18.827 D/AutofillManagerService( 1693): Close system dialogs
04-27 15:59:18.833 I/SplashScreenServiceDelegate( 1693): None for com.miui.home
04-27 15:59:18.833 I/ActivityManager( 1693): START u0 {act=android.intent.action.MAIN cat=[android.intent.category.HOME] flg=0x10200000 cmp=com.miui.home/.launcher.Launcher (has extras)} from uid 1000
04-27 15:59:18.849 I/set_top_app( 1693): success /proc/2641/task/2641/top_app:1
04-27 15:59:18.849 I/set_top_app( 1693): success /proc/2641/task/3366/top_app:2
04-27 15:59:18.857 I/set_top_app( 1693): success /proc/21596/task/21596/top_app:0
04-27 15:59:18.857 I/set_top_app( 1693): success /proc/21596/task/21857/top_app:0
04-27 15:59:18.862 I/Timeline( 1693): Timeline: App_transition_ready time:561579350
04-27 15:59:18.864 I/Timeline( 1693): Timeline: App_transition_ready time:561579351
04-27 15:59:18.865 W/ActivityManager( 1693): Receiver with filter android.content.IntentFilter@a4869b5 already registered for pid 5911, callerPackage is com.xiaomi.joyose
04-27 15:59:18.865 V/UidProcStateHelper( 1693): foreground changed:[2641,10024,true]
04-27 15:59:18.865 I/Timeline( 1693): Timeline: App_transition_ready time:561579353
04-27 15:59:18.873 W/WallpaperManagerService( 1693): Cannot extract colors because wallpaper could not be read.
04-27 15:59:18.873 W/WallpaperManagerService( 1693): Cannot get theme colors because WallpaperColors is null.
04-27 15:59:18.873 V/UiModeManager( 1693): switch night mode to 1
04-27 15:59:18.879 I/Timeline( 1693): Timeline: App_transition_ready time:561579366
04-27 15:59:18.882 I/Timeline( 1693): Timeline: App_transition_ready time:561579369
04-27 15:59:18.894 I/Timeline( 1693): Timeline: App_transition_ready time:561579382
04-27 15:59:18.907 I/SplashScreenServiceDelegate( 1693): None for com.miui.home
04-27 15:59:18.917 I/Timeline( 1693): Timeline: App_transition_ready time:561579404
04-27 15:59:18.944 V/UidProcStateHelper( 1693): foreground changed:[21596,10724,false]
04-27 15:59:19.216 I/Timeline( 1693): Timeline: Activity_windows_visible id: ActivityRecord{8c8bb33 u0 com.miui.home/.launcher.Launcher t1} time:561579703
04-27 15:59:19.219 I/Timeline( 1693): Timeline: App_transition_stopped time:561579706
04-27 15:59:21.318 D/Boost   ( 1693): hostingType=content provider, hostingName=com.android.settings/.cloud.CloudSettingsProvider, callerPackage=com.miui.home, isSystem=true, isBoostNeeded=false.
04-27 15:59:21.322 I/ActivityManager( 1693): Start proc 648:com.android.settings:remote/1000 for content provider com.android.settings/.cloud.CloudSettingsProvider caller=com.miui.home
04-27 15:59:23.832 W/ActivityManager( 1693): Background start not allowed: service Intent { act=com.google.android.chimera.container.NEW_MODULE_TIMEOUT cat=[targeted_intent_op_prefix:com.google.android.chimera.container.ConfigurationManager$IntentHandler] flg=0x4 cmp=com.google.android.gms/.chimera.GmsIntentOperationService (has extras) } to com.google.android.gms/.chimera.GmsIntentOperationService from pid=-1 uid=10381 pkg=com.google.android.gms startFg?=false
04-27 15:59:24.484 I/ActivityManager( 1693): Force stopping com.taobao.idlefish.debug appid=10724 user=0: deletePackageX
04-27 15:59:24.484 I/AutoStartManagerService( 1693): MIUILOG- Reject RestartService packageName :com.taobao.idlefish.debug uid : 10724
04-27 15:59:24.485 D/AutoStartManagerService( 1693): prepare force stop p:22562 s: 19
04-27 15:59:24.486 D/AutoStartManagerService( 1693): prepare force stop p:21596 s: 19
04-27 15:59:24.486 D/AutoStartManagerService( 1693): prepare force stop p:22028 s: 19
04-27 15:59:24.487 I/ActivityManager( 1693): Killing 22562:com.taobao.idlefish.debug:channel/u0a724 (adj 700): stop com.taobao.idlefish.debug: deletePackageX
04-27 15:59:24.545 I/AutoStartManagerService( 1693): MIUILOG- Reject RestartService packageName :com.taobao.idlefish.debug uid : 10724
04-27 15:59:24.545 I/AutoStartManagerService( 1693): MIUILOG- Reject RestartService packageName :com.taobao.idlefish.debug uid : 10724
04-27 15:59:24.546 V/UidProcStateHelper( 1693): process died:[22562,10724]
04-27 15:59:24.548 I/ActivityManager( 1693): Killing 21596:com.taobao.idlefish.debug/u0a724 (adj 700): stop com.taobao.idlefish.debug: deletePackageX
04-27 15:59:24.549 D/ConnectivityService( 1693): ConnectivityService NetworkRequestInfo binderDied(NetworkRequest [ TRACK_DEFAULT id=2284, [ Capabilities: INTERNET&NOT_RESTRICTED&TRUSTED Unwanted:  Uid: 10724] ], android.os.BinderProxy@61ee820)
04-27 15:59:24.549 D/ConnectivityService( 1693): releasing NetworkRequest [ TRACK_DEFAULT id=2284, [ Capabilities: INTERNET&NOT_RESTRICTED&TRUSTED Unwanted:  Uid: 10724] ] (release request)
04-27 15:59:24.552 I/AutoStartManagerService( 1693): MIUILOG- Reject RestartService packageName :com.taobao.idlefish.debug uid : 10724
04-27 15:59:24.557 I/ActivityManager( 1693): Killing 22043:com.google.android.webview:sandboxed_process0/u0a724i87 (adj 0): isolated not needed
04-27 15:59:24.558 I/ActivityManager( 1693):   Force finishing activity ActivityRecord{852d24f u0 com.taobao.idlefish.debug/com.taobao.fleamarket.home.activity.MainActivity t5325}
04-27 15:59:24.563 I/ActivityManager( 1693):   Force stopping service ServiceRecord{ea2c5d9 u0 com.taobao.idlefish.debug/com.alibaba.ariver.ipc.RemoteCallService}
04-27 15:59:24.575 V/UidProcStateHelper( 1693): process died:[21596,10724]
04-27 15:59:24.578 V/UidProcStateHelper( 1693): process died:[22043,10724]
04-27 15:59:24.585 D/PowerKeeper.Sensor( 3075): setUidState, uid = 10724 allow = false
04-27 15:59:24.586 D/PowerKeeper.AppStandby( 3075): setUidState, uid = 10724 allow = false
04-27 15:59:24.701 D/ConnectivityService( 1693): ConnectivityService NetworkRequestInfo binderDied(NetworkRequest [ LISTEN id=2280, [ Capabilities: INTERNET&NOT_RESTRICTED&TRUSTED Unwanted:  Uid: 10724] ], android.os.BinderProxy@4f5c67f)
04-27 15:59:24.703 W/ActivityManager( 1693): setHasOverlayUi called on unknown pid: 21596
04-27 15:59:24.704 D/ConnectivityService( 1693): ConnectivityService NetworkRequestInfo binderDied(NetworkRequest [ LISTEN id=2279, [ Capabilities: INTERNET&NOT_RESTRICTED&TRUSTED Unwanted:  Uid: 10724] ], android.os.BinderProxy@45a664c)
04-27 15:59:24.704 D/ConnectivityService( 1693): ConnectivityService NetworkRequestInfo binderDied(NetworkRequest [ TRACK_DEFAULT id=2278, [ Capabilities: INTERNET&NOT_RESTRICTED&TRUSTED Unwanted:  Uid: 10724] ], android.os.BinderProxy@70e695)
04-27 15:59:24.704 D/ConnectivityService( 1693): ConnectivityService NetworkRequestInfo binderDied(NetworkRequest [ TRACK_DEFAULT id=2277, [ Capabilities: INTERNET&NOT_RESTRICTED&TRUSTED Unwanted:  Uid: 10724] ], android.os.BinderProxy@291c3aa)
04-27 15:59:24.704 D/ConnectivityService( 1693): releasing NetworkRequest [ TRACK_DEFAULT id=2278, [ Capabilities: INTERNET&NOT_RESTRICTED&TRUSTED Unwanted:  Uid: 10724] ] (release request)
04-27 15:59:24.707 D/ConnectivityService( 1693): releasing NetworkRequest [ TRACK_DEFAULT id=2277, [ Capabilities: INTERNET&NOT_RESTRICTED&TRUSTED Unwanted:  Uid: 10724] ] (release request)
04-27 15:59:25.156 I/PackageManager( 1693): Removing old permission tree: com.taobao.idlefish.debug.permission.C2D_MESSAGE from package com.taobao.idlefish.debug
04-27 15:59:25.156 I/PackageManager( 1693): Removing old permission tree: com.taobao.idlefish.debug.push.permission.MESSAGE from package com.taobao.idlefish.debug
04-27 15:59:25.156 I/PackageManager( 1693): Removing old permission tree: com.taobao.idlefish.debug.permission.MIPUSH_RECEIVE from package com.taobao.idlefish.debug
04-27 15:59:25.331 D/PackageManager( 1693): Instant App installer not found with android.intent.action.INSTALL_INSTANT_APP_PACKAGE
04-27 15:59:25.331 D/PackageManager( 1693): Clear ephemeral installer activity
04-27 15:59:25.816 W/Looper  ( 1693): Slow Looper PackageManager: Long Msg: seq=6408 plan=15:59:24.482  late=0ms wall=1333ms running=0ms h=com.android.server.pm.PackageManagerService$PackageHandler c=com.android.server.pm.PackageManagerService$13
04-27 15:59:25.827 I/ActivityManager( 1693): Force stopping com.taobao.idlefish.debug appid=10724 user=0: pkg removed
04-27 15:59:25.827 I/AutoStartManagerService( 1693): MIUILOG- Reject RestartService packageName :com.taobao.idlefish.debug uid : 10724
04-27 15:59:25.875 W/BroadcastQueue( 1693): Background execution not allowed: receiving Intent { act=android.intent.action.PACKAGE_REMOVED dat=package:com.taobao.idlefish.debug flg=0x4000010 (has extras) } to com.lbe.security.miui/com.lbe.security.service.BootReceiver
04-27 15:59:25.876 W/BroadcastQueue( 1693): Background execution not allowed: receiving Intent { act=android.intent.action.PACKAGE_REMOVED dat=package:com.taobao.idlefish.debug flg=0x4000010 (has extras) } to com.android.providers.downloads/.receiver.ApplicationInstallReceiver
04-27 15:59:25.922 W/BroadcastQueue( 1693): Background execution not allowed: receiving Intent { act=android.intent.action.PACKAGE_REMOVED dat=package:com.taobao.idlefish.debug flg=0x4000010 (has extras) } to com.android.settings/.search.provider.UpdateReceiver
04-27 15:59:25.924 I/WakePathChecker( 1693): MIUILOG-WAKEPATH pushWakePathWhiteList: userId=0 size=9
04-27 15:59:25.926 I/WakePathChecker( 1693): MIUILOG-WAKEPATH pushWakePathRuleInfos: wakeType=17 userId=0 size=3
04-27 15:59:25.929 W/BroadcastQueue( 1693): Background execution not allowed: receiving Intent { act=android.intent.action.PACKAGE_REMOVED dat=package:com.taobao.idlefish.debug flg=0x4000010 (has extras) } to com.miui.audioeffect/com.android.musicfx.Compatibility$Receiver
04-27 15:59:25.929 W/BroadcastQueue( 1693): Background execution not allowed: receiving Intent { act=android.intent.action.PACKAGE_REMOVED dat=package:com.taobao.idlefish.debug flg=0x4000010 (has extras) } to com.xiaomi.gamecenter/.broadcast.receiver.AppReceiver
