--------- beginning of system
04-27 15:03:56.038 I/ActivityManager( 1693): Killing 6345:android.process.media/u0a13 (adj 906): empty for 1851s
04-27 15:03:56.069 V/UidProcStateHelper( 1693): process died:[6345,10013]
04-27 15:03:56.795 E/storaged(  912): getDiskStats failed with result NOT_SUPPORTED and size 0
04-27 15:04:03.989 I/ActivityManager( 1693): Force stopping favdemo.taobao.com.fav_demo appid=10725 user=0: from process:8883
04-27 15:04:03.989 I/AutoStartManagerService( 1693): MIUILOG- Reject RestartService packageName :favdemo.taobao.com.fav_demo uid : 10725
04-27 15:04:04.325 I/InstallationStatistic( 1693): beginInstallSession: 1298424611
04-27 15:04:07.193 I/ActivityManager( 1693): Force stopping favdemo.taobao.com.fav_demo appid=10725 user=-1: installPackageLI
04-27 15:04:07.332 I/PackageManager( 1693): Update package favdemo.taobao.com.fav_demo code path from /data/app/favdemo.taobao.com.fav_demo-tYpi5hcJLrPpbII9FdTyaw== to /data/app/favdemo.taobao.com.fav_demo-N-SmQJZMaVyLALWOPL4neg==; Retain data and using new
04-27 15:04:07.332 I/PackageManager( 1693): Update package favdemo.taobao.com.fav_demo resource path from /data/app/favdemo.taobao.com.fav_demo-tYpi5hcJLrPpbII9FdTyaw== to /data/app/favdemo.taobao.com.fav_demo-N-SmQJZMaVyLALWOPL4neg==; Retain data and using new
04-27 15:04:07.702 W/FileUtils( 1693): Slow Operation: fsync took 286ms
04-27 15:04:07.744 D/PackageManager( 1693): Instant App installer not found with android.intent.action.INSTALL_INSTANT_APP_PACKAGE
04-27 15:04:07.744 D/PackageManager( 1693): Clear ephemeral installer activity
04-27 15:04:07.744 I/InstallationStatistic( 1693): favdemo.taobao.com.fav_demo|null|3419|2113|81|1|0|0
04-27 15:04:07.996 I/ActivityManager( 1693): Force stopping favdemo.taobao.com.fav_demo appid=10725 user=0: pkg removed
04-27 15:04:07.996 I/AutoStartManagerService( 1693): MIUILOG- Reject RestartService packageName :favdemo.taobao.com.fav_demo uid : 10725
04-27 15:04:08.016 V/LocationPolicy( 1693): ACTION_PACKAGE_ADDED for uid=10725
04-27 15:04:08.054 W/BroadcastQueue( 1693): Background execution not allowed: receiving Intent { act=android.intent.action.PACKAGE_REMOVED dat=package:favdemo.taobao.com.fav_demo flg=0x4000010 (has extras) } to com.lbe.security.miui/com.lbe.security.service.BootReceiver
04-27 15:04:08.061 W/BroadcastQueue( 1693): Background execution not allowed: receiving Intent { act=android.intent.action.PACKAGE_REMOVED dat=package:favdemo.taobao.com.fav_demo flg=0x4000010 (has extras) } to com.android.providers.downloads/.receiver.ApplicationInstallReceiver
04-27 15:04:08.061 W/BroadcastQueue( 1693): Background execution not allowed: receiving Intent { act=android.intent.action.PACKAGE_REMOVED dat=package:favdemo.taobao.com.fav_demo flg=0x4000010 (has extras) } to com.android.settings/.search.provider.UpdateReceiver
04-27 15:04:08.062 W/BroadcastQueue( 1693): Background execution not allowed: receiving Intent { act=android.intent.action.PACKAGE_REMOVED dat=package:favdemo.taobao.com.fav_demo flg=0x4000010 (has extras) } to com.miui.audioeffect/com.android.musicfx.Compatibility$Receiver
04-27 15:04:08.062 W/BroadcastQueue( 1693): Background execution not allowed: receiving Intent { act=android.intent.action.PACKAGE_REMOVED dat=package:favdemo.taobao.com.fav_demo flg=0x4000010 (has extras) } to com.xiaomi.gamecenter/.broadcast.receiver.AppReceiver
04-27 15:04:08.069 W/BroadcastQueue( 1693): Background execution not allowed: receiving Intent { act=android.intent.action.PACKAGE_REMOVED dat=package:favdemo.taobao.com.fav_demo flg=0x4000010 (has extras) } to com.xiaomi.gamecenter/.service.GlobalReceiver
04-27 15:04:08.069 W/BroadcastQueue( 1693): Background execution not allowed: receiving Intent { act=android.intent.action.PACKAGE_REMOVED dat=package:favdemo.taobao.com.fav_demo flg=0x4000010 (has extras) } to com.xiaomi.market/.data.MyPackageMonitor
04-27 15:04:08.070 W/BroadcastQueue( 1693): Background execution not allowed: receiving Intent { act=android.intent.action.PACKAGE_REMOVED dat=package:favdemo.taobao.com.fav_demo flg=0x4000010 (has extras) } to com.xiaomi.misettings/.usagestats.AppTimerReceiver
04-27 15:04:08.070 W/BroadcastQueue( 1693): Background execution not allowed: receiving Intent { act=android.intent.action.PACKAGE_REMOVED dat=package:favdemo.taobao.com.fav_demo flg=0x4000010 (has extras) } to com.xiaomi.providers.appindex/.PackageChangeReceiver
04-27 15:04:08.073 W/BroadcastQueue( 1693): Background execution not allowed: receiving Intent { act=android.intent.action.PACKAGE_REMOVED dat=package:favdemo.taobao.com.fav_demo flg=0x4000010 (has extras) } to com.xiaomi.xmsf/.pushcontrol.PkgUninstallReceiver
04-27 15:04:08.074 W/BroadcastQueue( 1693): Background execution not allowed: receiving Intent { act=android.intent.action.PACKAGE_REMOVED dat=package:favdemo.taobao.com.fav_demo flg=0x4000010 (has extras) } to com.xiaomi.xmsf/com.xiaomi.push.service.receivers.PkgUninstallReceiver
04-27 15:04:08.074 W/BroadcastQueue( 1693): Background execution not allowed: receiving Intent { act=android.intent.action.PACKAGE_REMOVED dat=package:favdemo.taobao.com.fav_demo flg=0x4000010 (has extras) } to com.alibaba.wireless/com.taobao.accs.EventReceiver
04-27 15:04:08.074 W/BroadcastQueue( 1693): Background execution not allowed: receiving Intent { act=android.intent.action.PACKAGE_REMOVED dat=package:favdemo.taobao.com.fav_demo flg=0x4000010 (has extras) } to com.alibaba.wireless/com.huawei.android.pushagent.PushEventReceiver
04-27 15:04:08.077 W/BroadcastQueue( 1693): Background execution not allowed: receiving Intent { act=android.intent.action.PACKAGE_REMOVED dat=package:favdemo.taobao.com.fav_demo flg=0x4000010 (has extras) } to com.alibaba.wireless/com.taobao.agoo.AgooCommondReceiver
04-27 15:04:08.078 W/TextServicesManagerService( 1693): no available spell checker services found
04-27 15:04:08.105 I/SplashScreenServiceDelegate( 1693): None for favdemo.taobao.com.fav_demo
04-27 15:04:08.105 I/ActivityManager( 1693): START u0 {act=android.intent.action.RUN flg=0x30000000 cmp=favdemo.taobao.com.fav_demo/.MainActivity (has extras)} from uid 0
04-27 15:04:08.151 W/BroadcastQueue( 1693): Background execution not allowed: receiving Intent { act=android.intent.action.PACKAGE_REMOVED dat=package:favdemo.taobao.com.fav_demo flg=0x4000010 (has extras) } to com.android.vending/com.google.android.finsky.packagemanager.impl.PackageMonitorReceiverImpl$RegisteredReceiver
04-27 15:04:08.155 I/set_top_app( 1693): success /proc/2641/task/2641/top_app:0
04-27 15:04:08.155 I/set_top_app( 1693): success /proc/2641/task/3366/top_app:0
04-27 15:04:08.156 W/BroadcastQueue( 1693): Background execution not allowed: receiving Intent { act=android.intent.action.PACKAGE_REMOVED dat=package:favdemo.taobao.com.fav_demo flg=0x4000010 (has extras) } to com.android.vending/com.google.android.finsky.instantapps.appmanagement.InstantAppRemoveMonitor
04-27 15:04:08.156 W/BroadcastQueue( 1693): Background execution not allowed: receiving Intent { act=android.intent.action.PACKAGE_REMOVED dat=package:favdemo.taobao.com.fav_demo flg=0x4000010 (has extras) } to com.facebook.katana/com.facebook.feed.platformads.AppInstallReceiver
04-27 15:04:08.156 W/BroadcastQueue( 1693): Background execution not allowed: receiving Intent { act=android.intent.action.PACKAGE_REMOVED dat=package:favdemo.taobao.com.fav_demo flg=0x4000010 (has extras) } to com.facebook.katana/com.facebook.games.packagecontroller.PackageChangeReceiver
04-27 15:04:08.157 W/BroadcastQueue( 1693): Background execution not allowed: receiving Intent { act=android.intent.action.PACKAGE_REMOVED dat=package:favdemo.taobao.com.fav_demo flg=0x4000010 (has extras) } to com.google.android.gms/.games.chimera.GamesSystemBroadcastReceiverProxy
04-27 15:04:08.157 W/BroadcastQueue( 1693): Background execution not allowed: receiving Intent { act=android.intent.action.PACKAGE_REMOVED dat=package:favdemo.taobao.com.fav_demo flg=0x4000010 (has extras) } to com.google.android.gms/.chimera.GmsIntentOperationService$PersistentTrustedReceiver
04-27 15:04:08.157 W/BroadcastQueue( 1693): Background execution not allowed: receiving Intent { act=android.intent.action.PACKAGE_REMOVED dat=package:favdemo.taobao.com.fav_demo flg=0x4000010 (has extras) } to com.ss.android.article.news/com.huawei.android.pushagent.PushEventReceiver
04-27 15:04:08.157 W/BroadcastQueue( 1693): Background execution not allowed: receiving Intent { act=android.intent.action.PACKAGE_REMOVED dat=package:favdemo.taobao.com.fav_demo flg=0x4000010 (has extras) } to com.ss.android.article.news/com.taobao.accs.EventReceiver
04-27 15:04:08.157 W/BroadcastQueue( 1693): Background execution not allowed: receiving Intent { act=android.intent.action.PACKAGE_REMOVED dat=package:favdemo.taobao.com.fav_demo flg=0x4000010 (has extras) } to com.ss.android.article.news/com.taobao.agoo.AgooCommondReceiver
04-27 15:04:08.157 W/BroadcastQueue( 1693): Background execution not allowed: receiving Intent { act=android.intent.action.PACKAGE_REMOVED dat=package:favdemo.taobao.com.fav_demo flg=0x4000010 (has extras) } to com.ss.android.article.news/com.ss.android.message.MessageReceiver
04-27 15:04:08.165 W/BroadcastQueue( 1693): Background execution not allowed: receiving Intent { act=android.intent.action.PACKAGE_REMOVED dat=package:favdemo.taobao.com.fav_demo flg=0x4000010 (has extras) } to com.ss.android.article.news/com.baidu.android.pushservice.RegistrationReceiver
04-27 15:04:08.167 W/BroadcastQueue( 1693): Background execution not allowed: receiving Intent { act=android.intent.action.PACKAGE_REMOVED dat=package:favdemo.taobao.com.fav_demo flg=0x4000010 (has extras) } to com.ss.android.article.news/com.ss.android.message.bangtui.PackageUninstallReceiver
04-27 15:04:08.167 W/BroadcastQueue( 1693): Background execution not allowed: receiving Intent { act=android.intent.action.PACKAGE_REMOVED dat=package:favdemo.taobao.com.fav_demo flg=0x4000010 (has extras) } to com.taobao.idlefish.debug/com.taobao.accs.EventReceiver
04-27 15:04:08.167 W/BroadcastQueue( 1693): Background execution not allowed: receiving Intent { act=android.intent.action.PACKAGE_REMOVED dat=package:favdemo.taobao.com.fav_demo flg=0x4000010 (has extras) } to com.taobao.idlefish.debug/com.taobao.agoo.AgooCommondReceiver
04-27 15:04:08.167 W/BroadcastQueue( 1693): Background execution not allowed: receiving Intent { act=android.intent.action.PACKAGE_REMOVED dat=package:favdemo.taobao.com.fav_demo flg=0x4000010 (has extras) } to video.vue.android/cn.jpush.android.service.PushReceiver
04-27 15:04:08.167 W/BroadcastQueue( 1693): Background execution not allowed: receiving Intent { act=android.intent.action.PACKAGE_ADDED dat=package:favdemo.taobao.com.fav_demo flg=0x4000010 (has extras) } to com.lbe.security.miui/com.lbe.security.service.BootReceiver
04-27 15:04:08.167 W/BroadcastQueue( 1693): Background execution not allowed: receiving Intent { act=android.intent.action.PACKAGE_ADDED dat=package:favdemo.taobao.com.fav_demo flg=0x4000010 (has extras) } to com.android.providers.downloads/.receiver.ApplicationInstallReceiver
04-27 15:04:08.167 W/BroadcastQueue( 1693): Background execution not allowed: receiving Intent { act=android.intent.action.PACKAGE_ADDED dat=package:favdemo.taobao.com.fav_demo flg=0x4000010 (has extras) } to com.android.settings/.search.provider.UpdateReceiver
04-27 15:04:08.167 W/BroadcastQueue( 1693): Background execution not allowed: receiving Intent { act=android.intent.action.PACKAGE_ADDED dat=package:favdemo.taobao.com.fav_demo flg=0x4000010 (has extras) } to com.miui.audioeffect/com.android.musicfx.Compatibility$Receiver
04-27 15:04:08.167 W/BroadcastQueue( 1693): Background execution not allowed: receiving Intent { act=android.intent.action.PACKAGE_ADDED dat=package:favdemo.taobao.com.fav_demo flg=0x4000010 (has extras) } to com.xiaomi.gamecenter/.broadcast.receiver.AppReceiver
04-27 15:04:08.167 W/BroadcastQueue( 1693): Background execution not allowed: receiving Intent { act=android.intent.action.PACKAGE_ADDED dat=package:favdemo.taobao.com.fav_demo flg=0x4000010 (has extras) } to com.xiaomi.gamecenter/.service.GlobalReceiver
04-27 15:04:08.167 W/BroadcastQueue( 1693): Background execution not allowed: receiving Intent { act=android.intent.action.PACKAGE_ADDED dat=package:favdemo.taobao.com.fav_demo flg=0x4000010 (has extras) } to com.xiaomi.market/.data.MyPackageMonitor
04-27 15:04:08.167 W/BroadcastQueue( 1693): Background execution not allowed: receiving Intent { act=android.intent.action.PACKAGE_ADDED dat=package:favdemo.taobao.com.fav_demo flg=0x4000010 (has extras) } to com.xiaomi.misettings/.usagestats.AppTimerReceiver
04-27 15:04:08.168 W/BroadcastQueue( 1693): Background execution not allowed: receiving Intent { act=android.intent.action.PACKAGE_ADDED dat=package:favdemo.taobao.com.fav_demo flg=0x4000010 (has extras) } to com.xiaomi.providers.appindex/.PackageChangeReceiver
04-27 15:04:08.168 W/BroadcastQueue( 1693): Background execution not allowed: receiving Intent { act=android.intent.action.PACKAGE_ADDED dat=package:favdemo.taobao.com.fav_demo flg=0x4000010 (has extras) } to com.alibaba.wireless/com.huawei.android.pushagent.PushEventReceiver
04-27 15:04:08.168 W/BroadcastQueue( 1693): Background execution not allowed: receiving Intent { act=android.intent.action.PACKAGE_ADDED dat=package:favdemo.taobao.com.fav_demo flg=0x4000010 (has extras) } to com.android.vending/com.google.android.finsky.packagemanager.impl.PackageMonitorReceiverImpl$RegisteredReceiver
04-27 15:04:08.168 W/BroadcastQueue( 1693): Background execution not allowed: receiving Intent { act=android.intent.action.PACKAGE_ADDED dat=package:favdemo.taobao.com.fav_demo flg=0x4000010 (has extras) } to com.facebook.katana/com.facebook.feed.platformads.AppInstallReceiver
04-27 15:04:08.168 W/BroadcastQueue( 1693): Background execution not allowed: receiving Intent { act=android.intent.action.PACKAGE_ADDED dat=package:favdemo.taobao.com.fav_demo flg=0x4000010 (has extras) } to com.facebook.katana/com.facebook.games.packagecontroller.PackageChangeReceiver
04-27 15:04:08.168 W/BroadcastQueue( 1693): Background execution not allowed: receiving Intent { act=android.intent.action.PACKAGE_ADDED dat=package:favdemo.taobao.com.fav_demo flg=0x4000010 (has extras) } to com.google.android.gms/.games.chimera.GamesSystemBroadcastReceiverProxy
04-27 15:04:08.168 W/BroadcastQueue( 1693): Background execution not allowed: receiving Intent { act=android.intent.action.PACKAGE_ADDED dat=package:favdemo.taobao.com.fav_demo flg=0x4000010 (has extras) } to com.google.android.gms/.gass.chimera.PackageChangeBroadcastReceiver
04-27 15:04:08.168 W/BroadcastQueue( 1693): Background execution not allowed: receiving Intent { act=android.intent.action.PACKAGE_ADDED dat=package:favdemo.taobao.com.fav_demo flg=0x4000010 (has extras) } to com.google.android.gms/.chimera.GmsIntentOperationService$PersistentTrustedReceiver
04-27 15:04:08.168 W/BroadcastQueue( 1693): Background execution not allowed: receiving Intent { act=android.intent.action.PACKAGE_ADDED dat=package:favdemo.taobao.com.fav_demo flg=0x4000010 (has extras) } to com.ss.android.article.news/com.ss.android.newmedia.sec.HotsoonReceiverWrap
04-27 15:04:08.168 W/BroadcastQueue( 1693): Background execution not allowed: receiving Intent { act=android.intent.action.PACKAGE_ADDED dat=package:favdemo.taobao.com.fav_demo flg=0x4000010 (has extras) } to com.ss.android.article.news/com.ss.android.downloadlib.core.download.DownloadReceiver
04-27 15:04:08.168 W/BroadcastQueue( 1693): Background execution not allowed: receiving Intent { act=android.intent.action.PACKAGE_ADDED dat=package:favdemo.taobao.com.fav_demo flg=0x4000010 (has extras) } to com.ss.android.article.news/com.huawei.android.pushagent.PushEventReceiver
04-27 15:04:08.168 W/BroadcastQueue( 1693): Background execution not allowed: receiving Intent { act=android.intent.action.PACKAGE_ADDED dat=package:favdemo.taobao.com.fav_demo flg=0x4000010 (has extras) } to com.ss.android.article.news/com.ss.android.message.MessageReceiver
04-27 15:04:08.168 W/BroadcastQueue( 1693): Background execution not allowed: receiving Intent { act=android.intent.action.PACKAGE_ADDED dat=package:favdemo.taobao.com.fav_demo flg=0x4000010 (has extras) } to video.vue.android/cn.jpush.android.service.PushReceiver
04-27 15:04:08.168 W/BroadcastQueue( 1693): Background execution not allowed: receiving Intent { act=android.intent.action.PACKAGE_REPLACED dat=package:favdemo.taobao.com.fav_demo flg=0x4000010 (has extras) } to com.miui.audioeffect/com.android.musicfx.Compatibility$Receiver
04-27 15:04:08.170 W/BroadcastQueue( 1693): Background execution not allowed: receiving Intent { act=android.intent.action.PACKAGE_REPLACED dat=package:favdemo.taobao.com.fav_demo flg=0x4000010 (has extras) } to com.xiaomi.gamecenter/.broadcast.receiver.AppReceiver
04-27 15:04:08.170 W/BroadcastQueue( 1693): Background execution not allowed: receiving Intent { act=android.intent.action.PACKAGE_REPLACED dat=package:favdemo.taobao.com.fav_demo flg=0x4000010 (has extras) } to com.xiaomi.gamecenter/.service.GlobalReceiver
04-27 15:04:08.170 W/BroadcastQueue( 1693): Background execution not allowed: receiving Intent { act=android.intent.action.PACKAGE_REPLACED dat=package:favdemo.taobao.com.fav_demo flg=0x4000010 (has extras) } to com.facebook.katana/com.facebook.games.packagecontroller.PackageChangeReceiver
04-27 15:04:08.170 W/BroadcastQueue( 1693): Background execution not allowed: receiving Intent { act=android.intent.action.PACKAGE_REPLACED dat=package:favdemo.taobao.com.fav_demo flg=0x4000010 (has extras) } to com.google.android.gms/.gass.chimera.PackageChangeBroadcastReceiver
04-27 15:04:08.170 W/BroadcastQueue( 1693): Background execution not allowed: receiving Intent { act=android.intent.action.PACKAGE_REPLACED dat=package:favdemo.taobao.com.fav_demo flg=0x4000010 (has extras) } to com.google.android.gms/.chimera.GmsIntentOperationService$PersistentTrustedReceiver
04-27 15:04:08.170 W/BroadcastQueue( 1693): Background execution not allowed: receiving Intent { act=android.intent.action.PACKAGE_REPLACED dat=package:favdemo.taobao.com.fav_demo flg=0x4000010 (has extras) } to com.ss.android.article.news/com.ss.android.downloadlib.core.download.DownloadReceiver
04-27 15:04:08.175 W/BroadcastQueue( 1693): Background execution not allowed: receiving Intent { act=com.miui.action.appcompatibility.update flg=0x10 } to com.xiaomi.gamecenter/.service.AppCompatibilityReceiver
04-27 15:04:08.178 W/Looper  ( 1693): Slow dispatch took 107ms main h=android.app.ActivityThread$H c=android.app.-$$Lambda$LoadedApk$ReceiverDispatcher$Args$_BumDX2UKsnxLVrE6UJsJZkotuA@41090f1 m=0
04-27 15:04:08.179 D/Boost   ( 1693): hostingType=activity, hostingName=favdemo.taobao.com.fav_demo/.MainActivity, callerPackage=null, isSystem=true, isBoostNeeded=false.
04-27 15:04:08.181 I/ActivityManager( 1693): Start proc 9192:favdemo.taobao.com.fav_demo/u0a725 for activity favdemo.taobao.com.fav_demo/.MainActivity caller=null
04-27 15:04:08.217 W/Looper  ( 1693): Slow delivery took 201ms main h=android.app.ActivityThread$H c=android.app.-$$Lambda$LoadedApk$ReceiverDispatcher$Args$_BumDX2UKsnxLVrE6UJsJZkotuA@2d1ea7d m=0
04-27 15:04:08.219 I/Telecom ( 1693): DefaultDialerCache: Refreshing default dialer for user 0: now com.android.contacts: DDC.oR@IZw
04-27 15:04:08.233 W/Looper  ( 1693): Drained
04-27 15:04:08.248 I/set_top_app( 1693): success /proc/9192/task/9192/top_app:1
04-27 15:04:08.251 W/BroadcastQueue( 1693): Background execution not allowed: receiving Intent { act=android.search.action.SEARCHABLES_CHANGED flg=0x24000010 } to com.android.quicksearchbox/.CorporaUpdateReceiver
04-27 15:04:08.252 W/ActivityManager( 1693): Receiver with filter android.content.IntentFilter@ff6da3b already registered for pid 5911, callerPackage is com.xiaomi.joyose
04-27 15:04:08.254 D/AutofillManagerServiceImpl( 1693): Set component for user 0 as AutofillServiceInfo[ServiceInfo{79ec796 com.miui.contentcatcher.autofill.services.MiuiAutofillService}, settings:com.miui.contentcatcher.autofill.activitys.AutofillSettingActivity, hasCompatPckgs:false]
04-27 15:04:08.254 V/UidProcStateHelper( 1693): foreground changed:[9192,10725,true]
04-27 15:04:08.254 D/AutofillUI( 1693): destroySaveUiUiThread(): already destroyed
04-27 15:04:08.254 D/PowerKeeper.Location( 3075): setUidState, uid = 10725 allow = true
04-27 15:04:08.255 W/GeofenceProxy( 1693): Odd, no component found for service com.android.location.service.GeofenceProvider
04-27 15:04:08.255 W/ActivityRecognitionProxy( 1693): Odd, no component found for service com.android.location.service.ActivityRecognitionProvider
04-27 15:04:08.256 W/BroadcastQueue( 1693): Background execution not allowed: receiving Intent { act=android.search.action.SEARCHABLES_CHANGED flg=0x24000010 } to com.android.quicksearchbox/.CorporaUpdateReceiver
04-27 15:04:08.256 V/LocationPolicy( 1693): writePolicyLocked()
04-27 15:04:08.256 I/Timeline( 1693): Timeline: App_transition_ready time:558268889
04-27 15:04:08.803 I/Timeline( 1693): Timeline: App_transition_stopped time:558269436
04-27 15:04:08.999 I/SplashScreenServiceDelegate( 1693): None for com.lbe.security.miui
04-27 15:04:08.999 I/ActivityManager( 1693): START u0 {act=android.content.pm.action.REQUEST_PERMISSIONS pkg=com.lbe.security.miui cmp=com.lbe.security.miui/com.android.packageinstaller.permission.ui.GrantPermissionsActivity (has extras)} from uid 10725
04-27 15:04:09.026 I/set_top_app( 1693): success /proc/9192/task/9278/top_app:2
04-27 15:04:09.033 V/UiModeManager( 1693): switch night mode to 1
04-27 15:04:09.041 I/set_top_app( 1693): success /proc/23149/task/23149/top_app:1
04-27 15:04:09.042 I/set_top_app( 1693): success /proc/23149/task/23201/top_app:2
04-27 15:04:09.043 I/set_top_app( 1693): success /proc/9192/task/9192/top_app:0
04-27 15:04:09.043 I/set_top_app( 1693): success /proc/9192/task/9278/top_app:0
04-27 15:04:09.047 I/Timeline( 1693): Timeline: App_transition_ready time:558269680
04-27 15:04:09.048 V/UidProcStateHelper( 1693): foreground changed:[23149,10003,true]
04-27 15:04:09.050 W/ActivityManager( 1693): Receiver with filter android.content.IntentFilter@efbc07 already registered for pid 5911, callerPackage is com.xiaomi.joyose
04-27 15:04:09.100 V/UiModeManager( 1693): switch night mode to 1
04-27 15:04:09.106 I/set_top_app( 1693): success /proc/23149/task/23149/top_app:0
04-27 15:04:09.106 I/set_top_app( 1693): success /proc/23149/task/23201/top_app:0
04-27 15:04:09.108 I/set_top_app( 1693): success /proc/9192/task/9192/top_app:1
04-27 15:04:09.108 I/set_top_app( 1693): success /proc/9192/task/9278/top_app:2
04-27 15:04:09.109 D/ActivityManagerServiceInjector( 1693): Begin to report package foreground events...
04-27 15:04:09.112 I/Timeline( 1693): Timeline: App_transition_ready time:558269745
04-27 15:04:09.112 I/Timeline( 1693): Timeline: App_transition_stopped time:558269745
04-27 15:04:09.115 W/ActivityManager( 1693): Receiver with filter android.content.IntentFilter@7ba6b5d already registered for pid 5911, callerPackage is com.xiaomi.joyose
04-27 15:04:09.228 V/UiModeManager( 1693): switch night mode to 1
04-27 15:04:09.232 I/Timeline( 1693): Timeline: Activity_windows_visible id: ActivityRecord{244246f u0 favdemo.taobao.com.fav_demo/.MainActivity t5334} time:558269865
04-27 15:04:09.243 I/SplashScreenServiceDelegate( 1693): None for favdemo.taobao.com.fav_demo
04-27 15:04:09.247 I/SplashScreenServiceDelegate( 1693): None for com.lbe.security.miui
04-27 15:04:09.252 V/UidProcStateHelper( 1693): foreground changed:[23149,10003,false]
04-27 15:04:09.252 I/SplashScreenServiceDelegate( 1693): None for favdemo.taobao.com.fav_demo
04-27 15:04:09.274 V/UidProcStateHelper( 1693): foreground changed:[2641,10024,false]
04-27 15:04:09.474 D/AutomaticBrightnessController( 1693): updateAutoBrightness: mScreenAutoBrightness=862, newScreenAutoBrightness=861
04-27 15:04:09.475 D/DisplayPowerController( 1693): Animating brightness: target=861, rate=4932
04-27 15:04:09.475 V/SettingsProvider( 1693): Notifying for 0: content://settings/system/screen_brightness
04-27 15:04:11.787 I/SplashScreenServiceDelegate( 1693): None for com.lbe.security.miui
04-27 15:04:11.787 I/ActivityManager( 1693): START u0 {act=android.content.pm.action.REQUEST_PERMISSIONS pkg=com.lbe.security.miui cmp=com.lbe.security.miui/com.android.packageinstaller.permission.ui.GrantPermissionsActivity (has extras)} from uid 10725
04-27 15:04:11.808 I/set_top_app( 1693): success /proc/23149/task/23149/top_app:1
04-27 15:04:11.808 I/set_top_app( 1693): success /proc/23149/task/23201/top_app:2
04-27 15:04:11.810 I/set_top_app( 1693): success /proc/9192/task/9192/top_app:0
04-27 15:04:11.810 I/set_top_app( 1693): success /proc/9192/task/9278/top_app:0
04-27 15:04:11.816 I/Timeline( 1693): Timeline: App_transition_ready time:558272449
04-27 15:04:11.816 V/UidProcStateHelper( 1693): foreground changed:[23149,10003,true]
04-27 15:04:11.820 W/ActivityManager( 1693): Receiver with filter android.content.IntentFilter@f11e5cd already registered for pid 5911, callerPackage is com.xiaomi.joyose
04-27 15:04:11.851 V/UiModeManager( 1693): switch night mode to 1
04-27 15:04:11.857 I/set_top_app( 1693): success /proc/23149/task/23149/top_app:0
04-27 15:04:11.857 I/set_top_app( 1693): success /proc/23149/task/23201/top_app:0
04-27 15:04:11.858 I/set_top_app( 1693): success /proc/9192/task/9192/top_app:1
04-27 15:04:11.858 I/set_top_app( 1693): success /proc/9192/task/9278/top_app:2
04-27 15:04:11.863 I/Timeline( 1693): Timeline: App_transition_ready time:558272496
04-27 15:04:11.863 I/Timeline( 1693): Timeline: App_transition_stopped time:558272496
04-27 15:04:11.866 W/ActivityManager( 1693): Receiver with filter android.content.IntentFilter@c2aa993 already registered for pid 5911, callerPackage is com.xiaomi.joyose
04-27 15:04:11.869 V/UiModeManager( 1693): switch night mode to 1
04-27 15:04:11.914 I/SplashScreenServiceDelegate( 1693): None for favdemo.taobao.com.fav_demo
04-27 15:04:11.917 I/SplashScreenServiceDelegate( 1693): None for com.lbe.security.miui
04-27 15:04:11.919 V/UidProcStateHelper( 1693): foreground changed:[23149,10003,false]
04-27 15:04:12.674 W/ActivityManager( 1693): Unable to start service Intent { act=action_save_camera_info cmp=com.miui.klo.bugreport/.service.ReceiveCameraInfoService (has extras) } U=0: not found
04-27 15:04:13.392 W/FileUtils( 1693): Slow Operation: fsync took 465ms
04-27 15:04:17.179 I/ActivityManager( 1693): Killing 24183:com.android.settings/1000 (adj 906): empty for 1805s
04-27 15:04:17.218 V/UidProcStateHelper( 1693): process died:[24183,1000]
04-27 15:04:17.220 W/ActivityManager( 1693): setHasOverlayUi called on unknown pid: 24183
04-27 15:04:19.405 D/com.android.server.pm.PackageManagerServiceInjector( 1693): FirstUseActivity packageName = favdemo.taobao.com.fav_demo is compiled using filter = speed-profile, success = true
04-27 15:04:53.671 D/AutomaticBrightnessController( 1693): updateAutoBrightness: mScreenAutoBrightness=861, newScreenAutoBrightness=870
04-27 15:04:53.672 D/DisplayPowerController( 1693): Animating brightness: target=16, rate=4932
04-27 15:04:53.673 V/SettingsProvider( 1693): Notifying for 0: content://settings/system/screen_brightness
04-27 15:04:56.796 E/storaged(  912): getDiskStats failed with result NOT_SUPPORTED and size 0
04-27 15:05:26.109 I/ActivityManager( 1693): Killing 27106:com.xiaomi.simactivate.service/u0a113 (adj 906): empty for 1834s
04-27 15:05:26.144 V/UidProcStateHelper( 1693): process died:[27106,10113]
04-27 15:05:58.118 E/storaged(  912): getDiskStats failed with result NOT_SUPPORTED and size 0
04-27 15:05:59.813 D/AutomaticBrightnessControllerInjector( 1693): AmbientLux=293.46127, mAmbientDarkeningThreshold=73.36532, mAmbientBrighteningThreshold=440.1919, angle_xy2horizon=66.9612
04-27 15:05:59.813 D/AutomaticBrightnessController( 1693): updateAutoBrightness: mScreenAutoBrightness=870, newScreenAutoBrightness=875
04-27 15:05:59.814 V/SettingsProvider( 1693): Notifying for 0: content://settings/system/screen_brightness
04-27 15:06:03.868 W/ActivityManager( 1693): Background start not allowed: service Intent { act=com.google.android.chimera.container.NEW_MODULE_TIMEOUT cat=[targeted_intent_op_prefix:com.google.android.chimera.container.ConfigurationManager$IntentHandler] flg=0x4 cmp=com.google.android.gms/.chimera.GmsIntentOperationService (has extras) } to com.google.android.gms/.chimera.GmsIntentOperationService from pid=-1 uid=10381 pkg=com.google.android.gms startFg?=false
--------- beginning of crash
04-27 15:06:06.185 F/libc    ( 9192): Fatal signal 11 (SIGSEGV), code 1 (SEGV_MAPERR), fault addr 0x0 in tid 9417 (camera_opengl), pid 9192 (ao.com.fav_demo)
04-27 15:06:06.308 F/libc    ( 9192): FORTIFY: pthread_mutex_lock called on a destroyed mutex (0x7587af70c8)
04-27 15:06:06.323 F/DEBUG   (11560): *** *** *** *** *** *** *** *** *** *** *** *** *** *** *** ***
04-27 15:06:06.323 F/DEBUG   (11560): Build fingerprint: 'Xiaomi/sagit/sagit:9/PKQ1.190118.001/9.9.3:user/release-keys'
04-27 15:06:06.323 F/DEBUG   (11560): Revision: '0'
04-27 15:06:06.323 F/DEBUG   (11560): ABI: 'arm64'
04-27 15:06:06.323 F/DEBUG   (11560): pid: 9192, tid: 9417, name: camera_opengl  >>> favdemo.taobao.com.fav_demo <<<
04-27 15:06:06.323 F/DEBUG   (11560): signal 11 (SIGSEGV), code 1 (SEGV_MAPERR), fault addr 0x0
04-27 15:06:06.323 F/DEBUG   (11560): Cause: null pointer dereference
04-27 15:06:06.323 F/DEBUG   (11560):     x0  0000000000000000  x1  00000075ada7b3c0  x2  0000000000000001  x3  0000000000000000
04-27 15:06:06.323 F/DEBUG   (11560):     x4  0000000000000000  x5  00000000ffffffff  x6  00000000ffffffff  x7  000000000579956c
04-27 15:06:06.323 F/DEBUG   (11560):     x8  0000000080000081  x9  69de66e3051a0390  x10 000000759ef3baf0  x11 000000759ef3bae8
04-27 15:06:06.323 F/DEBUG   (11560):     x12 00000000000000b9  x13 0000000000000d00  x14 00000000000000a0  x15 aaaaaaaaaaaaaaab
04-27 15:06:06.323 F/DEBUG   (11560):     x16 000000759ef33868  x17 0000007633016a08  x18 0000000000000008  x19 00000075ada7b3c0
04-27 15:06:06.323 F/DEBUG   (11560):     x20 0000000000000000  x21 0000000000000001  x22 0000000000003144  x23 00000075a6e43440
04-27 15:06:06.323 F/DEBUG   (11560):     x24 0000000000000000  x25 0000000000000002  x26 000000758ef27820  x27 000000758378e588
04-27 15:06:06.323 F/DEBUG   (11560):     x28 0000000000000000  x29 000000758378c750
04-27 15:06:06.323 F/DEBUG   (11560):     sp  000000758378c730  lr  000000759eca91ac  pc  000000759eca64d8
04-27 15:06:06.379 I/WindowManager( 1693): WIN DEATH: Window{6cc0e21 u0 favdemo.taobao.com.fav_demo/favdemo.taobao.com.fav_demo.MainActivity}
04-27 15:06:06.379 I/ActivityManager( 1693): Process favdemo.taobao.com.fav_demo (pid 9192) has died: fore TOP 
04-27 15:06:06.380 W/ActivityManager( 1693): Force removing ActivityRecord{244246f u0 favdemo.taobao.com.fav_demo/.MainActivity t5334}: app died, no saved state
04-27 15:06:06.380 V/UidProcStateHelper( 1693): process died:[9192,10725]
04-27 15:06:06.407 I/set_top_app( 1693): success /proc/2641/task/2641/top_app:1
04-27 15:06:06.408 I/set_top_app( 1693): success /proc/2641/task/3366/top_app:2
04-27 15:06:06.418 I/Timeline( 1693): Timeline: App_transition_ready time:558387051
04-27 15:06:06.422 W/ActivityManager( 1693): Receiver with filter android.content.IntentFilter@cca8c32 already registered for pid 5911, callerPackage is com.xiaomi.joyose
04-27 15:06:06.422 V/UidProcStateHelper( 1693): foreground changed:[2641,10024,true]
04-27 15:06:06.423 W/ActivityManager( 1693): setHasOverlayUi called on unknown pid: 9192
04-27 15:06:06.427 W/WallpaperManagerService( 1693): Cannot extract colors because wallpaper could not be read.
04-27 15:06:06.428 W/WallpaperManagerService( 1693): Cannot get theme colors because WallpaperColors is null.
04-27 15:06:06.428 V/UiModeManager( 1693): switch night mode to 1
04-27 15:06:06.432 D/PowerKeeper.Sensor( 3075): setUidState, uid = 10725 allow = false
04-27 15:06:06.433 D/PowerKeeper.AppStandby( 3075): setUidState, uid = 10725 allow = false
04-27 15:06:06.434 I/Timeline( 1693): Timeline: App_transition_ready time:558387067
04-27 15:06:06.438 I/Timeline( 1693): Timeline: App_transition_ready time:558387071
04-27 15:06:06.439 D/PowerKeeper.Sensor( 3075): setUidState, uid = 10725 allow = true
04-27 15:06:06.441 D/PowerKeeper.AppStandby( 3075): setUidState, uid = 10725 allow = true
04-27 15:06:06.481 I/SplashScreenServiceDelegate( 1693): None for com.miui.home
04-27 15:06:06.484 I/Timeline( 1693): Timeline: App_transition_ready time:558387117
04-27 15:06:06.512 W/ProcessCpuTracker( 1693): Skipping unknown process pid 9509
04-27 15:06:06.621 I/Timeline( 1693): Timeline: Activity_windows_visible id: ActivityRecord{8c8bb33 u0 com.miui.home/.launcher.Launcher t1} time:558387254
04-27 15:06:06.622 I/Timeline( 1693): Timeline: App_transition_stopped time:558387255
04-27 15:06:35.450 I/ActivityManager( 1693): Force stopping favdemo.taobao.com.fav_demo appid=10725 user=0: from process:13386
04-27 15:06:35.451 I/AutoStartManagerService( 1693): MIUILOG- Reject RestartService packageName :favdemo.taobao.com.fav_demo uid : 10725
04-27 15:06:35.718 I/InstallationStatistic( 1693): beginInstallSession: 1453336738
04-27 15:06:38.197 D/AutomaticBrightnessController( 1693): updateAutoBrightness: mScreenAutoBrightness=875, newScreenAutoBrightness=871
04-27 15:06:38.198 D/DisplayPowerController( 1693): Animating brightness: target=871, rate=4932
04-27 15:06:38.206 V/SettingsProvider( 1693): Notifying for 0: content://settings/system/screen_brightness
04-27 15:06:38.457 I/ActivityManager( 1693): Force stopping favdemo.taobao.com.fav_demo appid=10725 user=-1: installPackageLI
04-27 15:06:38.593 I/PackageManager( 1693): Update package favdemo.taobao.com.fav_demo code path from /data/app/favdemo.taobao.com.fav_demo-N-SmQJZMaVyLALWOPL4neg== to /data/app/favdemo.taobao.com.fav_demo-u4-KNdpB-t2crk-D7GZEXA==; Retain data and using new
04-27 15:06:38.593 I/PackageManager( 1693): Update package favdemo.taobao.com.fav_demo resource path from /data/app/favdemo.taobao.com.fav_demo-N-SmQJZMaVyLALWOPL4neg== to /data/app/favdemo.taobao.com.fav_demo-u4-KNdpB-t2crk-D7GZEXA==; Retain data and using new
04-27 15:06:38.711 D/PackageManager( 1693): Instant App installer not found with android.intent.action.INSTALL_INSTANT_APP_PACKAGE
04-27 15:06:38.711 D/PackageManager( 1693): Clear ephemeral installer activity
04-27 15:06:38.712 I/InstallationStatistic( 1693): favdemo.taobao.com.fav_demo|null|2994|2078|83|1|0|0
04-27 15:06:38.955 I/ActivityManager( 1693): Force stopping favdemo.taobao.com.fav_demo appid=10725 user=0: pkg removed
04-27 15:06:38.955 I/AutoStartManagerService( 1693): MIUILOG- Reject RestartService packageName :favdemo.taobao.com.fav_demo uid : 10725
04-27 15:06:38.972 W/BroadcastQueue( 1693): Background execution not allowed: receiving Intent { act=android.intent.action.PACKAGE_REMOVED dat=package:favdemo.taobao.com.fav_demo flg=0x4000010 (has extras) } to com.lbe.security.miui/com.lbe.security.service.BootReceiver
04-27 15:06:38.972 W/BroadcastQueue( 1693): Background execution not allowed: receiving Intent { act=android.intent.action.PACKAGE_REMOVED dat=package:favdemo.taobao.com.fav_demo flg=0x4000010 (has extras) } to com.android.providers.downloads/.receiver.ApplicationInstallReceiver
04-27 15:06:38.973 W/BroadcastQueue( 1693): Background execution not allowed: receiving Intent { act=android.intent.action.PACKAGE_REMOVED dat=package:favdemo.taobao.com.fav_demo flg=0x4000010 (has extras) } to com.android.settings/.search.provider.UpdateReceiver
04-27 15:06:38.973 W/BroadcastQueue( 1693): Background execution not allowed: receiving Intent { act=android.intent.action.PACKAGE_REMOVED dat=package:favdemo.taobao.com.fav_demo flg=0x4000010 (has extras) } to com.miui.audioeffect/com.android.musicfx.Compatibility$Receiver
04-27 15:06:38.973 V/LocationPolicy( 1693): ACTION_PACKAGE_ADDED for uid=10725
04-27 15:06:38.987 W/BroadcastQueue( 1693): Background execution not allowed: receiving Intent { act=android.intent.action.PACKAGE_REMOVED dat=package:favdemo.taobao.com.fav_demo flg=0x4000010 (has extras) } to com.xiaomi.gamecenter/.broadcast.receiver.AppReceiver
04-27 15:06:38.987 W/BroadcastQueue( 1693): Background execution not allowed: receiving Intent { act=android.intent.action.PACKAGE_REMOVED dat=package:favdemo.taobao.com.fav_demo flg=0x4000010 (has extras) } to com.xiaomi.gamecenter/.service.GlobalReceiver
04-27 15:06:38.997 W/BroadcastQueue( 1693): Background execution not allowed: receiving Intent { act=android.intent.action.PACKAGE_REMOVED dat=package:favdemo.taobao.com.fav_demo flg=0x4000010 (has extras) } to com.xiaomi.market/.data.MyPackageMonitor
04-27 15:06:38.997 W/BroadcastQueue( 1693): Background execution not allowed: receiving Intent { act=android.intent.action.PACKAGE_REMOVED dat=package:favdemo.taobao.com.fav_demo flg=0x4000010 (has extras) } to com.xiaomi.misettings/.usagestats.AppTimerReceiver
04-27 15:06:38.999 W/BroadcastQueue( 1693): Background execution not allowed: receiving Intent { act=android.intent.action.PACKAGE_REMOVED dat=package:favdemo.taobao.com.fav_demo flg=0x4000010 (has extras) } to com.xiaomi.providers.appindex/.PackageChangeReceiver
04-27 15:06:38.999 W/BroadcastQueue( 1693): Background execution not allowed: receiving Intent { act=android.intent.action.PACKAGE_REMOVED dat=package:favdemo.taobao.com.fav_demo flg=0x4000010 (has extras) } to com.xiaomi.xmsf/.pushcontrol.PkgUninstallReceiver
04-27 15:06:38.999 W/BroadcastQueue( 1693): Background execution not allowed: receiving Intent { act=android.intent.action.PACKAGE_REMOVED dat=package:favdemo.taobao.com.fav_demo flg=0x4000010 (has extras) } to com.xiaomi.xmsf/com.xiaomi.push.service.receivers.PkgUninstallReceiver
04-27 15:06:39.013 W/BroadcastQueue( 1693): Background execution not allowed: receiving Intent { act=android.intent.action.PACKAGE_REMOVED dat=package:favdemo.taobao.com.fav_demo flg=0x4000010 (has extras) } to com.alibaba.wireless/com.taobao.accs.EventReceiver
04-27 15:06:39.022 W/BroadcastQueue( 1693): Background execution not allowed: receiving Intent { act=android.intent.action.PACKAGE_REMOVED dat=package:favdemo.taobao.com.fav_demo flg=0x4000010 (has extras) } to com.alibaba.wireless/com.huawei.android.pushagent.PushEventReceiver
04-27 15:06:39.022 W/BroadcastQueue( 1693): Background execution not allowed: receiving Intent { act=android.intent.action.PACKAGE_REMOVED dat=package:favdemo.taobao.com.fav_demo flg=0x4000010 (has extras) } to com.alibaba.wireless/com.taobao.agoo.AgooCommondReceiver
04-27 15:06:39.061 W/TextServicesManagerService( 1693): no available spell checker services found
04-27 15:06:39.064 I/SplashScreenServiceDelegate( 1693): None for favdemo.taobao.com.fav_demo
04-27 15:06:39.064 I/ActivityManager( 1693): START u0 {act=android.intent.action.RUN flg=0x30000000 cmp=favdemo.taobao.com.fav_demo/.MainActivity (has extras)} from uid 0
04-27 15:06:39.128 W/BroadcastQueue( 1693): Background execution not allowed: receiving Intent { act=android.intent.action.PACKAGE_REMOVED dat=package:favdemo.taobao.com.fav_demo flg=0x4000010 (has extras) } to com.android.vending/com.google.android.finsky.packagemanager.impl.PackageMonitorReceiverImpl$RegisteredReceiver
04-27 15:06:39.132 I/set_top_app( 1693): success /proc/2641/task/2641/top_app:0
04-27 15:06:39.132 I/set_top_app( 1693): success /proc/2641/task/3366/top_app:0
04-27 15:06:39.134 W/BroadcastQueue( 1693): Background execution not allowed: receiving Intent { act=android.intent.action.PACKAGE_REMOVED dat=package:favdemo.taobao.com.fav_demo flg=0x4000010 (has extras) } to com.android.vending/com.google.android.finsky.instantapps.appmanagement.InstantAppRemoveMonitor
04-27 15:06:39.134 W/BroadcastQueue( 1693): Background execution not allowed: receiving Intent { act=android.intent.action.PACKAGE_REMOVED dat=package:favdemo.taobao.com.fav_demo flg=0x4000010 (has extras) } to com.facebook.katana/com.facebook.feed.platformads.AppInstallReceiver
04-27 15:06:39.134 W/BroadcastQueue( 1693): Background execution not allowed: receiving Intent { act=android.intent.action.PACKAGE_REMOVED dat=package:favdemo.taobao.com.fav_demo flg=0x4000010 (has extras) } to com.facebook.katana/com.facebook.games.packagecontroller.PackageChangeReceiver
04-27 15:06:39.134 W/BroadcastQueue( 1693): Background execution not allowed: receiving Intent { act=android.intent.action.PACKAGE_REMOVED dat=package:favdemo.taobao.com.fav_demo flg=0x4000010 (has extras) } to com.google.android.gms/.games.chimera.GamesSystemBroadcastReceiverProxy
04-27 15:06:39.134 W/BroadcastQueue( 1693): Background execution not allowed: receiving Intent { act=android.intent.action.PACKAGE_REMOVED dat=package:favdemo.taobao.com.fav_demo flg=0x4000010 (has extras) } to com.google.android.gms/.chimera.GmsIntentOperationService$PersistentTrustedReceiver
04-27 15:06:39.134 W/BroadcastQueue( 1693): Background execution not allowed: receiving Intent { act=android.intent.action.PACKAGE_REMOVED dat=package:favdemo.taobao.com.fav_demo flg=0x4000010 (has extras) } to com.ss.android.article.news/com.huawei.android.pushagent.PushEventReceiver
04-27 15:06:39.134 W/BroadcastQueue( 1693): Background execution not allowed: receiving Intent { act=android.intent.action.PACKAGE_REMOVED dat=package:favdemo.taobao.com.fav_demo flg=0x4000010 (has extras) } to com.ss.android.article.news/com.taobao.accs.EventReceiver
04-27 15:06:39.134 W/BroadcastQueue( 1693): Background execution not allowed: receiving Intent { act=android.intent.action.PACKAGE_REMOVED dat=package:favdemo.taobao.com.fav_demo flg=0x4000010 (has extras) } to com.ss.android.article.news/com.taobao.agoo.AgooCommondReceiver
04-27 15:06:39.135 W/BroadcastQueue( 1693): Background execution not allowed: receiving Intent { act=android.intent.action.PACKAGE_REMOVED dat=package:favdemo.taobao.com.fav_demo flg=0x4000010 (has extras) } to com.ss.android.article.news/com.ss.android.message.MessageReceiver
04-27 15:06:39.135 W/BroadcastQueue( 1693): Background execution not allowed: receiving Intent { act=android.intent.action.PACKAGE_REMOVED dat=package:favdemo.taobao.com.fav_demo flg=0x4000010 (has extras) } to com.ss.android.article.news/com.baidu.android.pushservice.RegistrationReceiver
04-27 15:06:39.135 W/BroadcastQueue( 1693): Background execution not allowed: receiving Intent { act=android.intent.action.PACKAGE_REMOVED dat=package:favdemo.taobao.com.fav_demo flg=0x4000010 (has extras) } to com.ss.android.article.news/com.ss.android.message.bangtui.PackageUninstallReceiver
04-27 15:06:39.135 W/BroadcastQueue( 1693): Background execution not allowed: receiving Intent { act=android.intent.action.PACKAGE_REMOVED dat=package:favdemo.taobao.com.fav_demo flg=0x4000010 (has extras) } to com.taobao.idlefish.debug/com.taobao.accs.EventReceiver
04-27 15:06:39.135 W/BroadcastQueue( 1693): Background execution not allowed: receiving Intent { act=android.intent.action.PACKAGE_REMOVED dat=package:favdemo.taobao.com.fav_demo flg=0x4000010 (has extras) } to com.taobao.idlefish.debug/com.taobao.agoo.AgooCommondReceiver
04-27 15:06:39.135 W/BroadcastQueue( 1693): Background execution not allowed: receiving Intent { act=android.intent.action.PACKAGE_REMOVED dat=package:favdemo.taobao.com.fav_demo flg=0x4000010 (has extras) } to video.vue.android/cn.jpush.android.service.PushReceiver
04-27 15:06:39.135 W/BroadcastQueue( 1693): Background execution not allowed: receiving Intent { act=android.intent.action.PACKAGE_ADDED dat=package:favdemo.taobao.com.fav_demo flg=0x4000010 (has extras) } to com.lbe.security.miui/com.lbe.security.service.BootReceiver
04-27 15:06:39.135 W/BroadcastQueue( 1693): Background execution not allowed: receiving Intent { act=android.intent.action.PACKAGE_ADDED dat=package:favdemo.taobao.com.fav_demo flg=0x4000010 (has extras) } to com.android.providers.downloads/.receiver.ApplicationInstallReceiver
04-27 15:06:39.135 W/BroadcastQueue( 1693): Background execution not allowed: receiving Intent { act=android.intent.action.PACKAGE_ADDED dat=package:favdemo.taobao.com.fav_demo flg=0x4000010 (has extras) } to com.android.settings/.search.provider.UpdateReceiver
04-27 15:06:39.135 W/BroadcastQueue( 1693): Background execution not allowed: receiving Intent { act=android.intent.action.PACKAGE_ADDED dat=package:favdemo.taobao.com.fav_demo flg=0x4000010 (has extras) } to com.miui.audioeffect/com.android.musicfx.Compatibility$Receiver
04-27 15:06:39.135 W/BroadcastQueue( 1693): Background execution not allowed: receiving Intent { act=android.intent.action.PACKAGE_ADDED dat=package:favdemo.taobao.com.fav_demo flg=0x4000010 (has extras) } to com.xiaomi.gamecenter/.broadcast.receiver.AppReceiver
04-27 15:06:39.135 W/BroadcastQueue( 1693): Background execution not allowed: receiving Intent { act=android.intent.action.PACKAGE_ADDED dat=package:favdemo.taobao.com.fav_demo flg=0x4000010 (has extras) } to com.xiaomi.gamecenter/.service.GlobalReceiver
04-27 15:06:39.135 W/BroadcastQueue( 1693): Background execution not allowed: receiving Intent { act=android.intent.action.PACKAGE_ADDED dat=package:favdemo.taobao.com.fav_demo flg=0x4000010 (has extras) } to com.xiaomi.market/.data.MyPackageMonitor
04-27 15:06:39.135 W/BroadcastQueue( 1693): Background execution not allowed: receiving Intent { act=android.intent.action.PACKAGE_ADDED dat=package:favdemo.taobao.com.fav_demo flg=0x4000010 (has extras) } to com.xiaomi.misettings/.usagestats.AppTimerReceiver
04-27 15:06:39.135 W/BroadcastQueue( 1693): Background execution not allowed: receiving Intent { act=android.intent.action.PACKAGE_ADDED dat=package:favdemo.taobao.com.fav_demo flg=0x4000010 (has extras) } to com.xiaomi.providers.appindex/.PackageChangeReceiver
04-27 15:06:39.136 W/BroadcastQueue( 1693): Background execution not allowed: receiving Intent { act=android.intent.action.PACKAGE_ADDED dat=package:favdemo.taobao.com.fav_demo flg=0x4000010 (has extras) } to com.alibaba.wireless/com.huawei.android.pushagent.PushEventReceiver
04-27 15:06:39.136 W/BroadcastQueue( 1693): Background execution not allowed: receiving Intent { act=android.intent.action.PACKAGE_ADDED dat=package:favdemo.taobao.com.fav_demo flg=0x4000010 (has extras) } to com.android.vending/com.google.android.finsky.packagemanager.impl.PackageMonitorReceiverImpl$RegisteredReceiver
04-27 15:06:39.136 W/BroadcastQueue( 1693): Background execution not allowed: receiving Intent { act=android.intent.action.PACKAGE_ADDED dat=package:favdemo.taobao.com.fav_demo flg=0x4000010 (has extras) } to com.facebook.katana/com.facebook.feed.platformads.AppInstallReceiver
04-27 15:06:39.136 W/BroadcastQueue( 1693): Background execution not allowed: receiving Intent { act=android.intent.action.PACKAGE_ADDED dat=package:favdemo.taobao.com.fav_demo flg=0x4000010 (has extras) } to com.facebook.katana/com.facebook.games.packagecontroller.PackageChangeReceiver
04-27 15:06:39.136 W/BroadcastQueue( 1693): Background execution not allowed: receiving Intent { act=android.intent.action.PACKAGE_ADDED dat=package:favdemo.taobao.com.fav_demo flg=0x4000010 (has extras) } to com.google.android.gms/.games.chimera.GamesSystemBroadcastReceiverProxy
04-27 15:06:39.136 W/BroadcastQueue( 1693): Background execution not allowed: receiving Intent { act=android.intent.action.PACKAGE_ADDED dat=package:favdemo.taobao.com.fav_demo flg=0x4000010 (has extras) } to com.google.android.gms/.gass.chimera.PackageChangeBroadcastReceiver
04-27 15:06:39.136 W/BroadcastQueue( 1693): Background execution not allowed: receiving Intent { act=android.intent.action.PACKAGE_ADDED dat=package:favdemo.taobao.com.fav_demo flg=0x4000010 (has extras) } to com.google.android.gms/.chimera.GmsIntentOperationService$PersistentTrustedReceiver
04-27 15:06:39.136 W/BroadcastQueue( 1693): Background execution not allowed: receiving Intent { act=android.intent.action.PACKAGE_ADDED dat=package:favdemo.taobao.com.fav_demo flg=0x4000010 (has extras) } to com.ss.android.article.news/com.ss.android.newmedia.sec.HotsoonReceiverWrap
04-27 15:06:39.136 W/BroadcastQueue( 1693): Background execution not allowed: receiving Intent { act=android.intent.action.PACKAGE_ADDED dat=package:favdemo.taobao.com.fav_demo flg=0x4000010 (has extras) } to com.ss.android.article.news/com.ss.android.downloadlib.core.download.DownloadReceiver
04-27 15:06:39.136 W/BroadcastQueue( 1693): Background execution not allowed: receiving Intent { act=android.intent.action.PACKAGE_ADDED dat=package:favdemo.taobao.com.fav_demo flg=0x4000010 (has extras) } to com.ss.android.article.news/com.huawei.android.pushagent.PushEventReceiver
04-27 15:06:39.136 W/BroadcastQueue( 1693): Background execution not allowed: receiving Intent { act=android.intent.action.PACKAGE_ADDED dat=package:favdemo.taobao.com.fav_demo flg=0x4000010 (has extras) } to com.ss.android.article.news/com.ss.android.message.MessageReceiver
04-27 15:06:39.136 W/BroadcastQueue( 1693): Background execution not allowed: receiving Intent { act=android.intent.action.PACKAGE_ADDED dat=package:favdemo.taobao.com.fav_demo flg=0x4000010 (has extras) } to video.vue.android/cn.jpush.android.service.PushReceiver
04-27 15:06:39.144 W/BroadcastQueue( 1693): Background execution not allowed: receiving Intent { act=android.intent.action.PACKAGE_REPLACED dat=package:favdemo.taobao.com.fav_demo flg=0x4000010 (has extras) } to com.miui.audioeffect/com.android.musicfx.Compatibility$Receiver
04-27 15:06:39.144 D/Boost   ( 1693): hostingType=activity, hostingName=favdemo.taobao.com.fav_demo/.MainActivity, callerPackage=null, isSystem=true, isBoostNeeded=false.
